_off^_usr, _off^_usr, _off^_usr, _off^_usr, _off^_usr, _off^_usr, _off^_usr, _off^_usr, _off^_usr, _off^_usr, _off^_usr, _off^_usr, _off^_usr, _off^_usr, _off^_usr, _off^_usr, _off^_usr, _off^_usr, _off^_usr, _off^_usr, _off^_usr, _off^_usr, _off^_usr, _off^_usr, _off^_usr, _off^_usr, _off^_usr, _off^_usr, _off^_usr, _off^_usr, _off^_usr, _off^_usr, _off^_usr, _off^_usr, _off^_usr, _off^_usr, _off^_usr, _off^_usr, _off^_usr, _off^_usr, _off^_usr, _off^_usr, _off^_usr, _off^_usr, _off^_usr, _off^_usr, _off^_usr, _off^_usr, _off^_usr, _off^_usr, _off^_usr, _off^_usr, _off^_usr, _off^_usr, _off^_usr, _off^_usr, _off^_usr, _off^_usr, _off^_usr
_off^_usr, _off^_usr, _off^_usr, _off^_usr, _off^_usr, _off^_usr, _off^_usr, _off^_usr, _off^_usr, _off^_usr, _off^_usr, _off^_usr, _off^_usr, _off^_usr, _off^_usr, _off^_usr, _off^_usr, _off^_usr, _off^_usr, _off^_usr, _off^_usr, _off^_usr, _off^_usr, _off^_usr, _off^_usr, _off^_usr, _off^_usr, _off^_usr, _off^_usr, _off^_usr, _off^_usr, _off^_usr, _off^_usr, _off^_usr, _off^_usr, _off^_usr, _off^_usr, _off^_usr, _off^_usr, _off^_usr, _off^_usr, _off^_usr, _off^_usr, _off^_usr, _off^_usr, _off^_usr, _off^_usr, _off^_usr, _off^_usr, _off^_usr, _off^_usr, _off^_usr, _off^_usr, _off^_usr, _off^_usr, _off^_usr, _off^_usr, _off^_usr, _off^_usr
_off^_usr, _off^_usr, _off^_usr, _off^_usr, _off^_usr, _off^_usr, _off^_usr, _off^_usr, _off^_usr, _off^_usr, _off^_usr, _off^_usr, _off^_usr, _off^_usr, _off^_usr, _off^_usr, _off^_usr, _off^_usr, _off^_usr, _off^_usr, _off^_usr, _off^_usr, _off^_usr, _off^_usr, _off^_usr, _off^_usr, _off^_usr, _off^_usr, _off^_usr, _off^_usr, _off^_usr, _off^_usr, _off^_usr, _off^_usr, _off^_usr, _off^_usr, _off^_usr, _off^_usr, _off^_usr, _off^_usr, _off^_usr, _off^_usr, _off^_usr, _off^_usr, _off^_usr, _off^_usr, _off^_usr, _off^_usr, _off^_usr, _off^_usr, _off^_usr, _off^_usr, _off^_usr, _off^_usr, _off^_usr, _off^_usr, _off^_usr, _off^_usr, _off^_usr
_off^_usr, _off^_usr, _off^_usr, _off^_usr, _off^_usr, _off^_usr, _off^_usr, _off^_usr, _off^_usr, _off^_usr, _off^_usr, _off^_usr, _off^_usr, _off^_usr, _off^_usr, _off^_usr, _off^_usr, _off^_usr, _off^_usr, _off^_usr, _off^_usr, _off^_usr, _off^_usr, _off^_usr, _off^_usr, _off^_usr, _off^_usr, _off^_usr, _off^_usr, _off^_usr, _off^_usr, _off^_usr, _off^_usr, _off^_usr, _off^_usr, _off^_usr, _off^_usr, _off^_usr, _off^_usr, _off^_usr, _off^_usr, _off^_usr, _off^_usr, _off^_usr, _off^_usr, _off^_usr, _off^_usr, _off^_usr, _off^_usr, _off^_usr, _off^_usr, _off^_usr, _off^_usr, _off^_usr, _off^_usr, _off^_usr, _off^_usr, _off^_usr, _off^_usr
_off^_usr, _off^_usr, _off^_usr, _off^_usr, _off^_usr, _off^_usr, _off^_usr, _off^_usr, _off^_usr, _off^_usr, _off^_usr, _off^_usr, _off^_usr, _off^_usr, _off^_usr, _off^_usr, _off^_usr, _off^_usr, _off^_usr, _off^_usr, _off^_usr, _off^_usr, _off^_usr, _off^_usr, _off^_usr, _off^_usr, _off^_usr, _off^_usr, _off^_usr, _off^_usr, _off^_usr, _off^_usr, _off^_usr, _off^_usr, _off^_usr, _off^_usr, _off^_usr, _off^_usr, _off^_usr, _off^_usr, _off^_usr, _off^_usr, _off^_usr, _off^_usr, _off^_usr, _off^_usr, _off^_usr, _off^_usr, _off^_usr, _off^_usr, _off^_usr, _off^_usr, _off^_usr, _off^_usr, _off^_usr, _off^_usr, _off^_usr, _off^_usr, _off^_usr
_off^_usr, _off^_usr, _off^_usr, _off^_usr, _off^_usr, _off^_usr, _off^_usr, _off^_usr, _off^_usr, _off^_usr, _off^_usr, _off^_usr, _off^_usr, _off^_usr, _off^_usr, _off^_usr, _off^_usr, _off^_usr, _off^_usr, _off^_usr, _off^_usr, _off^_usr, _off^_usr, _off^_usr, _off^_usr, _off^_usr, _off^_usr, _off^_usr, _off^_usr, _off^_usr, _off^_usr, _off^_usr, _off^_usr, _off^_usr, _off^_usr, _off^_usr, _off^_usr, _off^_usr, _off^_usr, _off^_usr, _off^_usr, _off^_usr, _off^_usr, _off^_usr, _off^_usr, _off^_usr, _off^_usr, _off^_usr, _off^_usr, _off^_usr, _off^_usr, _off^_usr, _off^_usr, _off^_usr, _off^_usr, _off^_usr, _off^_usr, _off^_usr, _off^_usr
_off^_usr, _off^_usr, _off^_usr, _off^_usr, _off^_usr, _off^_usr, _off^_usr, _off^_usr, _off^_usr, _off^_usr, _off^_usr, _off^_usr, _off^_usr, _off^_usr, _off^_usr, _off^_usr, _off^_usr, _off^_usr, _off^_usr, _off^_usr, _off^_usr, _off^_usr, _off^_usr, _off^_usr, _off^_usr, _off^_usr, _off^_usr, _off^_usr, _off^_usr, _off^_usr, _off^_usr, _off^_usr, _off^_usr, _off^_usr, _off^_usr, _off^_usr, _off^_usr, _off^_usr, _off^_usr, _off^_usr, _off^_usr, _off^_usr, _off^_usr, _off^_usr, _off^_usr, _off^_usr, _off^_usr, _off^_usr, _off^_usr, _off^_usr, _off^_usr, _off^_usr, _off^_usr, _off^_usr, _off^_usr, _off^_usr, _off^_usr, _off^_usr, _off^_usr
_off^_usr, _off^_usr, _off^_usr, _off^_usr, _off^_usr, _off^_usr, _off^_usr, _off^_usr, _off^_usr, _off^_usr, _off^_usr, _off^_usr, _off^_usr, _off^_usr, _off^_usr, _off^_usr, _off^_usr, _off^_usr, _off^_usr, _off^_usr, _off^_usr, _off^_usr, _off^_usr, _off^_usr, _off^_usr, _off^_usr, _off^_usr, _off^_usr, _off^_usr, _off^_usr, _off^_usr, _off^_usr, _off^_usr, _off^_usr, _off^_usr, _off^_usr, _off^_usr, _off^_usr, _off^_usr, _off^_usr, _off^_usr, _off^_usr, _off^_usr, _off^_usr, _off^_usr, _off^_usr, _off^_usr, _off^_usr, _off^_usr, _off^_usr, _off^_usr, _off^_usr, _off^_usr, _off^_usr, _off^_usr, _off^_usr, _off^_usr, _off^_usr, _off^_usr
_off^_usr, _off^_usr, _off^_usr, _off^_usr, _off^_usr, _off^_usr, _off^_usr, _off^_usr, _off^_usr, _off^_usr, _off^_usr, _off^_usr, _off^_usr, _off^_usr, _off^_usr, _off^_usr, _off^_usr, _off^_usr, _off^_usr, _off^_usr, _off^_usr, _off^_usr, _off^_usr, _off^_usr, _off^_usr, _off^_usr, _off^_usr, _off^_usr, _off^_usr, _off^_usr, _off^_usr, _off^_usr, _off^_usr, _off^_usr, _off^_usr, _off^_usr, _off^_usr, _off^_usr, _off^_usr, _off^_usr, _off^_usr, _off^_usr, _off^_usr, _off^_usr, _off^_usr, _off^_usr, _off^_usr, _off^_usr, _off^_usr, _off^_usr, _off^_usr, _off^_usr, _off^_usr, _off^_usr, _off^_usr, _off^_usr, _off^_usr, _off^_usr, _off^_usr
_off^_usr, _off^_usr, _off^_usr, _off^_usr, _off^_usr, _off^_usr, _off^_usr, _off^_usr, _off^_usr, _off^_usr, _off^_usr, _off^_usr, _off^_usr, _off^_usr, _off^_usr, _off^_usr, _off^_usr, _off^_usr, _off^_usr, _off^_usr, _off^_usr, _off^_usr, _off^_usr, _off^_usr, _off^_usr, _off^_usr, _off^_usr, _off^_usr, Wwg, Mv, Wwg, _off^_usr, _off^_usr, _off^_usr, _off^_usr, _off^_usr, _off^_usr, _off^_usr, _off^_usr, _off^_usr, _off^_usr, _off^_usr, _off^_usr, _off^_usr, _off^_usr, _off^_usr, _off^_usr, _off^_usr, _off^_usr, _off^_usr, _off^_usr, _off^_usr, _off^_usr, _off^_usr, _off^_usr, _off^_usr, _off^_usr, _off^_usr, _off^_usr
_off^_usr, _off^_usr, _off^_usr, _off^_usr, _off^_usr, _off^_usr, _off^_usr, _off^_usr, _off^_usr, _off^_usr, _off^_usr, _off^_usr, _off^_usr, _off^_usr, _off^_usr, _off^_usr, _off^_usr, _off^_usr, _off^_usr, _off^_usr, _off^_usr, _off^_usr, _off^_usr, _off^_usr, _off^_usr, _off^_usr, Wwg, Wwg, Wwg, Wwg, Wwg, Wwg, Wwg, _off^_usr, _off^_usr, _off^_usr, _off^_usr, _off^_usr, _off^_usr, _off^_usr, _off^_usr, _off^_usr, _off^_usr, _off^_usr, _off^_usr, _off^_usr, _off^_usr, _off^_usr, _off^_usr, _off^_usr, _off^_usr, _off^_usr, _off^_usr, _off^_usr, _off^_usr, _off^_usr, _off^_usr, _off^_usr, _off^_usr
_off^_usr, _off^_usr, _off^_usr, _off^_usr, _off^_usr, _off^_usr, _off^_usr, _off^_usr, _off^_usr, _off^_usr, _off^_usr, _off^_usr, _off^_usr, _off^_usr, _off^_usr, _off^_usr, _off^_usr, _off^_usr, _off^_usr, _off^_usr, _off^_usr, _off^_usr, _off^_usr, _off^_usr, Wwg, Mv, Wwg, Wwg, Wwf, Wwf, Wwf, Wwg, Wwg, Mv, Wwg, _off^_usr, _off^_usr, _off^_usr, _off^_usr, _off^_usr, _off^_usr, _off^_usr, _off^_usr, _off^_usr, _off^_usr, _off^_usr, _off^_usr, _off^_usr, _off^_usr, _off^_usr, _off^_usr, _off^_usr, _off^_usr, _off^_usr, _off^_usr, _off^_usr, _off^_usr, _off^_usr, _off^_usr
_off^_usr, _off^_usr, _off^_usr, _off^_usr, _off^_usr, _off^_usr, _off^_usr, _off^_usr, _off^_usr, _off^_usr, _off^_usr, _off^_usr, _off^_usr, _off^_usr, _off^_usr, _off^_usr, _off^_usr, _off^_usr, _off^_usr, _off^_usr, _off^_usr, _off^_usr, Wwg, Wwg, Wwg, Wwg, Wwf, Wwrg, Wwf, Km, Wwf, Wwrg, Wwf, Wwg, Wwg, Wwg, Wwg, _off^_usr, _off^_usr, _off^_usr, _off^_usr, _off^_usr, _off^_usr, _off^_usr, _off^_usr, _off^_usr, _off^_usr, _off^_usr, _off^_usr, _off^_usr, _off^_usr, _off^_usr, _off^_usr, _off^_usr, _off^_usr, _off^_usr, _off^_usr, _off^_usr, _off^_usr
_off^_usr, _off^_usr, _off^_usr, _off^_usr, _off^_usr, _off^_usr, _off^_usr, _off^_usr, _off^_usr, _off^_usr, _off^_usr, _off^_usr, _off^_usr, _off^_usr, _off^_usr, _off^_usr, _off^_usr, _off^_usr, _off^_usr, _off^_usr, Wwg, Wwg, Wwg, Wwg, Wwf, Wwf, Cm, Wwf, Wwf, Cm, Wwf, Wwf, Cm, Wwf, Wwf, Wwg, Wwg, Wwg, Wwg, _off^_usr, _off^_usr, _off^_usr, _off^_usr, _off^_usr, _off^_usr, _off^_usr, _off^_usr, _off^_usr, _off^_usr, _off^_usr, _off^_usr, _off^_usr, _off^_usr, _off^_usr, _off^_usr, _off^_usr, _off^_usr, _off^_usr, _off^_usr
_off^_usr, _off^_usr, _off^_usr, _off^_usr, _off^_usr, _off^_usr, _off^_usr, _off^_usr, _off^_usr, _off^_usr, _off^_usr, _off^_usr, _off^_usr, _off^_usr, _off^_usr, _off^_usr, _off^_usr, _off^_usr, Wwg, Wwg, Wwg, Wwg, Kme, Wwf, Wwrg, Wwrg, Wwf, Wwf, Wwrg, Wwrg, Wwrg, Wwf, Wwf, Wwrg, Wwrg, Wwf, Kme, Wwg, Wwg, Wwg, Wwg, _off^_usr, _off^_usr, _off^_usr, _off^_usr, _off^_usr, _off^_usr, _off^_usr, _off^_usr, _off^_usr, _off^_usr, _off^_usr, _off^_usr, _off^_usr, _off^_usr, _off^_usr, _off^_usr, _off^_usr, _off^_usr
_off^_usr, _off^_usr, _off^_usr, _off^_usr, _off^_usr, _off^_usr, _off^_usr, _off^_usr, _off^_usr, _off^_usr, Wwg, Wwg, Wwg, Wwg, Wwg, Wwg, Wwg, Wwg, Wwg, Wwg, Wwg, Cme, Cme, Wwf, Wwf, Wwrg, Mv, Wwf, Wwf, Wwf, Wwf, Wwf, Mv, Wwrg, Wwf, Wwf, Cme, Cme, Wwg, Wwg, Wwg, Wwg, Wwg, Wwg, Wwg, Wwg, Wwg, Wwg, Wwg, _off^_usr, _off^_usr, _off^_usr, _off^_usr, _off^_usr, _off^_usr, _off^_usr, _off^_usr, _off^_usr, _off^_usr
_off^_usr, _off^_usr, _off^_usr, _off^_usr, _off^_usr, _off^_usr, _off^_usr, _off^_usr, _off^_usr, _off^_usr, Wwg, Wwg, Wwg, Wwg, Wwg, Wwg, Kme, Wwg, Wwg, Wwg, Wwg, Wwg, Wwg, Wwg, Wwf, Wwf, Wwf, Wwrg, Wwf, Wwf, Wwf, Wwrg, Wwf, Wwf, Wwf, Wwg, Wwg, Wwg, Wwg, Wwg, Wwg, Wwg, Kme, Wwg, Wwg, Wwg, Wwg, Wwg, Wwg, _off^_usr, _off^_usr, _off^_usr, _off^_usr, _off^_usr, _off^_usr, _off^_usr, _off^_usr, _off^_usr, _off^_usr
_off^_usr, _off^_usr, _off^_usr, _off^_usr, _off^_usr, _off^_usr, _off^_usr, _off^_usr, _off^_usr, Wwg, Wwg, Wwg, Wwg, Wwg, Kme, Kme, Kv, Kme, Kme, Wwg, Wwg, Wwg, Wwrg, Wwrg, Wwf, Wwrg, Wwf, Wwf, Gs^Fms, Gs^Fds, Gs^Fms, Wwf, Wwf, Wwrg, Wwf, Wwrg, Wwrg, Wwg, Wwg, Wwg, Kme, Kme, Kv, Kme, Kme, Wwg, Wwg, Wwg, Wwg, Wwg, _off^_usr, _off^_usr, _off^_usr, _off^_usr, _off^_usr, _off^_usr, _off^_usr, _off^_usr, _off^_usr
_off^_usr, _off^_usr, _off^_usr, _off^_usr, _off^_usr, _off^_usr, Wwg, _off^_usr, Wwg, Wwg, Wwg, Wwg, Wwg, Wwg, Wwg, Kme, Cv, Gg^Fet, Cv, Wwg, Wwf, Wwf, Wwrg, Wwf, Gs, Wwf, Wwf, Wwf, Gs^Fds, Hh, Gs^Fds, Wwf, Wwf, Wwf, Gs, Wwf, Wwrg, Wwf, Wwf, Wwg, Cv, Gg^Fet, Cv, Kme, Wwg, Wwg, Wwg, Wwg, Wwg, Wwg, Wwg, _off^_usr, Wwg, _off^_usr, _off^_usr, _off^_usr, _off^_usr, _off^_usr, _off^_usr
_off^_usr, _off^_usr, _off^_usr, _off^_usr, _off^_usr, _off^_usr, Wwg, Wwg, Wwg, Wwg, Wwg, Wwg, Wwg, Wwg, Wwg, Wwg, Gs^Fds, Cv, Gs^Fds, Gs^Fds, Wwf, Wwf, Wwf, Wwf, Gs, Wwf, Gg, Gs^Fds, Hh, Hh, Hh, Gs^Fds, Gg, Wwf, Gs, Wwf, Wwf, Wwf, Wwf, Gs^Fds, Gs^Fds, Cv, Gs^Fds, Wwg, Wwg, Wwg, Wwg, Wwg, Wwg, Wwg, Wwg, Wwg, Wwg, _off^_usr, _off^_usr, _off^_usr, _off^_usr, _off^_usr, _off^_usr
_off^_usr, _off^_usr, _off^_usr, _off^_usr, _off^_usr, _off^_usr, Wwg, Wwg, Wwg, Wwg, Wwg, Wwg, Wwf, Wwf, Wwf, Wwf, Hh, Gs^Fds, Gs^Fds, Gs^Fds, Gs^Fms, Wwf, Gs, Wwf, Gs, Gg, Gs^Fms, Gs^Fms, Hh, Hh, Hh, Gs^Fms, Gs^Fms, Gg, Gs, Wwf, Gs, Wwf, Gs^Fms, Gs^Fds, Gs^Fds, Gs^Fds, Hh, Wwf, Wwf, Wwf, Wwf, Wwg, Wwg, Wwg, Wwg, Wwg, Wwg, _off^_usr, _off^_usr, _off^_usr, _off^_usr, _off^_usr, _off^_usr
_off^_usr, _off^_usr, _off^_usr, _off^_usr, _off^_usr, _off^_usr, Wwg, Wwg, Wwg, Wwg, Wwg, Gs^Fds, Gs^Fds, Gg, Gg, Wwf, Gs^Fms, Gs^Fds, Hh, Hh, Mm, Gs, Gs, Gs, Gs^Fds, Gs^Fds, Gs^Fms, Hh, Mm, Mm, Mm, Hh, Gs^Fms, Gs^Fds, Gs^Fds, Gs, Gs, Gs, Mm, Hh, Hh, Gs^Fds, Gs^Fms, Wwf, Gg, Gg, Gs^Fds, Gs^Fds, Wwg, Wwg, Wwg, Wwg, Wwg, _off^_usr, _off^_usr, _off^_usr, _off^_usr, _off^_usr, _off^_usr
_off^_usr, _off^_usr, _off^_usr, _off^_usr, _off^_usr, _off^_usr, Wwg, Wwg, Wwg, Wwg, Gs^Fds, Gs^Fds, Gs, Gs, Gg, Gg, Gs^Fds, Gs^Fds, Wwf, Mm, Hh, Gs, Gg, Gs, Hh, Hh, Mm, Mm, Mm, Mm, Mm, Mm, Mm, Hh, Hh, Gs, Gg, Gs, Hh, Mm, Wwf, Gs^Fds, Gs^Fds, Gg, Gg, Gs, Gs, Gs^Fds, Gs^Fds, Wwg, Wwg, Wwg, Wwg, _off^_usr, _off^_usr, _off^_usr, _off^_usr, _off^_usr, _off^_usr
_off^_usr, _off^_usr, _off^_usr, _off^_usr, _off^_usr, _off^_usr, Wwg, Wwg, Wwg, Wwg, Gs^Fms, Hh, Gs, Gs, Wwf, Hh, Hh, Mm, Wwf, Wwf, Hh, Gg, Hh, Hh, Gs^Fms, Hh, Mm, Mm, Gg^Efs, Gg^Efs, Gg^Efs, Mm, Mm, Hh, Gs^Fms, Hh, Hh, Gg, Hh, Wwf, Wwf, Mm, Hh, Hh, Wwf, Gs, Gs, Hh, Gs^Fms, Wwg, Wwg, Wwg, Wwg, _off^_usr, _off^_usr, _off^_usr, _off^_usr, _off^_usr, _off^_usr
_off^_usr, _off^_usr, _off^_usr, _off^_usr, _off^_usr, _off^_usr, Wwg, Wwg, Wwg, Gs^Fds, Wwf, Gs^Fds, Wwf, Wwf, Wwf, Wwf, Wwf, Hh, Wwf, Gs^Fms, Gg, Gg, Gs^Fds, Hh, Gs^Fms, Mm, Mv, Mm, Mm, Gg, Mm, Mm, Mv, Mm, Gs^Fms, Hh, Gs^Fds, Gg, Gg, Gs^Fms, Wwf, Hh, Wwf, Wwf, Wwf, Wwf, Wwf, Gs^Fds, Wwf, Gs^Fds, Wwg, Wwg, Wwg, _off^_usr, _off^_usr, _off^_usr, _off^_usr, _off^_usr, _off^_usr
_off^_usr, _off^_usr, _off^_usr, _off^_usr, _off^_usr, _off^_usr, Wwg, Wwg, Wwg, Wwg, Gs^Fms, Wwf, Gs, Gs, Wwf, Wwf, Wwf, Wwf, Wwf, Wwf, Gs, Gs^Fms, Gs^Fms, Gs^Fds, Hh, Gs^Fms, Xue, Hh, Mm, Mm^Xm, Mm, Hh, Xue, Gs^Fms, Hh, Gs^Fds, Gs^Fms, Gs^Fms, Gs, Wwf, Wwf, Wwf, Wwf, Wwf, Wwf, Gs, Gs, Wwf, Gs^Fms, Wwg, Wwg, Wwg, Wwg, _off^_usr, _off^_usr, _off^_usr, _off^_usr, _off^_usr, _off^_usr
_off^_usr, _off^_usr, _off^_usr, _off^_usr, _off^_usr, _off^_usr, Wwg, Wwg, Wwf, Wwf, Gs^Fds, Gs^Fds, Ce, Gd, Gd, Wwf, Gs, Wwf, Wwf, Wwf, Gs, Gs^Fms, Hh, Gs^Fms, Xue, Uue, Uue, Xue, Xue, Mm^Xm, Xue, Xue, Uue, Uue, Xue, Gs^Fms, Hh, Gs^Fms, Gs, Wwf, Wwf, Wwf, Gs, Wwf, Gd, Gd, Ce, Gs^Fds, Gs^Fds, Wwf, Wwf, Wwg, Wwg, _off^_usr, _off^_usr, _off^_usr, _off^_usr, _off^_usr, _off^_usr
_off^_usr, _off^_usr, _off^_usr, _off^_usr, _off^_usr, _off^_usr, Wwg, Wwg, Gs, Gg^Fet, Gs^Fms, Ce, Kte, Ce, Gs^Fms, Gd, Gd^Fetd, Gd, Gd, Gs, Gs^Fds, Hh, Hh, Mm, Gs^Fms, Xue, Uue, Mv, Uue, Xue, Uue, Mv, Uue, Xue, Gs^Fms, Mm, Hh, Hh, Gs^Fds, Gs, Gd, Gd, Gd^Fetd, Gd, Gs^Fms, Ce, Kte, Ce, Gs^Fms, Gg^Fet, Gs, Wwg, Wwg, _off^_usr, _off^_usr, _off^_usr, _off^_usr, _off^_usr, _off^_usr
_off^_usr, _off^_usr, _off^_usr, _off^_usr, _off^_usr, _off^_usr, Wwg, Wwrg, Gs, Wwrg, Wwf, Gs, Gs, Ce, Rd, Rd, Rd^Efs, Gd, Rd^Efs, Gs, Hh, Gs^Fds, Mm, Mm, Mm, Xue, Uue, Uue, Uue, Xue, Uue, Uue, Uue, Xue, Mm, Mm, Mm, Gs^Fds, Hh, Gs, Rd^Efs, Gd, Rd^Efs, Rd, Rd, Ce, Gs, Gs, Wwf, Wwrg, Gs, Wwrg, Wwg, _off^_usr, _off^_usr, _off^_usr, _off^_usr, _off^_usr, _off^_usr
_off^_usr, _off^_usr, _off^_usr, _off^_usr, _off^_usr, _off^_usr, Xue, Wwf, Wwf, Wwf, Wwf, Wwf, Wwf, Gs^Fms, Rd, Qlf, Qlf, Rd, Rd, Rd, Xue, Hh, Mm, Mv, Mm, Uue, Uue, Uue, Xue, Xue, Xue, Uue, Uue, Uue, Mm, Mv, Mm, Hh, Xue, Rd, Rd, Rd, Qlf, Qlf, Rd, Gs^Fms, Wwf, Wwf, Wwf, Wwf, Wwf, Wwf, Xue, _off^_usr, _off^_usr, _off^_usr, _off^_usr, _off^_usr, _off^_usr
_off^_usr, _off^_usr, _off^_usr, _off^_usr, Xue, Xue, Wwf, Wwf, Wwf, Wwf, Xue, Wwf, Xue, Gs, Rr, Rr, Qlf, Rd, Qlf, Mv, Xue, Xue, Xuc, Mm, Uue, Uue, Xuc, Xuc, Xuc, Qxe, Xuc, Xuc, Xuc, Uue, Uue, Mm, Xuc, Xue, Xue, Mv, Qlf, Rd, Qlf, Rr, Rr, Gs, Xue, Wwf, Xue, Wwf, Wwf, Wwf, Wwf, Xue, Xue, _off^_usr, _off^_usr, _off^_usr, _off^_usr
_off^_usr, _off^_usr, _off^_usr, _off^_usr, Xue, Wwrg, Wwf, Wwf, Wwf, Xue, Rr, Xue, Rr, Xue, Rr, Rr, Rr, Qlf, Rr, Qlf, Xuc, Xuc, Qxu, Xuc, Uue, Xuc, Rr, Rr, Rr, Xuc, Rr, Rr, Rr, Xuc, Uue, Xuc, Qxu, Xuc, Xom, Qlf, Rr, Qlf, Rr, Rr, Rr, Xue, Rr, Xue, Rr, Xue, Wwf, Wwf, Wwf, Wwrg, Xue, _off^_usr, _off^_usr, _off^_usr, _off^_usr
_off^_usr, _off^_usr, Xue, Xue, Wwf, Wwf, Wwf, Chw, Wwf, Wwf, Ql, Rr, Rr, Rr, Qlf, Rr, Rr, Rr, Rr^Br/, Rr, Rr, Qxu, Qxu^Bh/, Qxu^Bh/, Xuc, Xuc, Rr, Ur, Rr, Xuc, Rr, Ur, Rr, Xuc, Xuc, Qxu^Bh\, Qxu^Bh\, Qxu, Rr, Rr, Rr^Br\, Rr, Rr, Rr, Qlf, Rr, Rr, Rr, Ql, Wwf, Wwf, Chw, Wwf, Wwf, Wwf, Xue, Xue, _off^_usr, _off^_usr
_off^_usr, _off^_usr, Xue, Wwf, Wwf, Xue, Xue, Wwf, Wwf, Ql, Ql, Cud, Cud, Qlf, Qlf, Qlf, Qlf^Br/, Rr^Br/, Qlf, Rr^Br\, Rr^Br|, Rr, Qxu, Qxu, Xuc, Rr, Xuc, Rr, Xuc, Xuc, Xuc, Rr, Xuc, Rr, Xuc, Qxu, Qxu, Rr, Rr^Br|, Rr^Br/, Qlf, Rr^Br\, Qlf^Br\, Qlf, Qlf, Qlf, Cud, Cud, Ql, Ql, Wwf, Wwf, Xue, Xue, Wwf, Wwf, Xue, _off^_usr, _off^_usr
_off^_usr, _off^_usr, Xue, Wwrg, Wwf, Wwf^Ii, Xue, Wwf, Wwf, Ql, Xuc, Cud, Rr, Qlf, Rr^Br/, Rr^Br/, Rr, Qlf, Xuc, Xuc, Rr^Br\, Rr, Qxu^Bp\, Qxu, Xuc, Rr, Xuc, Xuc, Xuc, Cud, Xuc, Xuc, Xuc, Rr, Xuc, Qxu, Qxu^Bp/, Rr, Rr^Br/, Xuc, Xuc, Qlf, Rr, Rr^Br\, Rr^Br\, Qlf, Rr, Cud, Xuc, Ql, Wwf, Wwf, Xue, Wwf^Ii, Wwf, Wwrg, Xue, _off^_usr, _off^_usr
_off^_usr, _off^_usr, Xue, Xue, Wwg, Wwf, Wwf, Wwf, Wwrg, Xuc, Kud, Cud, Rr^Br|, Rr^Br/, Rr^Br\, Xuc, Rr, Rr, Xuc, Rr, Qxu^Bp\, Qxu^Bp\, Qxu^Br\, Qxu^Bp\, Rr, Rr, Rr, Rr, Rr^Br/, Cud, Rr^Br\, Rr, Rr, Rr, Rr, Qxu^Bp/, Qxu^Br/, Qxu^Bp/, Qxu^Bp/, Rr, Xuc, Rr, Rr, Xuc, Rr^Br/, Rr^Br\, Rr^Br\, Cud, Kud, Xuc, Wwrg, Wwf, Wwf, Wwf, Wwg, Xue, Xue, _off^_usr, _off^_usr
_off^_usr, _off^_usr, Xue, Wwf, Xue, Xue, Wwg, Wwf, Wwf, Xuc, Cud, Qxu, Uu^Br|, Xuc, Rr, Rr^Br\, Rr^Br\, Uu, Uh, Xuc, Xuc, Qxu^Bp\, Rr^Br/, Rr^Br\, Rr^Br\, Rr, Rr^Br/, Rr^Br/, Rr, Xuc, Rr, Rr^Br\, Rr^Br\, Rr, Rr^Br/, Rr^Br/, Rr^Br\, Qxu^Bp/, Xuc, Xuc, Uh, Uu, Rr^Br/, Rr^Br/, Rr, Xuc, Uu^Br|, Qxu, Cud, Xuc, Wwf, Wwf, Wwg, Xue, Xue, Wwf, Xue, _off^_usr, _off^_usr
_off^_usr, _off^_usr, Xue, Wwf, Wwf, Xue, Xue, Wwf, Wwf, Xuc, Xuc, Cud, Cud, Xuc, Uu, Rr, Rr^Br|, Uu^Uf, Uu, Uh, Uu, Rr, Rr^Br|, Xuc, Xuc, Rr^Br/, Rr, Xuc, Xuc, Xuc, Xuc, Xuc, Rr, Rr^Br/, Xuc, Xuc, Rr^Br|, Rr, Uu, Uh, Uu, Uu^Uf, Rr^Br|, Rr, Uu, Xuc, Cud, Cud, Xuc, Xuc, Wwf, Wwf, Xue, Xue, Wwf, Wwf, Xue, _off^_usr, _off^_usr
_off^_usr, _off^_usr, _off^_usr, Xue, Xue, Wwf, Wwf, Wwf, Wwf, Wwrg, Wwg, Xuc, Xuc, Xuc, Uu, Rr, Rr^Br|, Rr, Xuc, Uu, Uh, Xuc, Rr, Rr^Br\, Xom, Qxu, Qxu, Qxu, Qxu, Xuc, Qxu, Qxu, Qxu, Qxu, Xom, Rr^Br/, Rr, Xuc, Uh, Uu, Xuc, Rr, Rr^Br|, Rr, Uu, Xuc, Xuc, Xuc, Wwg, Wwrg, Wwf, Wwf, Wwf, Wwf, Xue, Xue, _off^_usr, _off^_usr, _off^_usr
_off^_usr, _off^_usr, _off^_usr, _off^_usr, Xue, Xue, Wwg, Wwf, Wwf, Wwf, Xuc, Xuc, Uu, Uu^Uf, Uu^Uf, Rr, Rr^Br|, Rr, Xuc, Uh, Xuc, Xuc, Rr, Rr^Br|, Xuc, Qxu, Xuc, Qxu, Qxu, Xom, Qxu, Qxu, Xuc, Qxu, Xuc, Rr^Br|, Rr, Xuc, Xuc, Uh, Xuc, Rr, Rr^Br|, Rr, Uu^Uf, Uu^Uf, Uu, Xuc, Xuc, Wwf, Wwf, Wwf, Wwg, Xue, Xue, _off^_usr, _off^_usr, _off^_usr, _off^_usr
_off^_usr, _off^_usr, _off^_usr, _off^_usr, Xue, Wwg, Wwf, Wwf, Wwg, Xuc, Uue, Uu^Uf, Ur, Xuc, Re, Re, Rr^Br|, Rr, Xuc, Xu, Xuc, Rr, Rr, Rr^Br|, Rr, Xuc, Uh, Uh, Uh, Uh, Uh, Uh, Uh, Xuc, Rr, Rr^Br|, Rr, Rr, Xuc, Xuc, Xuc, Rr, Rr^Br/, Re, Re, Xuc, Ur, Uu^Uf, Uue, Xuc, Wwg, Wwf, Wwf, Wwg, Xue, _off^_usr, _off^_usr, _off^_usr, _off^_usr
_off^_usr, _off^_usr, _off^_usr, _off^_usr, Xue, Wwf, Wwf, Wwf, Ce, Uue, Re, Ur, Re, Re, Xuc, Xuc, Xuc, Rr^Br\, Rr^Pw/, Xuc, Uue, Xuc, Xuc, Rr^Br|, Rr, Xom, Ket, Uue^Br|, Uh, Uh, Uh, Uue^Br|, Ce, Xom, Rr, Rr^Br|, Xuc, Xuc, Uue, Xuc, Rr^Pw\, Rr^Br/, Xuc, Xuc, Xuc, Re, Re, Ur, Re, Uue, Ce, Wwf, Wwf, Wwf, Xue, _off^_usr, _off^_usr, _off^_usr, _off^_usr
_off^_usr, _off^_usr, _off^_usr, Xue, Wwf, Wwf, Xue, Wwf, Re, Re, Uue, Ur, Re, Re, Xuc, Xu, Xu, Xuc, Rr, Rr^Br\, Rr^Br\, Ket, Rr^Br/, Rr^Br|, Rr, Xom, Uue, Re^Br|, Xuc, Xuc, Xuc, Re^Br|, Uue, Xom, Rr, Rr^Br|, Rr^Br\, Ce, Rr^Br/, Rr^Br/, Rr, Xuc, Xuc, Xuc, Xuc, Re, Re, Ur, Uue, Re, Re, Wwf, Xue, Wwf, Wwf, Xue, _off^_usr, _off^_usr, _off^_usr
_off^_usr, _off^_usr, Xue, Xue, Wwf, Wwf, Xue, Xuc, Qxe, Qxe, Uue, Qxe, Uue, Re, Ket, Xuc, Xuc, Xuc, Rr, Rr, Xom, Rr^Br\, Rr^Br\, Rr^Br|, Uue, Xom, Xuc, Re^Br|, Xuc, _off^_usr, Xuc, Re^Br|, Xuc, Xom, Uue, Rr^Br|, Rr^Br/, Rr^Br/, Xuc, Rr, Rr, Xuc, Xuc, Xuc, Ce, Re, Uue, Qxe, Uue, Qxe, Qxe, Xuc, Xue, Wwf, Wwf, Xue, Xue, _off^_usr, _off^_usr
_off^_usr, _off^_usr, Xue, Wwrg, Wwf, Wwf, Wwf, Xuc, Xuc, Qxe, Qxe, Uue, Uue, Re, Re, Re, Re, Re, Rr, Xuc, Xue, Xuc, Xuc, Re^Br\, Re^Br\, Uue, Re^Br/, Re^Br/, Xuc, _off^_usr, Xuc, Re^Br\, Re^Br\, Uue, Re^Br/, Re^Br/, Xuc, Xuc, Xue, Xuc, Rr, Re, Re, Re, Re, Re, Uue, Uue, Qxe, Qxe, Xuc, Xuc, Wwf, Wwf, Wwf, Wwrg, Xue, _off^_usr, _off^_usr
_off^_usr, _off^_usr, Xue, Wwrg, Wwg, Wwf, Wwg, Xu, Mdd, Xuc, Xuc, Qxe, Uue, Uue, Xuc, Xuc, Xuc, Uue, Rr^Pw/o, Xuc, Xuc, Uue, Uue, Uue, Re, Re^Br/, Uue, Uue, Xuc, _off^_usr, Xuc, Uue, Uue, Re^Br/, Re, Uue, Uue, Uue, Xuc, Xuc, Rr^Pw\o, Uue, Xuc, Xuc, Xuc, Uue, Uue, Qxe, Xuc, Xuc, Mdd, Xu, Wwg, Wwf, Wwg, Wwrg, Xue, _off^_usr, _off^_usr
_off^_usr, _off^_usr, _off^_usr, Xue, Xue, Wwg, Wwg, Wwrg, Mdd, _off^_usr, _off^_usr, Xuc, Xuc, Xuc, _off^_usr, _off^_usr, Xom, Xom, Rr, Rr, Xuc, Uue, Uue, Uue, Xue, Uue, Mdd, Mdd, Mdd^Xm, Mdd^Xm, Mdd^Xm, Mdd, Mdd, Uue, Xue, Uue, Uue, Uue, Xuc, Rr, Rr, Xom, Xom, _off^_usr, _off^_usr, Xuc, Xuc, Xuc, _off^_usr, _off^_usr, Mdd, Wwrg, Wwg, Wwg, Xue, Xue, _off^_usr, _off^_usr, _off^_usr
_off^_usr, _off^_usr, _off^_usr, _off^_usr, Xue, Xue, Wwf, Wwf, Wwf, Mdd, Mdd, _off^_usr, _off^_usr, _off^_usr, _off^_usr, Xom, Uue, Uue, Ur, Uue, Xuc, Xue, Xue, Xue, Mdd^Xm, Mdd^Xm, Ds, Mdd, Mdd, Mdd, Mdd, Mdd, Ds, Mdd^Xm, Mdd^Xm, Xue, Xue, Xue, Xuc, Uue, Ur, Uue, Uue, Xom, _off^_usr, _off^_usr, _off^_usr, _off^_usr, Mdd, Mdd, Wwf, Wwf, Wwf, Xue, Xue, _off^_usr, _off^_usr, _off^_usr, _off^_usr
_off^_usr, _off^_usr, _off^_usr, Xue, Mdd, Wwf, Mdd, Wwf, Dd, Ce, Ce, Ke, Mdd, _off^_usr, _off^_usr, Xuc, Uue, Ur, Cud, Ur, Xuc, Xue, Mdd^Xm, Mdd^Xm, Ds, Ds, Wwf, Ds, Mdd, Mdd, Mdd, Ds, Wwf, Ds, Ds, Mdd^Xm, Mdd^Xm, Xue, Xuc, Ur, Cud, Ur, Uue, Xuc, _off^_usr, _off^_usr, Mdd, Ke, Ce, Ce, Dd, Wwf, Mdd, Wwf, Mdd, Xue, _off^_usr, _off^_usr, _off^_usr
_off^_usr, _off^_usr, _off^_usr, Xue, Mdd, Mdd, Dd^Ftd, Hd, Dd, Dd, Dd, Mdd, Mdd, _off^_usr, _off^_usr, Xuc, Xuc, Ur, Ur, Ur, Mdd^Xm, Mdd^Xm, Ds, Ds, Mdd, Wwg, Wwg, Mdd, Ds, Ds, Ds, Mdd, Wwg, Wwg, Mdd, Ds, Ds, Mdd^Xm, Mdd^Xm, Ur, Ur, Ur, Xuc, Xuc, _off^_usr, _off^_usr, Mdd, Mdd, Dd, Dd, Dd, Hd, Dd^Ftd, Mdd, Mdd, Xue, _off^_usr, _off^_usr, _off^_usr
_off^_usr, _off^_usr, _off^_usr, _off^_usr, Mdd, Dd^Ftd, Dd^Ftd, Dd^Ftd, Dd, Dd, Dd^Ftd, Dd^Ftd, Mdd, _off^_usr, Mdd, Mdd, Rd, Ur, Ds, Wwf, Wwg, Mdd^Xm, Mdd^Xm, Wwf, Wwrg, Wog, Wwg, Wwg, Mdd, Ds, Mdd, Wwg, Wwg, Wog, Wwrg, Wwf, Mdd^Xm, Mdd^Xm, Wwg, Wwf, Ds, Ur, Rd, Mdd, Mdd, _off^_usr, Mdd, Dd^Ftd, Dd^Ftd, Dd, Dd, Dd^Ftd, Dd^Ftd, Dd^Ftd, Mdd, _off^_usr, _off^_usr, _off^_usr, _off^_usr
_off^_usr, _off^_usr, _off^_usr, _off^_usr, Mdd, Wwf, Dd^Ftd, Dd^Ftd, Hd, Hd, Mdd, Mdd, Dd^Ftd, Mdd, Rd, Rd, Ds, Rd, Ds, Wwf, Wwf, Wwg, Mdd^Xm, Mdd, Wwf, Wwg, Wwg, Wwf, Wwf, Ds, Wwf, Wwf, Wwg, Wwg, Wwf, Mdd, Mdd^Xm, Wwg, Wwf, Wwf, Ds, Rd, Ds, Rd, Rd, Mdd, Dd^Ftd, Mdd, Mdd, Hd, Hd, Dd^Ftd, Dd^Ftd, Wwf, Mdd, _off^_usr, _off^_usr, _off^_usr, _off^_usr
_off^_usr, _off^_usr, _off^_usr, _off^_usr, Mdd, Wwf, Hd, Dd^Ftd, Hd, Dd^Ftd, Dd, Dd^Ftd, Dd^Ftd, Rd, Dd, Mdd, Mdd, Ds, Wog, Ds, Wwf, Wwf, Wwf, Mdd^Xm, Mdd^Xm, Wwg, Wog, Mdd^Xm, Mdd^Xm, Ds, Mdd^Xm, Mdd^Xm, Wog, Wwg, Mdd^Xm, Mdd^Xm, Wwf, Wwf, Wwf, Ds, Wog, Ds, Mdd, Mdd, Dd, Rd, Dd^Ftd, Dd^Ftd, Dd, Dd^Ftd, Hd, Dd^Ftd, Hd, Wwf, Mdd, _off^_usr, _off^_usr, _off^_usr, _off^_usr
_off^_usr, _off^_usr, _off^_usr, _off^_usr, _off^_usr, Mdd, Hd, Hd, Dd^Ftd, Dd^Ftd, Dd, Dd, Dd, Rd, Rd, Dd, Mdd, Wog, Wog, Ds, Ds, Wwf, Wwf, Ds, Ds, Wwg, Wwf, Wog, Wog, Ds, Wog, Wog, Wwf, Wwg, Ds, Ds, Wwf, Wwf, Ds, Ds, Wog, Wog, Mdd, Dd, Rd, Rd, Dd, Dd, Dd, Dd^Ftd, Dd^Ftd, Hd, Hd, Mdd, _off^_usr, _off^_usr, _off^_usr, _off^_usr, _off^_usr
_off^_usr, _off^_usr, _off^_usr, _off^_usr, _off^_usr, Dd^Ftd, Dd^Ftd, Dd^Ftd, Dd^Ftd, Dd^Ftd, Dd, Kd, Cd, Cd, Rd, Dd, Mdd, Wog, Wog, Wog, Wog, Ds, Ds, Wwf, Ds, Wwg, Wwg, Wwf, Wog, Ds, Wog, Wwf, Wwg, Wwg, Ds, Wwf, Ds, Ds, Wog, Wog, Wog, Wog, Mdd, Dd, Rd, Cd, Cd, Kd, Dd, Dd^Ftd, Dd^Ftd, Dd^Ftd, Dd^Ftd, Dd^Ftd, _off^_usr, _off^_usr, _off^_usr, _off^_usr, _off^_usr
_off^_usr, _off^_usr, _off^_usr, _off^_usr, _off^_usr, Hd, Dd^Ftd, Dd^Ftd, Dd^Ftd, Dd, Cd, Cd, Rd, Rd, Dd^Ftd, Dd^Ftd, Mdd, Wog, Wog, Wog, Wog, Ds, Wwf, Wwf, Wwrg, Ds, Wog, Wwg, Wog, Wwg, Wog, Wwg, Wog, Ds, Wwrg, Wwf, Wwf, Ds, Wog, Wog, Wog, Wog, Mdd, Dd^Ftd, Dd^Ftd, Rd, Rd, Cd, Cd, Dd, Dd^Ftd, Dd^Ftd, Dd^Ftd, Hd, _off^_usr, _off^_usr, _off^_usr, _off^_usr, _off^_usr
_off^_usr, _off^_usr, _off^_usr, _off^_usr, _off^_usr, Hd, Hd, Dd^Ftd, Dd, Dd, Cd, Rd, Ds, Dd^Ftd, Mdd, Mdd, Wwf, Wog, Wog, Wog, Wog, Wog, Wwg, Wwg, Wwrg, Wwrg, Wog, Wog, Wog, Wwg, Wog, Wog, Wog, Wwrg, Wwrg, Wwg, Wwg, Wog, Wog, Wog, Wog, Wog, Wwf, Mdd, Mdd, Dd^Ftd, Ds, Rd, Cd, Dd, Dd, Dd^Ftd, Hd, Hd, _off^_usr, _off^_usr, _off^_usr, _off^_usr, _off^_usr
_off^_usr, _off^_usr, _off^_usr, _off^_usr, _off^_usr, _off^_usr, _off^_usr, Dd^Ftd, Dd^Ftd, Dd, Rd, Rd, Dd^Ftd, Ds, Cd, Wwf, Wwf, Wwf, Wwrg, Wog, Ds, Wwrg, Ds, Wwg, Wwg, Wog, Wog, Wog, Wog, Wog, Wog, Wog, Wog, Wog, Wwg, Wwg, Ds, Wwrg, Ds, Wog, Wwrg, Wwf, Wwf, Wwf, Cd, Ds, Dd^Ftd, Rd, Rd, Dd, Dd^Ftd, Dd^Ftd, _off^_usr, _off^_usr, _off^_usr, _off^_usr, _off^_usr, _off^_usr, _off^_usr
_off^_usr, _off^_usr, _off^_usr, _off^_usr, _off^_usr, _off^_usr, _off^_usr, Dd^Ftd, Rd, Rd, Rd, Dd^Ftd, Rd, Rd, Ds, Wwf, Wwf, Wwf, Ds, Ds, Gd^Fts, Ds, Gd^Fts, Ds, Wwf, Wwg, Wwg, Wwrg, Wwg, Wog, Wwg, Wwrg, Wwg, Wwg, Wwf, Ds, Gd^Fts, Ds, Gd^Fts, Ds, Ds, Wwf, Wwf, Wwf, Ds, Rd, Rd, Dd^Ftd, Rd, Rd, Rd, Dd^Ftd, _off^_usr, _off^_usr, _off^_usr, _off^_usr, _off^_usr, _off^_usr, _off^_usr
_off^_usr, _off^_usr, _off^_usr, _off^_usr, _off^_usr, _off^_usr, _off^_usr, Rd, Rd, Dd^Ftd, Ds, Rd, Ds, Ds, Wwf, Wwf, Wwrg, Wwf, Ds, Rd, Rd, Gd^Fts, Gd, Gs, Wwf, Wwf, Wwf, Wwg, Wwg, Wwg, Wwg, Wwg, Wwf, Wwf, Wwf, Gs, Gd, Gd^Fts, Rd, Rd, Ds, Wwf, Wwrg, Wwf, Wwf, Ds, Ds, Rd, Ds, Dd^Ftd, Rd, Rd, _off^_usr, _off^_usr, _off^_usr, _off^_usr, _off^_usr, _off^_usr, _off^_usr
_off^_usr, _off^_usr, _off^_usr, _off^_usr, _off^_usr, _off^_usr, _off^_usr, Rd, Ds, Ds, Wwg, Ds, Wwf, Wwf, Wwf, Wwf, Ds, Ds, Rd, Gd^Fts, Re, Re, Ds, Wwrg, Wwg, Wwf, Wwf, Wwg, Wog, Wwrg, Wog, Wwg, Wwf, Wwf, Wwg, Wwrg, Ds, Re, Re, Gd^Fts, Rd, Ds, Ds, Wwf, Wwf, Wwf, Wwf, Ds, Wwg, Ds, Ds, Rd, _off^_usr, _off^_usr, _off^_usr, _off^_usr, _off^_usr, _off^_usr, _off^_usr
_off^_usr, _off^_usr, _off^_usr, _off^_usr, _off^_usr, _off^_usr, _off^_usr, _off^_usr, _off^_usr, Wwg, Wwg, Ds, Wog, Wwf, Wwrg, Ds, Mdd, Mdd, Dd^Vdt, Rd, Dd^Dc, Rd, Ds, Wwrg, Wwf, Wwf, Cme, Wwrg, Wog, Wwrg, Wog, Wwrg, Cme, Wwf, Wwf, Wwrg, Ds, Rd, Dd^Dc, Rd, Dd^Vdt, Mdd, Mdd, Ds, Wwrg, Wwf, Wog, Ds, Wwg, Wwg, _off^_usr, _off^_usr, _off^_usr, _off^_usr, _off^_usr, _off^_usr, _off^_usr, _off^_usr, _off^_usr
_off^_usr, _off^_usr, _off^_usr, _off^_usr, _off^_usr, _off^_usr, _off^_usr, _off^_usr, Wog, Wog, Wog, Wog, Wwg, Wwg, Wwg, Ds, Dd^Ftd, Ds, Rd, Rd, Rd, Ds, Wog, Ds, Ds, Wwf, Cme, Kme, Wwrg, Wog, Wwrg, Kme, Cme, Wwf, Ds, Ds, Wog, Ds, Rd, Rd, Rd, Ds, Dd^Ftd, Ds, Wwg, Wwg, Wwg, Wog, Wog, Wog, Wog, _off^_usr, _off^_usr, _off^_usr, _off^_usr, _off^_usr, _off^_usr, _off^_usr, _off^_usr
_off^_usr, _off^_usr, _off^_usr, _off^_usr, _off^_usr, _off^_usr, _off^_usr, Wog, Wwg, Wwg, Wog, Wog, Wwg, Wwg, Wwg, Wwrg, Wwf, Ds, Ds, Rd, Dd^Ftd, Dd^Ftd, Wog, Ds, Wog, Wwf, Wwf, Cme, Wog, Wog, Wog, Cme, Wwf, Wwf, Wog, Ds, Wog, Dd^Ftd, Dd^Ftd, Rd, Ds, Ds, Wwf, Wwrg, Wwg, Wwg, Wwg, Wog, Wog, Wwg, Wwg, Wog, _off^_usr, _off^_usr, _off^_usr, _off^_usr, _off^_usr, _off^_usr, _off^_usr
_off^_usr, _off^_usr, _off^_usr, _off^_usr, _off^_usr, _off^_usr, _off^_usr, Wog, Wog, Wog, Wog, Wog, Dd^Ftd, Dd^Ftd, Ds, Wwg, Wwf, Wwf, Ds, Ds, Ds, Wwg, Wog, Wog, Wog, Wwg, Wwrg, Wwg, Wwg, Wog, Wwg, Wwg, Wwrg, Wwg, Wog, Wog, Wog, Wwg, Ds, Ds, Ds, Wwf, Wwf, Wwg, Ds, Dd^Ftd, Dd^Ftd, Wog, Wog, Wog, Wog, Wog, _off^_usr, _off^_usr, _off^_usr, _off^_usr, _off^_usr, _off^_usr, _off^_usr
_off^_usr, _off^_usr, _off^_usr, _off^_usr, _off^_usr, _off^_usr, _off^_usr, Wog, Wwg, Wwg, Wwg, Ds, Ds, Ds, Wwf, Wwf, Wwf, Wwf, Wwf, Wwf, Wwf, Wwg, Wwrg, Wog, Wwf, Wwf, Wwg, Wwf, Wwg, Wwg, Wwg, Wwf, Wwg, Wwf, Wwf, Wog, Wwrg, Wwg, Wwf, Wwf, Wwf, Wwf, Wwf, Wwf, Wwf, Ds, Ds, Ds, Wwg, Wwg, Wwg, Wog, _off^_usr, _off^_usr, _off^_usr, _off^_usr, _off^_usr, _off^_usr, _off^_usr
_off^_usr, _off^_usr, _off^_usr, _off^_usr, _off^_usr, _off^_usr, _off^_usr, Wog, Wog, Wwg, Wwg, Ds, Wwf, Wwf, Wwf, Wwf, Md^Xm, Md^Xm, Md^Xm, Md^Xm, Wwf, Wwf, Wwf, Wwf, Mm, Wwf, Wwf, Wwrg, Wwg, Wwg, Wwg, Wwrg, Wwf, Wwf, Mm, Wwf, Wwf, Wwf, Wwf, Md^Xm, Md^Xm, Md^Xm, Md^Xm, Wwf, Wwf, Wwf, Wwf, Ds, Wwg, Wwg, Wog, Wog, _off^_usr, _off^_usr, _off^_usr, _off^_usr, _off^_usr, _off^_usr, _off^_usr
_off^_usr, _off^_usr, _off^_usr, _off^_usr, _off^_usr, _off^_usr, _off^_usr, _off^_usr, _off^_usr, Wwg, Wwg, Wwg, Wwg, Wwf, Wwf, Md^Xm, Wwrg, Md^Xm, Wwg, Wwrg, Wwf, Wwf, Wwf, Hh, Hh, Mm, Gs^Fms, Wwf, Gs^Fds, Hh, Gs^Fds, Wwf, Gs^Fms, Mm, Hh, Hh, Wwf, Wwf, Wwf, Wwrg, Wwg, Md^Xm, Wwrg, Md^Xm, Wwf, Wwf, Wwg, Wwg, Wwg, Wwg, _off^_usr, _off^_usr, _off^_usr, _off^_usr, _off^_usr, _off^_usr, _off^_usr, _off^_usr, _off^_usr
_off^_usr, _off^_usr, _off^_usr, _off^_usr, Ms^Xm, Ms^Xm, Ms^Xm, _off^_usr, _off^_usr, _off^_usr, _off^_usr, _off^_usr, _off^_usr, Wwf, Wwf, Wwf, Wwrg, Wwg, Wwg, Wwg, Ce, Wwf, Wwf, Wwrg, Wwrg, Hh, Mm, Gs^Fms, Gs^Fds, Hh, Gs^Fds, Gs^Fms, Mm, Hh, Wwrg, Wwrg, Wwf, Wwf, Ce, Wwg, Wwg, Wwg, Wwrg, Wwf, Wwf, Wwf, _off^_usr, _off^_usr, _off^_usr, _off^_usr, _off^_usr, _off^_usr, Ms^Xm, Ms^Xm, Ms^Xm, _off^_usr, _off^_usr, _off^_usr, _off^_usr
_off^_usr, _off^_usr, _off^_usr, Ms^Xm, Ai, Wwf, Wwf, Ms^Xm, Aa^Fpa, Aa^Fpa, Aa^Fpa, _off^_usr, Hhd, Gll^Fmw, Wwf, Wwf, Wwf, Wwg, Wwf, Gs, Gs, Wwrg, Wwf, Wwf, Wwf, Gs^Fds, Gs^Fms, Gs^Fms, Wwg, Gs^Fms, Wwg, Gs^Fms, Gs^Fms, Gs^Fds, Wwf, Wwf, Wwf, Wwrg, Gs, Gs, Wwf, Wwg, Wwf, Wwf, Wwf, Gll^Fmw, Hhd, _off^_usr, Aa^Fpa, Aa^Fpa, Aa^Fpa, Ms^Xm, Wwf, Wwf, Ai, Ms^Xm, _off^_usr, _off^_usr, _off^_usr
_off^_usr, _off^_usr, Ms^Xm, Ms^Xm, Ai, Ms^Xm, Aa^Fpa, Wwf, Wwf, Ms, Aa^Fpa, Gll^Fmw, Hhd, Gll^Fmf, Gll^Fmw, Wwf, Wwf, Gs, Gs, Wwf, Wwf, Gs, Wwf, Wwf, Wwf, Wwf, Wwf, Wwg, Wwg, Wwg, Wwg, Wwg, Wwf, Wwf, Wwf, Wwf, Wwf, Gs, Wwf, Wwf, Gs, Gs, Wwf, Wwf, Gll^Fmw, Gll^Fmf, Hhd, Gll^Fmf, Aa^Fpa, Ms, Wwf, Wwf, Aa^Fpa, Ms^Xm, Ai, Ms^Xm, Ms^Xm, _off^_usr, _off^_usr
_off^_usr, _off^_usr, Ms^Xm, Ai, Ha, Ms^Xm, Aa^Fpa, Aa, Wwf, Ha, Ha, Aa^Fpa, Md, Gll^Fmw, Gll^Fmf, Wwf, Md, Hhd^Vhhr, Hhd, Hhd, Wwf, Wwf, Gd, Gd, Gll^Fdf, Wwf, Wwf, Wwf, Wwf, Wwg, Wwf, Wwf, Wwf, Wwf, Gll^Fdf, Gd, Gd, Wwf, Wwf, Hhd, Hhd, Hhd^Vhhr, Md, Wwf, Gll^Fmf, Gll^Fmw, Md, Aa^Fpa, Ha, Ha, Wwf, Aa, Aa^Fpa, Ms^Xm, Ha, Ai, Ms^Xm, _off^_usr, _off^_usr
_off^_usr, _off^_usr, _off^_usr, Ms^Xm, Ms^Xm, Ms^Xm, Ms^Xm, Aa^Fda, Wwf, Ms, Ms, Aa^Fma, Ha, Wwf, Wwf, Wwf, Gll^Fmw, Md, Hhd, Gd, Gd, Gs, Gd, Gll^Fdf, Wwf, Wwf, Wwf, Wwf, Wwg, Wwrg, Wwg, Wwf, Wwf, Wwf, Wwf, Gll^Fdf, Gd, Gs, Gd, Gd, Hhd, Md, Gll^Fmw, Wwf, Wwf, Wwf, Ha, Aa^Fda, Ms, Ms, Wwf, Aa^Fda, Ms^Xm, Ms^Xm, Ms^Xm, Ms^Xm, _off^_usr, _off^_usr, _off^_usr
_off^_usr, _off^_usr, _off^_usr, _off^_usr, _off^_usr, _off^_usr, Ms^Xm, Ha, Aa^Fma, Wwf, Wwf, Aa^Fpa, Wwf, Wwf, Wwf, Hhd, Hhd, Hhd, Gd, Gd, Gs, Gll^Fmf, Gs, Gll^Fdf, Wwf, Wwf, Wwg, Wwg, Wwg, Wwg, Wwg, Wwg, Wwg, Wwf, Wwf, Gll^Fdf, Gs, Gll^Fmf, Gs, Gd, Gd, Hhd, Hhd, Hhd, Wwf, Wwf, Wwf, Aa^Fpa, Wwf, Wwf, Aa^Fma, Ha, Ms^Xm, _off^_usr, _off^_usr, _off^_usr, _off^_usr, _off^_usr, _off^_usr
_off^_usr, _off^_usr, _off^_usr, _off^_usr, _off^_usr, _off^_usr, Ms^Xm, Ha, Aa^Fma, Wwf, Ha, Wwf, Ms, Mm^Xm, Xue, Wwf, Gs, Gd, Gs, Ch, Kh, Gll^Fmf, Gs, Wwf, Hh, Wwf, Wwg, Wwrg, Wwf, Wwg, Wwf, Wwrg, Wwg, Wwf, Hh, Wwf, Gs, Gll^Fmf, Kh, Ch, Gs, Gd, Gs, Wwf, Xue, Mm^Xm, Ms, Wwf, Ha, Wwf, Aa^Fma, Ha, Ms^Xm, _off^_usr, _off^_usr, _off^_usr, _off^_usr, _off^_usr, _off^_usr
_off^_usr, _off^_usr, _off^_usr, _off^_usr, _off^_usr, _off^_usr, Ms^Xm, Ha, Ha, Ha, Md^Xm, Ms, Mm^Xm, Mm^Xm, Xue, Wwf, Gd, Gd, Gll^Fmf, Hhd, Ch, Ch, Gs, Hh, Ss, Wwf, Wwf, Ww^Vm, Wwf, Wwg, Wwf, Ww^Vm, Wwf, Wwf, Ss, Hh, Gs, Ch, Ch, Hhd, Gll^Fmf, Gd, Gd, Wwf, Xue, Mm^Xm, Mm^Xm, Ms, Md^Xm, Ha, Ha, Ha, Ms^Xm, _off^_usr, _off^_usr, _off^_usr, _off^_usr, _off^_usr, _off^_usr
_off^_usr, _off^_usr, _off^_usr, _off^_usr, _off^_usr, _off^_usr, Md^Xm, Ms, Mm, Ms, Mm, Md^Xm, Mm^Xm, Xue, Uu^Uf, Ur, Xue, Gll^Fmf, Hhd, Hhd, Gs, Gs, Wwf, Hh, Ss, Wwf, Wwf, Wwf, Wwf, Wwf, Wwf, Wwf, Wwf, Wwf, Ss, Hh, Wwf, Gs, Gs, Hhd, Hhd, Gll^Fmf, Xue, Ur, Uu^Uf, Xue, Mm^Xm, Md^Xm, Mm, Ms, Mm, Ms, Md^Xm, _off^_usr, _off^_usr, _off^_usr, _off^_usr, _off^_usr, _off^_usr
_off^_usr, _off^_usr, _off^_usr, _off^_usr, _off^_usr, _off^_usr, Md^Xm, Md^Xm, Gll^Ftr, Mm, Mm^Xm, Mm^Xm, Xue, Xue, Wwf^Ii, Ur, Xue, Hhd, Mm, Hhd, Gs^Fms, Gg, Rb, Ss, Rb, Ss, Qxu, Gll^Ftr, Wwf, Wwf, Wwf, Gll^Ftr, Qxu, Ss, Rb, Ss, Rb, Gg, Gs^Fms, Hhd, Mm, Hhd, Xue, Ur, Wwf^Ii, Xue, Xue, Mm^Xm, Mm^Xm, Mm, Gll^Ftr, Md^Xm, Md^Xm, _off^_usr, _off^_usr, _off^_usr, _off^_usr, _off^_usr, _off^_usr
_off^_usr, _off^_usr, _off^_usr, _off^_usr, _off^_usr, Gll^Ftr, Gll^Ftr, Gll^Ftr, Gll^Ftr, Mm, Mm, Xue, Ur, Urb, Xue, Xue, Hh, Hhd^Vhhr, Hh, Mm, Wwf, Gs^Fms, Wwf, Rb, Qxu^Bh\, Qxu, Gll^Ftr, Gll^Ftr, Wwf, Gll^Ftr, Wwf, Gll^Ftr, Gll^Ftr, Qxu, Qxu^Bh/, Rb, Wwf, Gs^Fms, Wwf, Mm, Hh, Hhd^Vhhr, Hh, Xue, Xue, Urb, Ur, Xue, Mm, Mm, Gll^Ftr, Gll^Ftr, Gll^Ftr, Gll^Ftr, _off^_usr, _off^_usr, _off^_usr, _off^_usr, _off^_usr
_off^_usr, _off^_usr, _off^_usr, _off^_usr, _off^_usr, Ss, Gll^Ftr, Ss^Vhs, Wwf, Wwf, Wwf, Wwf, Xue, Xue, Mm^Xm, Mm^Xm, Hh, Mm, Ss, Ss, Gll^Ftr, Wwf, Qxu, Qxu, Qxu, Qxu^Bh\, Rb, Ss, Ss, Gll^Ftr, Ss, Ss, Rb, Qxu^Bh/, Qxu, Qxu, Qxu, Wwf, Gll^Ftr, Ss, Ss, Mm, Hh, Mm^Xm, Mm^Xm, Xue, Xue, Wwf, Wwf, Wwf, Wwf, Ss^Vhs, Gll^Ftr, Ss, _off^_usr, _off^_usr, _off^_usr, _off^_usr, _off^_usr
_off^_usr, _off^_usr, _off^_usr, _off^_usr, _off^_usr, Ss, Wwf, Wwf, Ss, Ss, Wwf, Wwf, Mm^Xm, Mm^Xm, Ms, Mm^Xm, Mm^Xm, Hh, Ss, Gll^Ftr, Ss, Qxu, Qxu, Gll^Ftr, Gll^Ftr, Ss, Rb, Gll^Ftr, Ss, Gll^Ftr, Ss, Gll^Ftr, Rb, Ss, Gll^Ftr, Gll^Ftr, Qxu, Qxu, Ss, Gll^Ftr, Ss, Hh, Mm^Xm, Mm^Xm, Ms, Mm^Xm, Mm^Xm, Wwf, Wwf, Ss, Ss, Wwf, Wwf, Ss, _off^_usr, _off^_usr, _off^_usr, _off^_usr, _off^_usr
_off^_usr, _off^_usr, _off^_usr, _off^_usr, _off^_usr, Gll^Ftr, Wwf, Ss, Ss, Ss, Gll^Ftr, Wwrt, Mm^Xm, Ms, Ms, Ms, Ms, Mm^Xm, Mm^Xm, Ss, Ss, Ss, Ss, Ss^Vhs, Ss, Rb, Rb, Gll^Ftr, Ss, Ss, Ss, Gll^Ftr, Rb, Rb, Ss, Ss^Vhs, Ss, Ss, Ss, Ss, Mm^Xm, Mm^Xm, Ms, Ms, Ms, Ms, Mm^Xm, Wwrt, Gll^Ftr, Ss, Ss, Ss, Wwf, Gll^Ftr, _off^_usr, _off^_usr, _off^_usr, _off^_usr, _off^_usr
_off^_usr, _off^_usr, _off^_usr, _off^_usr, _off^_usr, Gll^Ftr, Ss, Wwf, Ss, Gll^Ftr, Gll^Ftr, Gll^Ftr, Mm^Xm, Ms, Ms, Ms, Ms, Ms, Mm^Xm, Mm^Xm, Hh^Vhh, Hh, Wwrg, Ss, Gll^Ftr, Ss, Ss, Ss^Bw\, Wwf, Wwrg, Wwf, Ss^Bw/, Ss, Ss, Gll^Ftr, Ss, Wwrg, Hh, Hh^Vhh, Mm^Xm, Mm^Xm, Ms, Ms, Ms, Ms, Ms, Mm^Xm, Gll^Ftr, Gll^Ftr, Gll^Ftr, Ss, Wwf, Ss, Gll^Ftr, _off^_usr, _off^_usr, _off^_usr, _off^_usr, _off^_usr
_off^_usr, _off^_usr, _off^_usr, _off^_usr, _off^_usr, Gll^Ftr, Wwrg, Wwf, Rb, Ss, Gll^Ftr, Ss, Mm^Xm, Ms, Ms, Ms, Mm^Xm, Mm^Xm, Hh, Hh, Mm, Wwrg, Mm, Wwg, Wwg, Gll^Ftr, Wwf, Wwf, Wwf, Wwf, Wwf, Wwf, Wwf, Gll^Ftr, Wwg, Wwg, Mm, Wwrg, Mm, Hh, Hh, Mm^Xm, Mm^Xm, Ms, Ms, Ms, Mm^Xm, Ss, Gll^Ftr, Ss, Rb, Wwf, Wwrg, Gll^Ftr, _off^_usr, _off^_usr, _off^_usr, _off^_usr, _off^_usr
_off^_usr, _off^_usr, _off^_usr, _off^_usr, _off^_usr, Wwg, Wwg, Wwf, Wwf, Rb, Rb, Ss, Ss, Mm^Xm, Mm^Xm, Mm^Xm, Gll^Ftr, Ss, Gll^Ftr, Ss, Ss, Hh, Ss, Ss, Ss, Wwf, Wwrg, Wwg, Wwf, Wwf, Wwf, Wwg, Wwrg, Wwf, Ss, Ss, Ss, Hh, Ss, Ss, Gll^Ftr, Ss, Gll^Ftr, Mm^Xm, Mm^Xm, Mm^Xm, Ss, Ss, Rb, Rb, Wwf, Wwf, Wwg, Wwg, _off^_usr, _off^_usr, _off^_usr, _off^_usr, _off^_usr
_off^_usr, _off^_usr, _off^_usr, _off^_usr, _off^_usr, Wwg, Wwrg, Wwf, Wwf, Ss, Gll^Ftr, Rb, Rb, Ss, Ss, Ss, Ss, Ss, Hh, Gll^Ftr, Gll^Ftr, Ss, Gll^Ftr, Wwrg, Wwf, Wwf, Wwf, Wwg, Wwf, Wwf, Wwf, Wwg, Wwf, Wwf, Wwf, Wwrg, Gll^Ftr, Ss, Gll^Ftr, Gll^Ftr, Hh, Ss, Ss, Ss, Ss, Ss, Rb, Rb, Gll^Ftr, Ss, Wwf, Wwf, Wwrg, Wwg, _off^_usr, _off^_usr, _off^_usr, _off^_usr, _off^_usr
_off^_usr, _off^_usr, _off^_usr, _off^_usr, _off^_usr, Wwg, Wwg, Wwrg, Wwf, Wwf, Ss, Gll^Ftr, Ss, Ss^Bw\, Khs, Chs, Ss^Bw/, Ss^Bw/, Ss, Hh, Gll^Ftr, Ss, Gll^Ftr, Wwf, Wwf, Gll^Ftr, Gll^Ftr, Wwf, Ss^Bw\r, Gll^Ftr, Ss^Bw/r, Wwf, Gll^Ftr, Gll^Ftr, Wwf, Wwf, Gll^Ftr, Ss, Gll^Ftr, Hh, Ss, Ss^Bw\, Ss^Bw\, Chs, Khs, Ss^Bw/, Ss, Gll^Ftr, Ss, Wwf, Wwf, Wwrg, Wwg, Wwg, _off^_usr, _off^_usr, _off^_usr, _off^_usr, _off^_usr
_off^_usr, _off^_usr, _off^_usr, _off^_usr, _off^_usr, Wwg, Wwf, Wwf, Wwf, Gll^Ftr, Ss, Ss, Ss, Chs, Chs, Chs, Ss^Bw\, Ss, Wwf, Hh, Wwf, Wwf, Wwf, Gll^Ftr, Wwf, Wwf, Ss, Ss^Vhs, Chs, Khs, Chs, Ss^Vhs, Ss, Wwf, Wwf, Gll^Ftr, Wwf, Wwf, Wwf, Hh, Wwf, Ss, Ss^Bw/, Chs, Chs, Chs, Ss, Ss, Ss, Gll^Ftr, Wwf, Wwf, Wwf, Wwg, _off^_usr, _off^_usr, _off^_usr, _off^_usr, _off^_usr
_off^_usr, _off^_usr, _off^_usr, _off^_usr, _off^_usr, Wwg, Wwf, Wwf, Gll^Ftr, Ss, Hh, Hh, Gll^Ftr, Ss^Vhs, Ss^Vhs, Chs, Ss, Wwf^Bw\, Wwf^Bw|, Wwf, Gll^Ftr, Ss, Ss, Wwf, Wwg, Gll^Ftr, Gll^Ftr, Gll^Ftr, Chs, Chs, Chs, Gll^Ftr, Gll^Ftr, Gll^Ftr, Wwg, Wwf, Ss, Ss, Gll^Ftr, Wwf, Wwf^Bw|, Wwf^Bw/, Ss, Chs, Ss^Vhs, Ss^Vhs, Gll^Ftr, Hh, Hh, Ss, Gll^Ftr, Wwf, Wwf, Wwg, _off^_usr, _off^_usr, _off^_usr, _off^_usr, _off^_usr
_off^_usr, _off^_usr, _off^_usr, _off^_usr, _off^_usr, Wwg, Hh, Wwf, Hh, Hh, Hh, Gll^Ftr, Gll^Ftr, Ss, Wwf, Ss, Wwf, Wwf, Hh, Ss, Ss, Gll^Ftr, Ss, Wwf, Ss, Ss, Ss, Gll^Ftr, Hh, Hh, Hh, Gll^Ftr, Ss, Ss, Ss, Wwf, Ss, Gll^Ftr, Ss, Ss, Hh, Wwf, Wwf, Ss, Wwf, Ss, Gll^Ftr, Gll^Ftr, Hh, Hh, Hh, Wwf, Hh, Wwg, _off^_usr, _off^_usr, _off^_usr, _off^_usr, _off^_usr
_off^_usr, _off^_usr, _off^_usr, _off^_usr, _off^_usr, Wwg, Wwf, Wwf, Hh, Hh, Wwf, Wwf, Wwf, Wwf, Ss, Wwf, Wwf, Gll^Ftr, Hh, Ss, Gll^Ftr, Ss, Wwf, Wwf, Ss, Ss, Gll^Ftr, Hh, Hh, Hh, Hh, Hh, Gll^Ftr, Ss, Ss, Wwf, Wwf, Ss, Gll^Ftr, Ss, Hh, Gll^Ftr, Wwf, Wwf, Ss, Wwf, Wwf, Wwf, Wwf, Hh, Hh, Wwf, Wwf, Wwg, _off^_usr, _off^_usr, _off^_usr, _off^_usr, _off^_usr
_off^_usr, _off^_usr, _off^_usr, _off^_usr, _off^_usr, Hh, Wwf, Hh, Mm, Mm, Wwf, Ss, Ss, Wwf, Mm, Ss, Wwf, Gll^Ftr, Md, Md, Hh, Hh, Wwf, Wwf, Mm, Mm, Mm, Gll^Ftr, Hh, Hh, Hh, Gll^Ftr, Mm, Mm, Mm, Wwf, Wwf, Hh, Hh, Md, Md, Gll^Ftr, Wwf, Ss, Mm, Wwf, Ss, Ss, Wwf, Mm, Mm, Hh, Wwf, Hh, _off^_usr, _off^_usr, _off^_usr, _off^_usr, _off^_usr
_off^_usr, _off^_usr, _off^_usr, _off^_usr, _off^_usr, Mm, Mm, Hh, Hh, Hh, Hh, Wwf, Wwf, Mm, Wwf, Md, Wwf, Hh, Hh, Hh, Wwf, Wwf, Mm, Wwf, Mm, Mm, Mm, Hh, Mm, Mm, Mm, Hh, Mm, Mm, Mm, Wwf, Mm, Wwf, Wwf, Hh, Hh, Hh, Wwf, Md, Wwf, Mm, Wwf, Wwf, Hh, Hh, Hh, Hh, Mm, Mm, _off^_usr, _off^_usr, _off^_usr, _off^_usr, _off^_usr
_off^_usr, _off^_usr, _off^_usr, _off^_usr, _off^_usr, Mm, Mm^Xm, Hh, Mm^Xm, Mm^Xm, Hhd, Hh, Md, Wwf, Md, Md, Hh, Hh, Md, Wwf, Hh, Mm, Hh, Hh, Hh, Hh, Hh, Hh, Mm, Mm, Mm, Hh, Hh, Hh, Hh, Hh, Hh, Mm, Hh, Wwf, Md, Hh, Hh, Md, Md, Wwf, Md, Hh, Hhd, Mm^Xm, Mm^Xm, Hh, Mm^Xm, Mm, _off^_usr, _off^_usr, _off^_usr, _off^_usr, _off^_usr
_off^_usr, _off^_usr, _off^_usr, _off^_usr, _off^_usr, _off^_usr, Mm^Xm, Mm^Xm, Mm^Xm, Mm^Xm, Hhd, Mm, Hhd, Hhd, Hhd, Hhd, Md, Hhd, Gll^Fdw, Hhd, Gll^Fdw, Mm, Mm, Hhd, Mm^Xm, Mm^Xm, Mm^Xm, Mm^Xm, Mm^Xm, Md^Xm, Mm^Xm, Mm^Xm, Mm^Xm, Mm^Xm, Mm^Xm, Hhd, Mm, Mm, Gll^Fdw, Hhd, Gll^Fdw, Hhd, Md, Hhd, Hhd, Hhd, Hhd, Md, Hhd, Mm^Xm, Mm^Xm, Mm^Xm, Mm^Xm, _off^_usr, _off^_usr, _off^_usr, _off^_usr, _off^_usr, _off^_usr
Qlf, Qlf, Qlf, Qlf, Qlf, Qlf, Qlf, Qlf, Qlf, Qlf, Qlf, Qlf, Qlf, Qlf, Qlf, Qlf, Qlf, Qlf, Qlf, Qlf, Qlf, Qlf, Qlf, Qlf, Qlf, Qlf, Qlf, Qlf, Qlf, Qlf, Qlf, Qlf, Qlf, Qlf, Qlf, Qlf, Qlf, Qlf, Qlf, Qlf, Qlf, Qlf, Qlf, Qlf, Qlf, Qlf, Qlf, Qlf, Qlf, Qlf, Qlf, Qlf, Qlf, Qlf, Qlf, Qlf, Qlf, Qlf, Qlf
Qlf, Qlf, Qlf, Qlf, Qlf, Qlf, Qlf, Qlf, Qlf, Qlf, Qlf, Qlf, Qlf, Qlf, Qlf, Qlf, Qlf, Qlf, Qlf, Qlf, Qlf, Qlf, Qlf, Qlf, Qlf, Qlf, Qlf, Qlf, Qlf, Qlf, Qlf, Qlf, Qlf, Qlf, Qlf, Qlf, Qlf, Qlf, Qlf, Qlf, Qlf, Qlf, Qlf, Qlf, Qlf, Qlf, Qlf, Qlf, Qlf, Qlf, Qlf, Qlf, Qlf, Qlf, Qlf, Qlf, Qlf, Qlf, Qlf
Qlf, Qlf, Qlf, Qlf, Qlf, Qlf, Qlf, Qlf, Qlf, Qlf, Qlf, Qlf, Qlf, Qlf, Qlf, Qlf, Qlf, Qlf, Qlf, Qlf, Qlf, Qlf, Qlf, Qlf, Qlf, Qlf, Qlf, Qlf, Qlf, Qlf, Qlf, Qlf, Qlf, Qlf, Qlf, Qlf, Qlf, Qlf, Qlf, Qlf, Qlf, Qlf, Qlf, Qlf, Qlf, Qlf, Qlf, Qlf, Qlf, Qlf, Qlf, Qlf, Qlf, Qlf, Qlf, Qlf, Qlf, Qlf, Qlf
