_off^_usr, _off^_usr, Qlf^Xo, Qlf^Xo, Qlf^Xo, Qlf^Xo, Qlf^Xo, Qlf^Xo, Qlf^Xo, Qlf^Xo, Qlf^Xo, Qlf^Xo, Qlf^Xo, Qlf^Xo, Qlf^Xo, Qlf^Xo, Qlf^Xo, Qlf^Xo, Qlf^Xo, Qlf^Xo, Qlf^Xo, Qlf^Xo, Qlf^Xo, Qlf^Xo, Qlf^Xo, Qlf^Xo, Qlf^Xo, Qlf^Xo, Qlf^Xo, Qlf^Xo, Qlf^Xo, Qlf^Xo, Qlf^Xo, Qlf^Xo, Qlf^Xo, Qlf^Xo, Qlf^Xo, Qlf^Xo, Qlf^Xo, Qlf^Xo, Qlf^Xo, Qlf^Xo, Qlf^Xo, Qlf^Xo, Qlf^Xo, Qlf^Xo, Qlf^Xo, Qlf^Xo, Qlf^Xo, Qlf^Xo, Qlf^Xo, Qlf^Xo, _off^_usr, _off^_usr
_off^_usr, _off^_usr, Qlf^Xo, Qlf^Xo, Qlf^Xo, Qlf^Xo, Qlf^Xo, Qlf^Xo, Qlf^Xo, Qlf^Xo, Qlf^Xo, Qlf^Xo, Qlf^Xo, Qlf^Xo, Qlf^Xo, Qlf^Xo, Qlf^Xo, Qlf^Xo, Qlf^Xo, Qlf^Xo, Qlf^Xo, Qlf^Xo, Qlf^Xo, Qlf^Xo, Qlf^Xo, Qlf^Xo, Qlf^Xo, Qlf^Xo, Qlf^Xo, Qlf^Xo, Qlf^Xo, Qlf^Xo, Qlf^Xo, Qlf^Xo, Qlf^Xo, Qlf^Xo, Qlf^Xo, Qlf^Xo, Qlf^Xo, Qlf^Xo, Qlf^Xo, Qlf^Xo, Qlf^Xo, Qlf^Xo, Qlf^Xo, Qlf^Xo, Qlf^Xo, Qlf^Xo, Qlf^Xo, Qlf^Xo, Qlf^Xo, Qlf^Xo, _off^_usr, _off^_usr
_off^_usr, _off^_usr, Qlf^Xo, Qlf^Xo, Qlf^Xo, Qlf^Xo, Qlf^Xo, Qlf^Xo, Qlf^Xo, Qlf^Xo, Qlf^Xo, Qlf^Xo, Qlf^Xo, Qlf^Xo, Qlf^Xo, Qlf^Xo, Qlf^Xo, Qlf^Xo, Qlf^Xo, Qlf^Xo, Qlf^Xo, Qlf^Xo, Qlf^Xo, Qlf^Xo, Qlf^Xo, Qlf^Xo, Qlf^Xo, Qlf^Xo, Qlf^Xo, Qlf^Xo, Qlf^Xo, Qlf^Xo, Qlf^Xo, Qlf^Xo, Qlf^Xo, Qlf^Xo, Qlf^Xo, Qlf^Xo, Qlf^Xo, Qlf^Xo, Qlf^Xo, Qlf^Xo, Qlf^Xo, Qlf^Xo, Qlf^Xo, Qlf^Xo, Qlf^Xo, Qlf^Xo, Qlf^Xo, Qlf^Xo, Qlf^Xo, Qlf^Xo, _off^_usr, _off^_usr
_off^_usr, _off^_usr, Qlf^Xo, Qlf^Xo, Qlf^Xo, Qlf^Xo, Qlf^Xo, Qlf^Xo, Qlf^Xo, Qlf^Xo, Qlf^Xo, Qlf^Xo, Qlf^Xo, Qlf^Xo, Qlf^Xo, Qlf^Xo, Qlf^Xo, Qlf^Xo, Qlf^Xo, Qlf^Xo, Qlf^Xo, Qlf^Xo, Qlf^Xo, Qlf^Xo, Qlf^Xo, Qlf^Xo, Qlf^Xo, Qlf^Xo, Qlf^Xo, Qlf^Xo, Qlf^Xo, Qlf^Xo, Qlf^Xo, Qlf^Xo, Qlf^Xo, Qlf^Xo, Qlf^Xo, Qlf^Xo, Qlf^Xo, Qlf^Xo, Qlf^Xo, Qlf^Xo, Qlf^Xo, Qlf^Xo, Qlf^Xo, Qlf^Xo, Qlf^Xo, Qlf^Xo, Qlf^Xo, Qlf^Xo, Qlf^Xo, Qlf^Xo, _off^_usr, _off^_usr
_off^_usr, _off^_usr, Qlf^Xo, Qlf^Xo, Qlf^Xo, Qlf^Xo, Qlf^Xo, Qlf^Xo, Qlf^Xo, Qlf^Xo, Qlf^Xo, Qlf^Xo, Qlf^Xo, Qlf^Xo, Qlf^Xo, Qlf^Xo, Qlf^Xo, Qlf^Xo, Qlf^Xo, Qlf^Xo, Qlf^Xo, Qlf^Xo, Qlf^Xo, Qlf^Xo, Qlf^Xo, Qlf^Xo, Qlf^Xo, Qlf^Xo, Qlf^Xo, Qlf^Xo, Qlf^Xo, Qlf^Xo, Qlf^Xo, Qlf^Xo, Qlf^Xo, Qlf^Xo, Qlf^Xo, Qlf^Xo, Qlf^Xo, Qlf^Xo, Qlf^Xo, Qlf^Xo, Qlf^Xo, Qlf^Xo, Qlf^Xo, Qlf^Xo, Qlf^Xo, Qlf^Xo, Qlf^Xo, Qlf^Xo, Qlf^Xo, Qlf^Xo, _off^_usr, _off^_usr
_off^_usr, _off^_usr, Qlf^Xo, Qlf^Xo, Qlf^Xo, Qlf^Xo, Qlf^Xo, Qlf^Xo, Qlf^Xo, Qlf^Xo, Qlf^Xo, Qlf^Xo, Qlf^Xo, Qlf^Xo, Qlf^Xo, Qlf^Xo, Qlf^Xo, Qlf^Xo, Qlf^Xo, Qlf^Xo, Qlf^Xo, Qlf^Xo, Qlf^Xo, Qlf^Xo, Qlf^Xo, Qlf^Xo, Qlf^Xo, Qlf^Xo, Qlf^Xo, Qlf^Xo, Qlf^Xo, Qlf^Xo, Qlf^Xo, Qlf^Xo, Qlf^Xo, Qlf^Xo, Qlf^Xo, Qlf^Xo, Qlf^Xo, Qlf^Xo, Qlf^Xo, Qlf^Xo, Qlf^Xo, Qlf^Xo, Qlf^Xo, Qlf^Xo, Qlf^Xo, Qlf^Xo, Qlf^Xo, Qlf^Xo, Qlf^Xo, Qlf^Xo, _off^_usr, _off^_usr
_off^_usr, _off^_usr, Qlf^Xo, Qlf^Xo, Qlf^Xo, Qlf^Xo, Qlf^Xo, Qlf^Xo, Qlf^Xo, Qlf^Xo, Qlf^Xo, Qlf^Xo, Qlf^Xo, Qlf^Xo, Qlf^Xo, Qlf^Xo, Qlf^Xo, Qlf^Xo, Qlf^Xo, Qlf^Xo, Qlf^Xo, Qlf^Xo, Qlf^Xo, Qlf^Xo, Qlf^Xo, Qlf^Xo, Qlf^Xo, Qlf^Xo, Qlf^Xo, Qlf^Xo, Qlf^Xo, Qlf^Xo, Qlf^Xo, Qlf^Xo, Qlf^Xo, Qlf^Xo, Qlf^Xo, Qlf^Xo, Qlf^Xo, Qlf^Xo, Qlf^Xo, Qlf^Xo, Qlf^Xo, Qlf^Xo, Qlf^Xo, Qlf^Xo, Qlf^Xo, Qlf^Xo, Qlf^Xo, Qlf^Xo, Qlf^Xo, Qlf^Xo, _off^_usr, _off^_usr
_off^_usr, _off^_usr, Qlf^Xo, Qlf^Xo, Qlf^Xo, Qlf^Xo, Qlf^Xo, Qlf^Xo, Qlf^Xo, Qlf^Xo, Qlf^Xo, Qlf^Xo, Qlf^Xo, Qlf^Xo, Qlf^Xo, Qlf^Xo, Qlf^Xo, Qlf^Xo, Qlf^Xo, Qlf^Xo, Qlf^Xo, Qlf^Xo, Qlf^Xo, Qlf^Xo, Qlf^Xo, Qlf^Xo, Qlf^Xo, Qlf^Xo, Qlf^Xo, Qlf^Xo, Qlf^Xo, Qlf^Xo, Qlf^Xo, Qlf^Xo, Qlf^Xo, Qlf^Xo, Qlf^Xo, Qlf^Xo, Qlf^Xo, Qlf^Xo, Qlf^Xo, Qlf^Xo, Qlf^Xo, Qlf^Xo, Qlf^Xo, Qlf^Xo, Qlf^Xo, Qlf^Xo, Qlf^Xo, Qlf^Xo, Qlf^Xo, Qlf^Xo, _off^_usr, _off^_usr
_off^_usr, _off^_usr, Qlf^Xo, Qlf^Xo, Qlf^Xo, Qlf^Xo, Qlf^Xo, Qlf^Xo, Qlf^Xo, Qlf^Xo, Qlf^Xo, Qlf^Xo, Qlf^Xo, Qlf^Xo, Qlf^Xo, Qlf^Xo, Qlf^Xo, Qlf^Xo, Qlf^Xo, Qlf^Xo, Qlf^Xo, Qlf^Xo, Qlf^Xo, Qlf^Xo, Qlf^Xo, Qlf^Xo, Qlf^Xo, Qlf^Xo, Qlf^Xo, Qlf^Xo, Qlf^Xo, Qlf^Xo, Qlf^Xo, Qlf^Xo, Qlf^Xo, Qlf^Xo, Qlf^Xo, Qlf^Xo, Qlf^Xo, Qlf^Xo, Qlf^Xo, Qlf^Xo, Qlf^Xo, Qlf^Xo, Qlf^Xo, Qlf^Xo, Qlf^Xo, Qlf^Xo, Qlf^Xo, Qlf^Xo, Qlf^Xo, Qlf^Xo, _off^_usr, _off^_usr
_off^_usr, _off^_usr, Qlf^Xo, Qlf^Xo, Qlf^Xo, Qlf^Xo, Qlf^Xo, Qlf^Xo, Qlf^Xo, Qlf^Xo, Qlf^Xo, Qlf^Xo, Qlf^Xo, Qlf^Xo, Qlf^Xo, Qlf^Xo, Qlf^Xo, Qlf^Xo, Qlf^Xo, Qlf^Xo, Rd, Qlf^Xo, Qlf^Xo, Qlf^Xo, Qlf^Xo, Qlf^Xo, Qlf^Xo, Qlf^Xo, Qlf^Xo, Qlf^Xo, Qlf^Xo, Qlf^Xo, Qlf^Xo, Qlf^Xo, Rd, Qlf^Xo, Qlf^Xo, Qlf^Xo, Qlf^Xo, Qlf^Xo, Qlf^Xo, Qlf^Xo, Qlf^Xo, Qlf^Xo, Qlf^Xo, Qlf^Xo, Qlf^Xo, Qlf^Xo, Qlf^Xo, Qlf^Xo, Qlf^Xo, Qlf^Xo, _off^_usr, _off^_usr
_off^_usr, _off^_usr, Qlf^Xo, Qlf^Xo, Qlf^Xo, Qlf^Xo, Qlf^Xo, Qlf^Xo, Qlf^Xo, Qlf^Xo, Qlf^Xo, Qlf^Xo, Qlf^Xo, Qlf^Xo, Qlf^Xo, Qlf^Xo, Qlf^Xo, Qlf^Xo, Qlf^Xo, Qlf^Xo, Rd, Rd, Rd, Qlf^Xo, Rd, Rd, Qlf^Xo, Qlf^Xo, Qlf^Xo, Rd, Rd, Qlf^Xo, Rd, Rd, Rd, Qlf^Xo, Qlf^Xo, Qlf^Xo, Qlf^Xo, Qlf^Xo, Qlf^Xo, Qlf^Xo, Qlf^Xo, Qlf^Xo, Qlf^Xo, Qlf^Xo, Qlf^Xo, Qlf^Xo, Qlf^Xo, Qlf^Xo, Qlf^Xo, Qlf^Xo, _off^_usr, _off^_usr
_off^_usr, _off^_usr, Qlf^Xo, Qlf^Xo, Qlf^Xo, Qlf^Xo, Qlf^Xo, Qlf^Xo, Qlf^Xo, Qlf^Xo, Qlf^Xo, Qlf^Xo, Qlf^Xo, Qlf^Xo, Qlf^Xo, Qlf^Xo, Qlf^Xo, Qlf^Xo, Qlf^Xo, Qlf^Xo, Rd, Rd, Rd, Rd, Qlf^Xo, Rd, Rd, Rd, Rd, Rd, Qlf^Xo, Rd, Rd, Rd, Rd, Qlf^Xo, Qlf^Xo, Qlf^Xo, Qlf^Xo, Qlf^Xo, Qlf^Xo, Qlf^Xo, Qlf^Xo, Qlf^Xo, Qlf^Xo, Qlf^Xo, Qlf^Xo, Qlf^Xo, Qlf^Xo, Qlf^Xo, Qlf^Xo, Qlf^Xo, _off^_usr, _off^_usr
_off^_usr, _off^_usr, Qlf^Xo, Qlf^Xo, Qlf^Xo, Qlf^Xo, Qlf^Xo, Qlf^Xo, Qlf^Xo, Qlf^Xo, Qlf^Xo, Qlf^Xo, Qlf^Xo, Qlf^Xo, Qlf^Xo, Qlf^Xo, Qlf^Xo, Qlf^Xo, Qlf^Xo, Qlf^Xo, Rd, Rd, Rd, Qlf^Xo, Rd, Rd, Rd, Rd, Rd, Rd, Rd, Qlf^Xo, Rd, Rd, Rd, Qlf^Xo, Qlf^Xo, Qlf^Xo, Qlf^Xo, Qlf^Xo, Qlf^Xo, Qlf^Xo, Qlf^Xo, Qlf^Xo, Qlf^Xo, Qlf^Xo, Qlf^Xo, Qlf^Xo, Qlf^Xo, Qlf^Xo, Qlf^Xo, Qlf^Xo, _off^_usr, _off^_usr
_off^_usr, _off^_usr, Qlf^Xo, Qlf^Xo, Qlf^Xo, Qlf^Xo, Qlf^Xo, Qlf^Xo, Qlf^Xo, Qlf^Xo, Qlf^Xo, Qlf^Xo, Qlf^Xo, Qlf^Xo, Qlf^Xo, Qlf^Xo, Qlf^Xo, Qlf^Xo, Qlf^Xo, Qlf^Xo, Qlf^Xo, Qlf^Xo, Rd, Rd, Rd, Rd, Qlf^Xo, Qlf^Xo, Qlf^Xo, Rd, Rd, Rd, Rd, Qlf^Xo, Qlf^Xo, Qlf^Xo, Qlf^Xo, Qlf^Xo, Qlf^Xo, Qlf^Xo, Qlf^Xo, Qlf^Xo, Qlf^Xo, Qlf^Xo, Qlf^Xo, Qlf^Xo, Qlf^Xo, Qlf^Xo, Qlf^Xo, Qlf^Xo, Qlf^Xo, Qlf^Xo, _off^_usr, _off^_usr
_off^_usr, _off^_usr, Qlf^Xo, Qlf^Xo, Qlf^Xo, Qlf^Xo, Qlf^Xo, Qlf^Xo, Qlf^Xo, Qlf^Xo, Qlf^Xo, Qlf^Xo, Qlf^Xo, Qlf^Xo, Qlf^Xo, Qlf^Xo, Qlf^Xo, Qlf^Xo, Qlf^Xo, Qlf^Xo, Qlf^Xo, Qlf^Xo, Rd, Rd, Re, Qlf^Xo, Re, Re, Re, Qlf^Xo, Re, Rd, Rd, Qlf^Xo, Qlf^Xo, Qlf^Xo, Qlf^Xo, Qlf^Xo, Qlf^Xo, Qlf^Xo, Qlf^Xo, Qlf^Xo, Qlf^Xo, Qlf^Xo, Qlf^Xo, Qlf^Xo, Qlf^Xo, Qlf^Xo, Qlf^Xo, Qlf^Xo, Qlf^Xo, Qlf^Xo, _off^_usr, _off^_usr
_off^_usr, _off^_usr, _off^_usr, Qlf^Xo, Qlf^Xo, Qlf^Xo, Qlf^Xo, Qlf^Xo, Qlf^Xo, Qlf^Xo, Qlf^Xo, Qlf^Xo, Qlf^Xo, Qlf^Xo, Qlf^Xo, Qlf^Xo, Qlf^Xo, Qlf^Xo, Ur, Ur, Ur, Qlf^Xo, Qlf^Xo, Re, Re, Qlf^Xo, Re, Re, Re, Qlf^Xo, Re, Re, Qlf^Xo, Qlf^Xo, Ur, Ur, Ur, Qlf^Xo, Qlf^Xo, Qlf^Xo, Qlf^Xo, Qlf^Xo, Qlf^Xo, Qlf^Xo, Qlf^Xo, Qlf^Xo, Qlf^Xo, Qlf^Xo, Qlf^Xo, Qlf^Xo, Qlf^Xo, Qlf^Xo, _off^_usr, _off^_usr
_off^_usr, _off^_usr, _off^_usr, _off^_usr, _off^_usr, _off^_usr, _off^_usr, _off^_usr, Xos, Ur, Ur, Ur, Ur, Ur, Ur, Ur, Ur, Ur, Ur, Ur, Ur, Ur, Qlf^Xo, Re, Re, Re, Re, Re, Re, Re, Re, Re, Qlf^Xo, Ur, Ur, Ur, Ur, Ur, Ur, Ur, Ur, Ur, Ur, Ur, Ur, Ur, Xos, _off^_usr, _off^_usr, _off^_usr, _off^_usr, _off^_usr, _off^_usr, _off^_usr
_off^_usr, _off^_usr, _off^_usr, _off^_usr, _off^_usr, _off^_usr, _off^_usr, _off^_usr, Xos, Ur, Rr^Vd, Ur, Ur, Ur, Ur, Ur, Ur, Ur, Ur, Ur, Ur, Ur, Qlf^Xo, Qlf^Xo, Qlf^Xo, Re, Re, Re, Re, Re, Qlf^Xo, Qlf^Xo, Qlf^Xo, Ur, Ur, Ur, Ur, Ur, Ur, Ur, Ur, Ur, Ur, Ur, Rr^Vd, Ur, Xos, _off^_usr, _off^_usr, _off^_usr, _off^_usr, _off^_usr, _off^_usr, _off^_usr
_off^_usr, _off^_usr, _off^_usr, _off^_usr, _off^_usr, _off^_usr, _off^_usr, _off^_usr, Xos, Ur, Ur, Ur, Ur, Ur, Ur, Ur, Qlf, Ur, Ur, Ur, Ur, Ur, Re, Qlf^Xo, Co, Re, Re, Re, Re, Re, Co, Qlf^Xo, Re, Ur, Ur, Ur, Ur, Ur, Qlf, Ur, Ur, Ur, Ur, Ur, Ur, Ur, Xos, _off^_usr, _off^_usr, _off^_usr, _off^_usr, _off^_usr, _off^_usr, _off^_usr
_off^_usr, _off^_usr, _off^_usr, _off^_usr, _off^_usr, _off^_usr, _off^_usr, _off^_usr, Xos, Ur, Ur, Ur, Ur, Wwg, Ur, Ur, Ur, Ur, Ur, Ko, Ur, Ur, Re, Re, Re, Ko, Re, Re, Re, Ko, Re, Re, Re, Ur, Ur, Ko, Ur, Ur, Ur, Ur, Ur, Wwg, Ur, Ur, Ur, Ur, Xos, _off^_usr, _off^_usr, _off^_usr, _off^_usr, _off^_usr, _off^_usr, _off^_usr
_off^_usr, _off^_usr, _off^_usr, _off^_usr, _off^_usr, _off^_usr, _off^_usr, _off^_usr, Xos, Ur, Wwg, Ur, Gd^Fetd, Ur, Ur, Ur, Xos, Xos, Xos, Ur, Xos, Qlf, Qlf, Re, Re, Re, Re, Re, Re, Re, Re, Re, Qlf, Qlf, Xos, Ur, Xos, Xos, Xos, Ur, Ur, Ur, Gd^Fetd, Ur, Wwg, Ur, Xos, _off^_usr, _off^_usr, _off^_usr, _off^_usr, _off^_usr, _off^_usr, _off^_usr
_off^_usr, _off^_usr, _off^_usr, _off^_usr, _off^_usr, _off^_usr, _off^_usr, _off^_usr, Xos, Ur, Ur, Ur, Ur, Ur, Ur, Ur, Xos, Wwf, Xos, Ur, Xos, Qlf, Qlf, Qlf, Qlf, Xos, Xos, Xos, Xos, Xos, Qlf, Qlf, Qlf, Qlf, Xos, Ur, Xos, Wwf, Xos, Ur, Ur, Ur, Ur, Ur, Ur, Ur, Xos, _off^_usr, _off^_usr, _off^_usr, _off^_usr, _off^_usr, _off^_usr, _off^_usr
_off^_usr, _off^_usr, _off^_usr, _off^_usr, _off^_usr, _off^_usr, Xu, _off^_usr, Xos, Ur, Xos, Ur, Ur, Wwg, Ur, Ur, Xos, Wwf, Xos, Ur, Xos, Xos, Xos, Xos, Xos, Qlf, Qlf, Xos, Qlf, Qlf, Xos, Xos, Xos, Xos, Xos, Ur, Xos, Wwf, Xos, Ur, Ur, Wwg, Ur, Ur, Xos, Ur, Xos, _off^_usr, Xu, _off^_usr, _off^_usr, _off^_usr, _off^_usr, _off^_usr
_off^_usr, _off^_usr, _off^_usr, _off^_usr, Xu, Xu, Qxu, Xu, Xos, Ur, Ur, Xos, Xos, Ur, Ur, Ur, Xos, Wwf, Wwf, Xos, Gll^Ftr, Ss, Gll^Ftr, Gll^Ftr, Ss, Xos, Xos, Qlf, Xos, Xos, Ss, Gll^Ftr, Gll^Ftr, Ss, Gll^Ftr, Xos, Wwf, Wwf, Xos, Ur, Ur, Ur, Xos, Xos, Ur, Ur, Xos, Xu, Qxu, Xu, Xu, _off^_usr, _off^_usr, _off^_usr
_off^_usr, _off^_usr, _off^_usr, Xu, Qxu, Qxu, Uu^Uf, Uu, Uu, Xos, Xos, Ur, Xos, Ur, Ur, Ur, Wwf, Xos, Wwf, Gll^Ftr, Gll^Ftr, Gll^Ftr, Gll^Ftr, Ss, Ss, Ss, Gll^Ftr, Xos, Gll^Ftr, Ss, Ss, Ss, Gll^Ftr, Gll^Ftr, Gll^Ftr, Gll^Ftr, Wwf, Xos, Wwf, Ur, Ur, Ur, Xos, Ur, Xos, Xos, Uu, Uu, Uu^Uf, Qxu, Qxu, Xu, _off^_usr, _off^_usr
_off^_usr, _off^_usr, _off^_usr, Xu, Xu, Qxu, Urb, Xu, Xu, Wwf, Wwf, Xos, Xu, Xu, Wwf, Ur, Sm^Bw\, Wwf, Wwf, Ss^Vhs, Ss, Gll^Ftr, Rb, Rb, Ss, Gll^Ftr, Gll^Ftr, Xos, Gll^Ftr, Gll^Ftr, Ss, Rb, Rb, Gll^Ftr, Ss, Ss^Vhs, Wwf, Wwf, Sm^Bw/, Ur, Wwf, Xu, Xu, Xos, Wwf, Wwf, Xu, Xu, Urb, Qxu, Xu, Xu, _off^_usr, _off^_usr
_off^_usr, _off^_usr, _off^_usr, Xu, Urb, Xu, Urb, Urb, Urb, Xu, Uu, Xu, Uu^Uf, Wwf, Wwf, Wwf, Sm, Sm^Bw\, Sm^Bw\, Rb, Rb, Rb, Rb, Rb, Rb, Ss, Gll^Ftr, Gll^Ftr, Gll^Ftr, Ss, Rb, Rb, Rb, Rb, Rb, Rb, Sm^Bw/, Sm^Bw/, Sm, Wwf, Wwf, Wwf, Uu^Uf, Xu, Uu, Xu, Urb, Urb, Urb, Xu, Urb, Xu, _off^_usr, _off^_usr
_off^_usr, _off^_usr, _off^_usr, Xu, Urb, Urb, Qxu, Xu, Xu, Xu, Uu, Uu, Uu, Uh, Wwf, Xu, Ss^Vhs, Sm, Rb, Rb, Rb, Rb, Gll^Ftr, Rb, Ss^Bw\r, Sm, Rb, Rb, Rb, Sm, Ss^Bw/r, Rb, Gll^Ftr, Rb, Rb, Rb, Rb, Sm, Ss^Vhs, Xu, Wwf, Uh, Uu, Uu, Uu, Xu, Xu, Xu, Qxu, Urb, Urb, Xu, _off^_usr, _off^_usr
_off^_usr, _off^_usr, _off^_usr, Xu, Qxu, Qxu^Bh\, Qxu^Bh\, Qxu, Qxu, Xu, Xu, Wwf, Wwf, Uu, Xu, Xu, Ss, Ss, Rb, Ss, Ss, Ss, Ss, Ss, Ss, Sm^Bw\r, Rb, Rb, Rb, Sm^Bw/r, Ss, Ss, Ss, Ss, Ss, Ss, Rb, Ss, Ss, Xu, Xu, Uu, Wwf, Wwf, Xu, Xu, Qxu, Qxu, Qxu^Bh/, Qxu^Bh/, Qxu, Xu, _off^_usr, _off^_usr
_off^_usr, _off^_usr, _off^_usr, Xu, Xu, Qxu, Qxu, Qxu^Bh\, Uu, Uh, Uh, Uh, Xu, Uu, Gll^Ftr, Gll^Ftr, Gll^Ftr, Rb, Rb, Rb, Ss, Khs, Chs, Chs, Gll^Ftr, Sm, Rb, Rb, Rb, Sm, Gll^Ftr, Chs, Chs, Khs, Ss, Rb, Rb, Rb, Gll^Ftr, Gll^Ftr, Gll^Ftr, Uu, Xu, Uh, Uh, Uh, Uu, Qxu^Bh/, Qxu, Qxu, Xu, Xu, _off^_usr, _off^_usr
_off^_usr, _off^_usr, _off^_usr, _off^_usr, _off^_usr, Xu, Cud, Cud, Ur, Xu, Ur, Uu, Uu, Uu, Uh, Gll^Ftr, Gll^Ftr, Sm, Ss, Gll^Ftr, Ss, Chs, Chs, Chs, Rb, Rb, Sm, Gll^Ftr, Sm, Rb, Rb, Chs, Chs, Chs, Ss, Gll^Ftr, Ss, Sm, Gll^Ftr, Gll^Ftr, Uh, Uu, Uu, Uu, Ur, Xu, Ur, Cud, Cud, Xu, _off^_usr, _off^_usr, _off^_usr, _off^_usr
_off^_usr, _off^_usr, _off^_usr, _off^_usr, Xu, Xu, Cud, Kud, Ur, Ur, Ur, Uu, Uu^Uf, Uu, Uu, Gll^Ftr, Sm, Sm, Ss^Bw/r, Ss, Ss, Ss, Ss, Ss, Rb, Rb, Sm, Sm, Sm, Rb, Rb, Ss, Ss, Ss, Ss, Ss, Ss^Bw\r, Sm, Sm, Gll^Ftr, Uu, Uu, Uu^Uf, Uu, Ur, Ur, Ur, Kud, Cud, Xu, Xu, _off^_usr, _off^_usr, _off^_usr
_off^_usr, _off^_usr, _off^_usr, _off^_usr, Xu, Cud, Ur^Ii, Ur, Uu^Uf, Uu, Xu, Ur, Ur, Ur, Ur, Sm, Sm^Bw/r, Sm, Sm, Rb, Rb, Gll^Ftr, Sm, Rb, Gll^Ftr, Sm, Ss^Vhs, Xu, Ss^Vhs, Sm, Gll^Ftr, Rb, Sm, Gll^Ftr, Rb, Rb, Sm, Sm, Sm^Bw\r, Sm, Ur, Ur, Ur, Ur, Xu, Uu, Uu^Uf, Ur, Ur^Ii, Cud, Xu, _off^_usr, _off^_usr, _off^_usr
_off^_usr, _off^_usr, _off^_usr, _off^_usr, Xu, Uu, Ur, Uu^Uf, Xu, Xu, Xu, Xu, Uu^Ufi, Uu, Uu, Ur, Sm, Sm, Ss, Sm, Sm, Sm, Rb, Rb, Sm, Ss, Ss, Xu, Ss, Ss, Sm, Rb, Rb, Sm, Sm, Sm, Ss, Sm, Sm, Ur, Uu, Uu, Uu^Ufi, Xu, Xu, Xu, Xu, Uu^Uf, Ur, Uu, Xu, _off^_usr, _off^_usr, _off^_usr
_off^_usr, _off^_usr, _off^_usr, Xu, Ur, Ur, Uu, Uu, Uu, Uu, Uu, Xu, Xu, Uu, Uu, Ur, Sm^Bw\, Ss, Sm, Sm, Ur, Ur, Uu^Uf, Sm, Sm, Ss, Xu, Wwf, Xu, Ss, Sm, Sm, Uu^Uf, Ur, Ur, Sm, Sm, Ss, Sm^Bw/, Ur, Uu, Uu, Xu, Xu, Uu, Uu, Uu, Uu, Uu, Ur, Ur, Xu, _off^_usr, _off^_usr
_off^_usr, _off^_usr, _off^_usr, Xu, Ur, Uh, Uu, Xu, Xu, Ur, Uh, Uh, Xu, Xu, Xu, Sm, Sm, Ss^Bw\, Sm^Bw/, Ur, Uu^Uf, Uu, Cte, Sm, Wwf, Wwf, Wwf, Wwf, Wwf, Wwf, Wwf, Sm, Cte, Uu, Uu^Uf, Ur, Sm^Bw\, Ss^Bw/, Sm, Sm, Xu, Xu, Xu, Uh, Uh, Ur, Xu, Xu, Uu, Uh, Ur, Xu, _off^_usr, _off^_usr
_off^_usr, _off^_usr, _off^_usr, Xu, Uu, Ur, Ur, Xu, Ur, Ur, Ur, Ur, Ur, Xu, Xu, Sm, Xu, Xu, Xu, Xu, Xu, Uu, Uu, Cte, Uu, Wwf, Xu, Wwf, Xu, Wwf, Uu, Cte, Uu, Uu, Xu, Xu, Xu, Xu, Xu, Sm, Xu, Xu, Ur, Ur, Ur, Ur, Ur, Xu, Ur, Ur, Uu, Xu, _off^_usr, _off^_usr
_off^_usr, _off^_usr, _off^_usr, Xu, Xu, Uu, Xu, Ur, Xu, Uu, Uu, Uu, Wwf, Wwf, Wwf, Xu, Wwf, Xu, Wwf, Wwf, Wwf, Uu^Uf, Wwf, Uu, Wwf, Uu^Uf, Xu, Xu, Xu, Uu^Uf, Wwf, Uu, Wwf, Uu^Uf, Wwf, Wwf, Wwf, Xu, Wwf, Xu, Wwf, Wwf, Wwf, Uu, Uu, Uu, Xu, Ur, Xu, Uu, Xu, Xu, _off^_usr, _off^_usr
_off^_usr, _off^_usr, _off^_usr, _off^_usr, _off^_usr, Xu, _off^_usr, Xu, _off^_usr, Xu, Xu, Uu, Wwf, Wwf, Wwf, Wwf, Wwf, Wwf, Xu, Xu, Ai, Wwf, Xu, Wwf, Wwf, Uu^Uf, Xu, Xu, Xu, Uu^Uf, Wwf, Wwf, Xu, Wwf, Ai, Xu, Xu, Wwf, Wwf, Wwf, Wwf, Wwf, Wwf, Uu, Xu, Xu, _off^_usr, Xu, _off^_usr, Xu, _off^_usr, _off^_usr, _off^_usr, _off^_usr
_off^_usr, _off^_usr, _off^_usr, _off^_usr, _off^_usr, _off^_usr, _off^_usr, _off^_usr, _off^_usr, _off^_usr, _off^_usr, Xu, Xu, Wwf, Wwf, Wwf, Wwf, Wwf, Wwf, Xu, Xu, Ai, Xu, Uu, Wwf, Xu, Xu, Xu, Xu, Xu, Wwf, Uu, Xu, Ai, Xu, Xu, Wwf, Wwf, Wwf, Wwf, Wwf, Wwf, Xu, Xu, _off^_usr, _off^_usr, _off^_usr, _off^_usr, _off^_usr, _off^_usr, _off^_usr, _off^_usr, _off^_usr, _off^_usr
_off^_usr, _off^_usr, _off^_usr, _off^_usr, _off^_usr, _off^_usr, _off^_usr, _off^_usr, _off^_usr, _off^_usr, _off^_usr, _off^_usr, _off^_usr, Xu, Ai, Wwf, Wwf, Ai, Ai, Wwf, Wwf, Xu, Aa, Wwf, Wwf, Xu, Aa, Xu, Aa, Xu, Wwf, Wwf, Aa, Xu, Wwf, Wwf, Ai, Ai, Wwf, Wwf, Ai, Xu, _off^_usr, _off^_usr, _off^_usr, _off^_usr, _off^_usr, _off^_usr, _off^_usr, _off^_usr, _off^_usr, _off^_usr, _off^_usr, _off^_usr
_off^_usr, _off^_usr, _off^_usr, _off^_usr, _off^_usr, _off^_usr, _off^_usr, _off^_usr, _off^_usr, _off^_usr, _off^_usr, _off^_usr, _off^_usr, Xu, Cea, Khr, Cea, Cea, Aa, Wwf, Aa^Fpa, Aa, Ai, Aa, Wwf, Aa^Fda, Aa, Xu, Aa, Aa^Fda, Wwf, Aa, Ai, Aa, Aa^Fpa, Wwf, Aa, Cea, Cea, Khr, Cea, Xu, _off^_usr, _off^_usr, _off^_usr, _off^_usr, _off^_usr, _off^_usr, _off^_usr, _off^_usr, _off^_usr, _off^_usr, _off^_usr, _off^_usr
_off^_usr, _off^_usr, _off^_usr, _off^_usr, _off^_usr, _off^_usr, _off^_usr, _off^_usr, _off^_usr, _off^_usr, _off^_usr, _off^_usr, _off^_usr, _off^_usr, Wwg, Cea, Cea, Aa, Wwf, Wwf, Wwf, Wwf, Ai, Wwf, Wwf, Wwf, Aa, Aa, Aa, Wwf, Wwf, Wwf, Ai, Wwf, Wwf, Wwf, Wwf, Aa, Cea, Cea, Wwg, _off^_usr, _off^_usr, _off^_usr, _off^_usr, _off^_usr, _off^_usr, _off^_usr, _off^_usr, _off^_usr, _off^_usr, _off^_usr, _off^_usr, _off^_usr
_off^_usr, _off^_usr, _off^_usr, _off^_usr, _off^_usr, _off^_usr, _off^_usr, _off^_usr, _off^_usr, _off^_usr, _off^_usr, _off^_usr, _off^_usr, _off^_usr, Wwg, Cea, Aa, Wwg, Wwf, Ai, Ai, Wwf, Wwf, Ai, Wwf, Wwg, Wwg, Wwg, Wwg, Wwg, Wwf, Ai, Wwf, Wwf, Ai, Ai, Wwf, Wwg, Aa, Cea, Wwg, _off^_usr, _off^_usr, _off^_usr, _off^_usr, _off^_usr, _off^_usr, _off^_usr, _off^_usr, _off^_usr, _off^_usr, _off^_usr, _off^_usr, _off^_usr
_off^_usr, _off^_usr, _off^_usr, _off^_usr, _off^_usr, _off^_usr, _off^_usr, _off^_usr, _off^_usr, _off^_usr, _off^_usr, _off^_usr, Wwg, Wwg, Wwg, Wwg, Wwg, Wwg, Wwf, Wwf, Ha, Aa^Fma, Wwf, Wwf, Aa^Fma, Wwg, Wwg, Wwg, Wwg, Wwg, Aa^Fma, Wwf, Wwf, Aa^Fma, Ha, Wwf, Wwf, Wwg, Wwg, Wwg, Wwg, Wwg, Wwg, _off^_usr, _off^_usr, _off^_usr, _off^_usr, _off^_usr, _off^_usr, _off^_usr, _off^_usr, _off^_usr, _off^_usr, _off^_usr
_off^_usr, _off^_usr, _off^_usr, _off^_usr, _off^_usr, _off^_usr, Xos, Xos, Xos, _off^_usr, Xos, Xos, Wwg, Wwg, Wwf, Wwg, Wwf, Wwf, Wwf, Ha, Ms, Aa^Fda, Wwf, Ai, Ai, Aa^Fpa, Aa^Fpa, Wwg, Aa^Fpa, Aa^Fpa, Ai, Ai, Wwf, Aa^Fda, Ms, Ha, Wwf, Wwf, Wwf, Wwg, Wwf, Wwg, Wwg, Xos, Xos, _off^_usr, Xos, Xos, Xos, _off^_usr, _off^_usr, _off^_usr, _off^_usr, _off^_usr
_off^_usr, _off^_usr, _off^_usr, _off^_usr, Xos, Xos, Ur, Ur, Ur, Xos, Wwg, Xos, Wwg, Wwf, Aa^Fpa, Wwf, Aa, Cea, Ai, Ha, Ms, Ai, Aa^Fma, Wwf, Wwf, Aa^Fpa, Aa^Fma, Wwg, Aa^Fpa, Aa^Fpa, Wwf, Wwf, Aa^Fma, Ai, Ms, Ha, Ai, Cea, Aa, Wwf, Aa^Fpa, Wwf, Wwg, Xos, Wwg, Xos, Ur, Ur, Ur, Xos, Xos, _off^_usr, _off^_usr, _off^_usr
_off^_usr, _off^_usr, Xos, Xos, Ur, Ur, Xos, Ur, Xos, Ur, Xos, Wwg, Wwf, Wwf, Aa^Fpa, Aa^Fpa, Ha, Aa, Wwf, Wwf, Ms, Ms, Ha, Ha, Wwf, Aa^Fda, Aa^Fma, Ai, Aa^Fma, Aa^Fda, Wwf, Ha, Ha, Ms, Ms, Wwf, Wwf, Aa, Ha, Aa^Fpa, Aa^Fpa, Wwf, Wwf, Wwg, Xos, Ur, Xos, Ur, Xos, Ur, Ur, Xos, Xos, _off^_usr
_off^_usr, _off^_usr, Xos, Ur, Xos, Ur, Xos, Ur, Xos, Ur, Xos, Xos, Wwf, Aa^Fpa, Aa^Fpa, Ha, Ha, Wwf, Ha, Ha, Ha, Ha, Ha, Ha, Wwf, Rr, Aa, Wwf, Aa, Rr, Wwf, Ha, Ha, Ha, Ha, Ha, Ha, Wwf, Ha, Ha, Aa^Fpa, Aa^Fpa, Wwf, Xos, Xos, Ur, Xos, Ur, Xos, Ur, Xos, Ur, Xos, _off^_usr
_off^_usr, _off^_usr, Xos, Ur, Xos, Ur, Ur, Ur, Ur, Ur, Ur, Wwf, Wwf, Ai, Ha, Ha, Ha, Ai, Wwf, Ha, Rr, Aa^Vaa, Ai, Ai, Rr, Rr, Aa, Wwf, Aa, Rr, Rr, Ai, Ai, Aa^Vaa, Rr, Ha, Wwf, Ai, Ha, Ha, Ha, Ai, Wwf, Wwf, Ur, Ur, Ur, Ur, Ur, Ur, Xos, Ur, Xos, _off^_usr
_off^_usr, _off^_usr, Xos, Ur, Ur, Ur, Ur, Xos, Xos, Ur, Xos, Wwf, Ai, Ha, Ms, Ha, Ha, Ai, Aa^Fda, Aa^Fma, Rr, Aa^Ecf, Wwf, Wwf, Rr, Cea, Aa^Fpa, Wwf, Aa^Fpa, Cea, Rr, Wwf, Wwf, Aa^Ecf, Rr, Aa^Fma, Aa^Fda, Ai, Ha, Ha, Ms, Ha, Ai, Wwf, Xos, Ur, Xos, Xos, Ur, Ur, Ur, Ur, Xos, _off^_usr
_off^_usr, _off^_usr, Xos, Ur, Ur, Xos, Xos, Ur, Ur, Ur, Ur, Xos, Xos, Ha, Ha, Ha, Wwf, Wwf, Aa^Fda, Aa^Fma, Rr, Wwf, Aa^Fma, Aa^Fda, Rr, Aa^Fpa, Aa^Fpa, Ha, Aa^Fpa, Aa^Fpa, Rr, Aa^Fda, Aa^Fma, Wwf, Rr, Aa^Fma, Aa^Fda, Wwf, Wwf, Ha, Ha, Ha, Xos, Xos, Ur, Ur, Ur, Ur, Xos, Xos, Ur, Ur, Xos, _off^_usr
_off^_usr, _off^_usr, Xos, Ur, Xos, Ur, Ur, Ur, Xos, Xos, Xos, Ur, Ur, Xos, Xos, Xos, Aa^Fpa, Wwf, Wwf, Ha, Rr, Aa^Fpa, Aa, Aa^Fda, Rr, Aa^Fpa, Xos, Ha, Xos, Aa^Fpa, Rr, Aa^Fda, Aa, Aa^Fpa, Rr, Ha, Wwf, Wwf, Aa^Fpa, Xos, Xos, Xos, Ur, Ur, Xos, Xos, Xos, Ur, Ur, Ur, Xos, Ur, Xos, _off^_usr
_off^_usr, _off^_usr, _off^_usr, Xos, Ur, Ur, Xos, Ur, Ur, Ur, Ur, Xos, Ur, Ur, Ur, Aa, Ur, Aa^Fpa, Aa^Fpa, Ai, Aa, Rr, Rr, Rr, Aa^Fpa, Aa^Fpa, Xos, Xos, Xos, Aa^Fpa, Aa^Fpa, Rr, Rr, Rr, Aa, Ai, Aa^Fpa, Aa^Fpa, Ur, Aa, Ur, Ur, Ur, Xos, Ur, Ur, Ur, Ur, Xos, Ur, Ur, Xos, _off^_usr, _off^_usr
_off^_usr, _off^_usr, _off^_usr, Xos, Ur, Xos, Ur, Ur, Ur, Ur, Ur, Xos, Xos, Xos, Ur, Ur, Xos, Xos, Xos, Xos, Qxu, Rr, Qxu, Xos, Xos, Xos, Wwg, Wwg, Wwg, Xos, Xos, Xos, Qxu, Rr, Qxu, Xos, Xos, Xos, Xos, Ur, Ur, Xos, Xos, Xos, Ur, Ur, Ur, Ur, Ur, Xos, Ur, Xos, _off^_usr, _off^_usr
_off^_usr, _off^_usr, _off^_usr, Xos, Ur, Xos, Ur, Ur, Ur, Xos, Ur, Ur, Ur, Ur, Ur, Xos, Ur, Xos, Uu, Uu, Qxu, Qxu^Bs|, Qxu, Uu, Uu, Xos, Wwg, Xos, Wwg, Xos, Uu, Uu, Qxu, Qxu^Bs|, Qxu, Uu, Uu, Xos, Ur, Xos, Ur, Ur, Ur, Ur, Ur, Xos, Ur, Ur, Ur, Xos, Ur, Xos, _off^_usr, _off^_usr
_off^_usr, _off^_usr, _off^_usr, Xos, Ur, Xos, Xos, Ur, Xos, Xos, Ur, Ur, Ur, Ur, Ur, Xos, Ur, Ur, Xos, Uu, Qxu, Qxu^Bs|, Qxu, Uu, Uu, Xos, Xos, Xos, Xos, Xos, Uu, Uu, Qxu, Qxu^Bs|, Qxu, Uu, Xos, Ur, Ur, Xos, Ur, Ur, Ur, Ur, Ur, Xos, Xos, Ur, Xos, Xos, Ur, Xos, _off^_usr, _off^_usr
_off^_usr, _off^_usr, _off^_usr, Xos, Xos, Ur, Ur, Xos, Ur, Ur, Ur, Xos, Xos, Xos, Ur, Ur, Ur, Xos, Xos, Xos, Uu, Ur, Uu, Xos, Xos, Uu, Uu^Vud, Xos, Uu^Vud, Uu, Xos, Xos, Uu, Ur, Uu, Xos, Xos, Xos, Ur, Ur, Ur, Xos, Xos, Xos, Ur, Ur, Ur, Xos, Ur, Ur, Xos, Xos, _off^_usr, _off^_usr
_off^_usr, _off^_usr, _off^_usr, Xos, Ur, Ur, Ur, Ur, Xos, Xos, Xos, Ur, Ur, Ur, Xos, Xos, Xos, Ur, Ur, Uu, Cud, Cud, Cud, Uu, Uu, Uu, Uu^Vud, Xos, Uu^Vud, Uu, Uu, Uu, Cud, Cud, Cud, Uu, Ur, Ur, Xos, Xos, Xos, Ur, Ur, Ur, Xos, Xos, Xos, Ur, Ur, Ur, Ur, Xos, _off^_usr, _off^_usr
_off^_usr, _off^_usr, _off^_usr, Xos, Ur, Xos, Ur, Xos, Wwf, Wwf, Xos, Ur, Xos, Xos, Wwg, Wwg, Wwg, Xos, Ur, Ur, Cud, Kud, Cud, Ur, Xos, Uu, Uu^Vud, Xos, Uu^Vud, Uu, Xos, Ur, Cud, Kud, Cud, Ur, Ur, Xos, Wwg, Wwg, Wwg, Xos, Xos, Ur, Xos, Wwf, Wwf, Xos, Ur, Xos, Ur, Xos, _off^_usr, _off^_usr
_off^_usr, _off^_usr, Xos, Xos, Ur, Xos, Xos, Ur, Xos, Wwf, Wwrg, Xos, Wwg, Wwrg, Wwf, Wwf, Wwf, Xos, Xos, Uu, Uu, Cud, Uu, Uu, Xos, Xos, Xos, Xos, Xos, Xos, Xos, Uu, Uu, Cud, Uu, Uu, Xos, Xos, Wwf, Wwf, Wwf, Wwrg, Wwg, Xos, Wwrg, Wwf, Xos, Ur, Xos, Xos, Ur, Xos, Xos, _off^_usr
_off^_usr, _off^_usr, Xos, Ur, Ur, Ur, Ur, Xos, Xos, Wwf, Wwf, Wwg, Wwf, Wwf, Gs^Fms, Gg^Fet, Wwf, Wwf, Gs^Fds, Xos, Ur, Ur, Ur, Xos, Xos, Xos, Xos, Wwf, Xos, Xos, Xos, Xos, Ur, Ur, Ur, Xos, Gs^Fds, Wwf, Wwf, Gg^Fet, Gs^Fms, Wwf, Wwf, Wwg, Wwf, Wwf, Xos, Xos, Ur, Ur, Ur, Ur, Xos, _off^_usr
_off^_usr, _off^_usr, Xos, Ur, Ur, Ur, Xos, Ur, Xos, Wwf, Wwrg, Wwg, Wwf, Wwf, Gs^Fds, Hh, Hh, Hh, Hh, Gg, Gg, Ur, Gs, Gg, Gg, Gs, Xos, Wwf, Xos, Gs, Gg, Gg, Gs, Ur, Gg, Gg, Hh, Hh, Hh, Hh, Gs^Fds, Wwf, Wwf, Wwg, Wwrg, Wwf, Xos, Ur, Xos, Ur, Ur, Ur, Xos, _off^_usr
_off^_usr, _off^_usr, _off^_usr, Xos, Ur, Xos, Ur, Ur, Ur, Xos, Wwrg, Wwf, Wwf, Gg, Wwf, Gs^Fds, Mm, Hh, Gs^Fds, Gg, Gg, Gg, Gs^Fds, Gs^Fds, Gg, Gg, Gg, Xos, Gg, Gg, Gg, Gs^Fds, Gs^Fds, Gg, Gg, Gg, Gs^Fds, Hh, Mm, Gs^Fds, Wwf, Gg, Wwf, Wwf, Wwrg, Xos, Ur, Ur, Ur, Xos, Ur, Xos, _off^_usr, _off^_usr
_off^_usr, _off^_usr, Xos, Xos, Ur, Xos, Xos, Ur, Xos, Xos, Wwf, Xos, Wwf, Wwf, Gs^Fds, Wwf, Qxu, Hh, Mm, Hh, Hh, Gg, Gg, Gg, Gg, Gs^Fds, Gg, Wwf, Gg, Gs^Fds, Gg, Gg, Gg, Gg, Hh, Hh, Mm, Hh, Qxu, Wwf, Gs^Fds, Wwf, Wwf, Xos, Wwf, Xos, Xos, Ur, Xos, Xos, Ur, Xos, Xos, _off^_usr
_off^_usr, _off^_usr, Xos, Ur, Ur, Ur, Ur, Xos, Wwf, Wwg, Xos, Xos, Wwg, Wwf, Gg, Wwf, Gg, Qxu, Gg, Qxu, Gg, Gg, Qxu, Gs^Fds, Gg, Gg, Wwf, Wwf, Wwf, Gg, Gg, Gs^Fds, Qxu, Gg, Gg, Qxu, Gg, Qxu, Gg, Wwf, Gg, Wwf, Wwg, Xos, Xos, Wwg, Wwf, Xos, Ur, Ur, Ur, Ur, Xos, _off^_usr
_off^_usr, _off^_usr, Xos, Ur, Ur, Ur, Ur, Wwf, Xos, Xos, _off^_usr, _off^_usr, Wwg, Wwg, Gs^Vht, Gg, Gd^Fts, Gg, Gd^Fts, Gg, Gs, Gg, Gg, Qxu, Wwf, Wwf, Wwrg, Wwg, Wwrg, Wwf, Wwf, Qxu, Gg, Gg, Gs, Gg, Gd^Fts, Gg, Gd^Fts, Gg, Gs^Vht, Wwg, Wwg, _off^_usr, _off^_usr, Xos, Xos, Wwf, Ur, Ur, Ur, Ur, Xos, _off^_usr
_off^_usr, _off^_usr, _off^_usr, Xos, Xos, Ur, Xos, Xos, _off^_usr, _off^_usr, _off^_usr, _off^_usr, Wwg, Wwg, Gd^Fts, Gd^Fts, Gs, Gs, Gs, Gg, Gd^Fts, Gd^Fts, Gd^Fts, Qxu, Wwf, Wwf, Wwrg, Wog^Xo, Wwrg, Wwf, Wwf, Qxu, Gd^Fts, Gd^Fts, Gd^Fts, Gg, Gs, Gs, Gs, Gd^Fts, Gd^Fts, Wwg, Wwg, _off^_usr, _off^_usr, _off^_usr, _off^_usr, Xos, Xos, Ur, Xos, Xos, _off^_usr, _off^_usr
_off^_usr, _off^_usr, _off^_usr, _off^_usr, _off^_usr, Xos, _off^_usr, _off^_usr, _off^_usr, _off^_usr, _off^_usr, _off^_usr, _off^_usr, Gs, Gg, Gd^Fts, Gs, Gd^Fts, Gd^Fts, Wwf, Wwf, Gg, Gd^Fts, Gg, Wwf, Wwf, Qxu, Qxu, Qxu, Wwf, Wwf, Gg, Gd^Fts, Gg, Wwf, Wwf, Gd^Fts, Gs, Gs, Gd^Fts, Gg, Gs, _off^_usr, _off^_usr, _off^_usr, _off^_usr, _off^_usr, _off^_usr, _off^_usr, Xos, _off^_usr, _off^_usr, _off^_usr, _off^_usr
_off^_usr, _off^_usr, _off^_usr, _off^_usr, _off^_usr, _off^_usr, _off^_usr, _off^_usr, _off^_usr, _off^_usr, _off^_usr, _off^_usr, _off^_usr, Gs, Gs, Gg, Gd^Fts, Gd^Fts, Gd^Fts, Gd^Fts, Wwf, Gd^Fts, Gg, Gg, Qxu, Qxu, Qxu, Qxu, Qxu, Qxu, Qxu, Gg, Gg, Gd^Fts, Wwf, Gd^Fts, Gd^Fts, Gd^Fts, Gd^Fts, Gs, Gs, Gs, _off^_usr, _off^_usr, _off^_usr, _off^_usr, _off^_usr, _off^_usr, _off^_usr, _off^_usr, _off^_usr, _off^_usr, _off^_usr, _off^_usr
_off^_usr, _off^_usr, _off^_usr, _off^_usr, _off^_usr, _off^_usr, _off^_usr, _off^_usr, _off^_usr, _off^_usr, _off^_usr, _off^_usr, _off^_usr, _off^_usr, Gs, Gd^Fts, Gd^Fts, Gs, Wwf, Wwf, Gd, Gg, Gd, Gg, Gd, Qxu, Gd, Qxu, Gd, Qxu, Gd, Gg, Gd, Gg, Gd, Wwf, Wwf, Gs, Gd^Fts, Gd^Fts, Gs, _off^_usr, _off^_usr, _off^_usr, _off^_usr, _off^_usr, _off^_usr, _off^_usr, _off^_usr, _off^_usr, _off^_usr, _off^_usr, _off^_usr, _off^_usr
_off^_usr, _off^_usr, _off^_usr, _off^_usr, _off^_usr, _off^_usr, _off^_usr, _off^_usr, _off^_usr, _off^_usr, _off^_usr, _off^_usr, _off^_usr, _off^_usr, Gd^Fts, Gd^Fts, Wwf, Wwf, Gd, Gd, Hhd, Gd, Gd, Gd, Hhd, Gd, Gd, Qxu, Gd, Gd, Hhd, Gd, Gd, Gd, Hhd, Gd, Gd, Wwf, Wwf, Gd^Fts, Gd^Fts, _off^_usr, _off^_usr, _off^_usr, _off^_usr, _off^_usr, _off^_usr, _off^_usr, _off^_usr, _off^_usr, _off^_usr, _off^_usr, _off^_usr, _off^_usr
_off^_usr, _off^_usr, _off^_usr, _off^_usr, _off^_usr, _off^_usr, _off^_usr, _off^_usr, _off^_usr, _off^_usr, _off^_usr, _off^_usr, _off^_usr, _off^_usr, Gd, Wwf, Hhd, Hhd, Gd, Ds, Ds, Hhd, Hhd, Gd, Gd^Fts, Hhd, Gd, Gd, Gd, Hhd, Gd^Fts, Gd, Hhd, Hhd, Ds, Ds, Gd, Hhd, Hhd, Wwf, Gd, _off^_usr, _off^_usr, _off^_usr, _off^_usr, _off^_usr, _off^_usr, _off^_usr, _off^_usr, _off^_usr, _off^_usr, _off^_usr, _off^_usr, _off^_usr
_off^_usr, _off^_usr, _off^_usr, _off^_usr, _off^_usr, _off^_usr, _off^_usr, _off^_usr, _off^_usr, _off^_usr, _off^_usr, _off^_usr, _off^_usr, _off^_usr, Gd^Fts, Wwf, Wwf, Gd, Ds, Ds, Ds, Ds, Rd, Hhd, Hhd, Gd^Fts, Gd^Fts, Gd^Fts, Gd^Fts, Gd^Fts, Hhd, Hhd, Rd, Ds, Ds, Ds, Ds, Gd, Wwf, Wwf, Gd^Fts, _off^_usr, _off^_usr, _off^_usr, _off^_usr, _off^_usr, _off^_usr, _off^_usr, _off^_usr, _off^_usr, _off^_usr, _off^_usr, _off^_usr, _off^_usr
_off^_usr, _off^_usr, _off^_usr, _off^_usr, _off^_usr, _off^_usr, _off^_usr, _off^_usr, _off^_usr, _off^_usr, _off^_usr, _off^_usr, _off^_usr, _off^_usr, Gd^Fts, Gd^Fts, Gs, Wwf, Dd^Ftd, Ds, Ce, Ke, Ce, Ds, Ds, Gd^Fts, Gd^Fts, Gd^Fts, Gd^Fts, Gd^Fts, Ds, Ds, Ce, Ke, Ce, Ds, Dd^Ftd, Wwf, Gs, Gd^Fts, Gd^Fts, _off^_usr, _off^_usr, _off^_usr, _off^_usr, _off^_usr, _off^_usr, _off^_usr, _off^_usr, _off^_usr, _off^_usr, _off^_usr, _off^_usr, _off^_usr
_off^_usr, _off^_usr, _off^_usr, _off^_usr, _off^_usr, _off^_usr, _off^_usr, _off^_usr, _off^_usr, _off^_usr, _off^_usr, _off^_usr, _off^_usr, _off^_usr, Gs, Gs, Wwf, Wwf, Dd^Ftd, Rd, Rd, Ds, Ds, Rd, Ds, Ds, Ds, Gd^Fts, Ds, Ds, Ds, Rd, Ds, Ds, Rd, Rd, Dd^Ftd, Wwf, Wwf, Gs, Gs, _off^_usr, _off^_usr, _off^_usr, _off^_usr, _off^_usr, _off^_usr, _off^_usr, _off^_usr, _off^_usr, _off^_usr, _off^_usr, _off^_usr, _off^_usr
_off^_usr, _off^_usr, _off^_usr, _off^_usr, _off^_usr, _off^_usr, _off^_usr, _off^_usr, _off^_usr, _off^_usr, _off^_usr, _off^_usr, _off^_usr, _off^_usr, Gs^Efm, Gs^Efm, Wwf, Dd^Ftd, Ds, Ds, Rd, Ds, Dd^Ftd, Rd, Rd, Dd^Ftd, Dd^Ftd, Ds, Dd^Ftd, Dd^Ftd, Rd, Rd, Dd^Ftd, Ds, Rd, Ds, Ds, Dd^Ftd, Wwf, Gs^Efm, Gs^Efm, _off^_usr, _off^_usr, _off^_usr, _off^_usr, _off^_usr, _off^_usr, _off^_usr, _off^_usr, _off^_usr, _off^_usr, _off^_usr, _off^_usr, _off^_usr
_off^_usr, _off^_usr, _off^_usr, _off^_usr, _off^_usr, _off^_usr, _off^_usr, _off^_usr, _off^_usr, _off^_usr, _off^_usr, _off^_usr, _off^_usr, _off^_usr, Wog, Wwg, Ds, Ds, Ds^Dr, Ds, Ds, Rd, Rd, Ds, Hd, Dd^Ftd, Dd^Vdt, Ds, Dd^Vdt, Dd^Ftd, Hd, Ds, Rd, Rd, Ds, Ds, Ds^Dr, Ds, Ds, Wwg, Wog, _off^_usr, _off^_usr, _off^_usr, _off^_usr, _off^_usr, _off^_usr, _off^_usr, _off^_usr, _off^_usr, _off^_usr, _off^_usr, _off^_usr, _off^_usr
_off^_usr, _off^_usr, _off^_usr, _off^_usr, _off^_usr, _off^_usr, _off^_usr, _off^_usr, _off^_usr, _off^_usr, _off^_usr, _off^_usr, _off^_usr, _off^_usr, Wog, Ds, Ds, Ds^Es, Ds, Ds, Wwf, Ds, Ds, Ds, Hd, Hd, Rd, Dd^Ftd, Rd, Hd, Hd, Ds, Ds, Ds, Wwf, Ds, Ds, Ds^Es, Ds, Ds, Wog, _off^_usr, _off^_usr, _off^_usr, _off^_usr, _off^_usr, _off^_usr, _off^_usr, _off^_usr, _off^_usr, _off^_usr, _off^_usr, _off^_usr, _off^_usr
_off^_usr, _off^_usr, _off^_usr, _off^_usr, _off^_usr, _off^_usr, _off^_usr, _off^_usr, _off^_usr, _off^_usr, _off^_usr, _off^_usr, _off^_usr, _off^_usr, Wog, Wog, Wwf, Ds, Wwf, Wwf, Qxu, Wwf, Wwf, Dd^Ftd, Ds, Ds, Rd, Rd, Rd, Ds, Ds, Dd^Ftd, Wwf, Wwf, Qxu, Wwf, Wwf, Ds, Wwf, Wog, Wog, _off^_usr, _off^_usr, _off^_usr, _off^_usr, _off^_usr, _off^_usr, _off^_usr, _off^_usr, _off^_usr, _off^_usr, _off^_usr, _off^_usr, _off^_usr
_off^_usr, _off^_usr, _off^_usr, _off^_usr, _off^_usr, _off^_usr, _off^_usr, _off^_usr, _off^_usr, _off^_usr, _off^_usr, _off^_usr, _off^_usr, _off^_usr, Wog, Wog, Qxu, Wwf, Qxu, Wwf, Wwg, Qxu, Qxu, Wwf, Wwf, Ds, Ds, Dd^Ftd, Ds, Ds, Wwf, Wwf, Qxu, Qxu, Wwg, Wwf, Qxu, Wwf, Qxu, Wog, Wog, _off^_usr, _off^_usr, _off^_usr, _off^_usr, _off^_usr, _off^_usr, _off^_usr, _off^_usr, _off^_usr, _off^_usr, _off^_usr, _off^_usr, _off^_usr
_off^_usr, _off^_usr, _off^_usr, _off^_usr, _off^_usr, _off^_usr, _off^_usr, _off^_usr, _off^_usr, _off^_usr, _off^_usr, _off^_usr, _off^_usr, _off^_usr, Wog, Wog, Qxu, Wwf, Qxu, Wwf, Wwf, Wwg, Wwf, Qxu, Qxu, Wwg, Wog, Ds, Wog, Wwg, Qxu, Qxu, Wwf, Wwg, Wwf, Wwf, Qxu, Wwf, Qxu, Wog, Wog, _off^_usr, _off^_usr, _off^_usr, _off^_usr, _off^_usr, _off^_usr, _off^_usr, _off^_usr, _off^_usr, _off^_usr, _off^_usr, _off^_usr, _off^_usr
_off^_usr, _off^_usr, _off^_usr, _off^_usr, _off^_usr, _off^_usr, _off^_usr, _off^_usr, _off^_usr, _off^_usr, _off^_usr, _off^_usr, _off^_usr, _off^_usr, Wog, Wog, Qxu, Wwf, Wwf, Qxu, Wwf, Wwf, Wwf, Wwf, Ww^Vm, Wwg, Wog, Wog, Wog, Wwg, Ww^Vm, Wwf, Wwf, Wwf, Wwf, Qxu, Wwf, Wwf, Qxu, Wog, Wog, _off^_usr, _off^_usr, _off^_usr, _off^_usr, _off^_usr, _off^_usr, _off^_usr, _off^_usr, _off^_usr, _off^_usr, _off^_usr, _off^_usr, _off^_usr
_off^_usr, _off^_usr, _off^_usr, _off^_usr, _off^_usr, _off^_usr, _off^_usr, _off^_usr, _off^_usr, _off^_usr, _off^_usr, _off^_usr, _off^_usr, _off^_usr, Wog, Wog, Wog, Qxu, Qxu, Wwf, Wog, Wwrg, Wwrg, Wwf, Chw, Wog, Wog, Wog, Wog, Wog, Chw, Wwf, Wwrg, Wwrg, Wog, Wwf, Qxu, Qxu, Wog, Wog, Wog, _off^_usr, _off^_usr, _off^_usr, _off^_usr, _off^_usr, _off^_usr, _off^_usr, _off^_usr, _off^_usr, _off^_usr, _off^_usr, _off^_usr, _off^_usr
_off^_usr, _off^_usr, _off^_usr, _off^_usr, _off^_usr, _off^_usr, _off^_usr, _off^_usr, _off^_usr, _off^_usr, _off^_usr, _off^_usr, _off^_usr, _off^_usr, Wog, Wog, Wog, Wog, Wog, Wog, Wog, Wog, Wwg, Wwf, Wwf, Wog, Wwf, Wwrg, Wwf, Wog, Wwf, Wwf, Wwg, Wog, Wog, Wog, Wog, Wog, Wog, Wog, Wog, _off^_usr, _off^_usr, _off^_usr, _off^_usr, _off^_usr, _off^_usr, _off^_usr, _off^_usr, _off^_usr, _off^_usr, _off^_usr, _off^_usr, _off^_usr
_off^_usr, _off^_usr, _off^_usr, _off^_usr, _off^_usr, _off^_usr, _off^_usr, _off^_usr, _off^_usr, _off^_usr, _off^_usr, _off^_usr, _off^_usr, _off^_usr, Wog, Wog, Wog, Wog, Wog, Wog, Wwf, Wwf, Wwf, Wwg, Wwf, Wwf, Wwg, Wwg, Wwg, Wwf, Wwf, Wwg, Wwf, Wwf, Wwf, Wog, Wog, Wog, Wog, Wog, Wog, _off^_usr, _off^_usr, _off^_usr, _off^_usr, _off^_usr, _off^_usr, _off^_usr, _off^_usr, _off^_usr, _off^_usr, _off^_usr, _off^_usr, _off^_usr
_off^_usr, _off^_usr, _off^_usr, _off^_usr, _off^_usr, _off^_usr, _off^_usr, _off^_usr, _off^_usr, _off^_usr, _off^_usr, _off^_usr, _off^_usr, _off^_usr, Wog, Wog, Wog, Wog, Wwf, Wwf, Wwg, Wwf, Wog, Wwf, Wog, Wog, Wog, Wwg, Wog, Wog, Wog, Wwf, Wog, Wwf, Wwg, Wwf, Wwf, Wog, Wog, Wog, Wog, _off^_usr, _off^_usr, _off^_usr, _off^_usr, _off^_usr, _off^_usr, _off^_usr, _off^_usr, _off^_usr, _off^_usr, _off^_usr, _off^_usr, _off^_usr
_off^_usr, _off^_usr, _off^_usr, _off^_usr, _off^_usr, _off^_usr, _off^_usr, _off^_usr, _off^_usr, _off^_usr, _off^_usr, _off^_usr, _off^_usr, _off^_usr, Wog, Wog, Wwf, Wwf, Wwg, Wwg, Wwg, Wog, Wog, Wog, Wog, Wog, Wog, Wog, Wog, Wog, Wog, Wog, Wog, Wog, Wwg, Wwg, Wwg, Wwf, Wwf, Wog, Wog, _off^_usr, _off^_usr, _off^_usr, _off^_usr, _off^_usr, _off^_usr, _off^_usr, _off^_usr, _off^_usr, _off^_usr, _off^_usr, _off^_usr, _off^_usr
_off^_usr, _off^_usr, _off^_usr, _off^_usr, _off^_usr, _off^_usr, _off^_usr, _off^_usr, _off^_usr, _off^_usr, _off^_usr, _off^_usr, _off^_usr, _off^_usr, Wog, Wog, Wwf, Wwg, Wwf, Wwf, Ds, Ds, Ds, Ds, Ds, Ds, Wog, Wog, Wog, Ds, Ds, Ds, Ds, Ds, Ds, Wwf, Wwf, Wwg, Wwf, Wog, Wog, _off^_usr, _off^_usr, _off^_usr, _off^_usr, _off^_usr, _off^_usr, _off^_usr, _off^_usr, _off^_usr, _off^_usr, _off^_usr, _off^_usr, _off^_usr
_off^_usr, _off^_usr, _off^_usr, _off^_usr, _off^_usr, _off^_usr, _off^_usr, _off^_usr, _off^_usr, _off^_usr, _off^_usr, _off^_usr, _off^_usr, _off^_usr, Wog, Wog, Wwf, Wwf, Wwf, Ds, Ds, Ds, Ds^Edpp, Ds, Rd, Cdr, Cdr, Wog, Cdr, Cdr, Rd, Ds, Ds^Edpp, Ds, Ds, Ds, Wwf, Wwf, Wwf, Wog, Wog, _off^_usr, _off^_usr, _off^_usr, _off^_usr, _off^_usr, _off^_usr, _off^_usr, _off^_usr, _off^_usr, _off^_usr, _off^_usr, _off^_usr, _off^_usr
_off^_usr, _off^_usr, _off^_usr, _off^_usr, _off^_usr, _off^_usr, _off^_usr, _off^_usr, _off^_usr, _off^_usr, _off^_usr, _off^_usr, _off^_usr, _off^_usr, Wog, Wog, Wog, Wwrg, Wwg, Wwg, Ds, Rd, Rd, Ds, Ds, Cdr, Kdr, Cdr, Kdr, Cdr, Ds, Ds, Rd, Rd, Ds, Wwg, Wwg, Wwrg, Wog, Wog, Wog, _off^_usr, _off^_usr, _off^_usr, _off^_usr, _off^_usr, _off^_usr, _off^_usr, _off^_usr, _off^_usr, _off^_usr, _off^_usr, _off^_usr, _off^_usr
_off^_usr, _off^_usr, _off^_usr, _off^_usr, _off^_usr, _off^_usr, _off^_usr, _off^_usr, _off^_usr, _off^_usr, _off^_usr, _off^_usr, Wog, Wog, Wog, Wog, Wog, Wog, Wog, Wwf, Ds, Rd, Ds, Rd, Ds, Cdr, Cdr, Cdr, Cdr, Cdr, Ds, Rd, Ds, Rd, Ds, Wwf, Wog, Wog, Wog, Wog, Wog, Wog, Wog, _off^_usr, _off^_usr, _off^_usr, _off^_usr, _off^_usr, _off^_usr, _off^_usr, _off^_usr, _off^_usr, _off^_usr, _off^_usr
_off^_usr, _off^_usr, _off^_usr, _off^_usr, _off^_usr, _off^_usr, _off^_usr, _off^_usr, _off^_usr, _off^_usr, _off^_usr, Wog, Wog, Wog, Wog, Wog, Wog, Wog, Wog, Ds, Ds, Rd, Rd, Dd^Edb, Rd, Cdr, Cdr, Kdr, Cdr, Cdr, Rd, Dd^Edb, Rd, Rd, Ds, Ds, Wog, Wog, Wog, Wog, Wog, Wog, Wog, Wog, _off^_usr, _off^_usr, _off^_usr, _off^_usr, _off^_usr, _off^_usr, _off^_usr, _off^_usr, _off^_usr, _off^_usr
_off^_usr, _off^_usr, _off^_usr, _off^_usr, _off^_usr, _off^_usr, _off^_usr, _off^_usr, _off^_usr, _off^_usr, Wog, Wog, Wog, Wog, Wog, Wog, Wog, Wog, Wog, Wog, Wog, Ds, Dd^Dc, Ds, Ds, Ds, Cdr, Cdr, Cdr, Ds, Ds, Ds, Dd^Dc, Ds, Wog, Wog, Wog, Wog, Wog, Wog, Wog, Wog, Wog, Wog, Wog, _off^_usr, _off^_usr, _off^_usr, _off^_usr, _off^_usr, _off^_usr, _off^_usr, _off^_usr, _off^_usr
_off^_usr, _off^_usr, _off^_usr, _off^_usr, _off^_usr, _off^_usr, _off^_usr, _off^_usr, _off^_usr, _off^_usr, Wog, Wog, Wog, Wog, Wog, Wog, Wog, Wog, Wog, Wog, Wog, Ds, Ds, Ds, Wog, Wog, Wog, Cdr, Wog, Wog, Wog, Ds, Ds, Ds, Wog, Wog, Wog, Wog, Wog, Wog, Wog, Wog, Wog, Wog, Wog, _off^_usr, _off^_usr, _off^_usr, _off^_usr, _off^_usr, _off^_usr, _off^_usr, _off^_usr, _off^_usr
_off^_usr, _off^_usr, _off^_usr, _off^_usr, _off^_usr, _off^_usr, _off^_usr, _off^_usr, _off^_usr, Wog, Wog, Wog, Wog, Wog, Wog, Wog, Wog, Wog, Wog, Wog, Wog, Ds, Wog, Wog, Wog, Wog, Wog, Wog, Wog, Wog, Wog, Wog, Wog, Ds, Wog, Wog, Wog, Wog, Wog, Wog, Wog, Wog, Wog, Wog, Wog, Wog, _off^_usr, _off^_usr, _off^_usr, _off^_usr, _off^_usr, _off^_usr, _off^_usr, _off^_usr
_off^_usr, _off^_usr, _off^_usr, _off^_usr, _off^_usr, _off^_usr, _off^_usr, _off^_usr, _off^_usr, Wog, Wog, Wog, Wog, Wog, Wog, Wog, Wog, Wog, Wog, Wog, Wog, Wog, Wog, Wog, Wog, Wog, Wog, Wog, Wog, Wog, Wog, Wog, Wog, Wog, Wog, Wog, Wog, Wog, Wog, Wog, Wog, Wog, Wog, Wog, Wog, Wog, _off^_usr, _off^_usr, _off^_usr, _off^_usr, _off^_usr, _off^_usr, _off^_usr, _off^_usr
Qlf, Qlf, Qlf, Qlf, Qlf, Qlf, Qlf, Qlf, Qlf, Qlf, Qlf, Qlf, Qlf, Qlf, Qlf, Qlf, Qlf, Qlf, Qlf, Qlf, Qlf, Qlf, Qlf, Qlf, Qlf, Qlf, Qlf, Qlf, Qlf, Qlf, Qlf, Qlf, Qlf, Qlf, Qlf, Qlf, Qlf, Qlf, Qlf, Qlf, Qlf, Qlf, Qlf, Qlf, Qlf, Qlf, Qlf, Qlf, Qlf, Qlf, Qlf, Qlf, Qlf, Qlf
Qlf, Qlf, Qlf, Qlf, Qlf, Qlf, Qlf, Qlf, Qlf, Qlf, Qlf, Qlf, Qlf, Qlf, Qlf, Qlf, Qlf, Qlf, Qlf, Qlf, Qlf, Qlf, Qlf, Qlf, Qlf, Qlf, Qlf, Qlf, Qlf, Qlf, Qlf, Qlf, Qlf, Qlf, Qlf, Qlf, Qlf, Qlf, Qlf, Qlf, Qlf, Qlf, Qlf, Qlf, Qlf, Qlf, Qlf, Qlf, Qlf, Qlf, Qlf, Qlf, Qlf, Qlf
Qlf, Qlf, Qlf, Qlf, Qlf, Qlf, Qlf, Qlf, Qlf, Qlf, Qlf, Qlf, Qlf, Qlf, Qlf, Qlf, Qlf, Qlf, Qlf, Qlf, Qlf, Qlf, Qlf, Qlf, Qlf, Qlf, Qlf, Qlf, Qlf, Qlf, Qlf, Qlf, Qlf, Qlf, Qlf, Qlf, Qlf, Qlf, Qlf, Qlf, Qlf, Qlf, Qlf, Qlf, Qlf, Qlf, Qlf, Qlf, Qlf, Qlf, Qlf, Qlf, Qlf, Qlf
