_off^_usr, _off^_usr, _off^_usr, _off^_usr, _off^_usr, _off^_usr, _off^_usr, _off^_usr, _off^_usr, _off^_usr, _off^_usr, _off^_usr, _off^_usr, _off^_usr, _off^_usr, _off^_usr, _off^_usr, _off^_usr, _off^_usr, _off^_usr, _off^_usr, _off^_usr, _off^_usr, _off^_usr, _off^_usr, _off^_usr, _off^_usr, _off^_usr, _off^_usr, _off^_usr, _off^_usr, _off^_usr, _off^_usr, _off^_usr, _off^_usr, _off^_usr, _off^_usr, _off^_usr, _off^_usr, _off^_usr, _off^_usr, _off^_usr, _off^_usr, _off^_usr, _off^_usr, _off^_usr, _off^_usr, _off^_usr, _off^_usr, _off^_usr, _off^_usr, _off^_usr, _off^_usr, _off^_usr
_off^_usr, _off^_usr, _off^_usr, _off^_usr, _off^_usr, _off^_usr, _off^_usr, _off^_usr, _off^_usr, _off^_usr, _off^_usr, _off^_usr, _off^_usr, _off^_usr, _off^_usr, _off^_usr, _off^_usr, _off^_usr, _off^_usr, _off^_usr, _off^_usr, _off^_usr, _off^_usr, _off^_usr, _off^_usr, _off^_usr, _off^_usr, _off^_usr, _off^_usr, _off^_usr, _off^_usr, _off^_usr, _off^_usr, _off^_usr, _off^_usr, _off^_usr, _off^_usr, _off^_usr, _off^_usr, _off^_usr, _off^_usr, _off^_usr, _off^_usr, _off^_usr, _off^_usr, _off^_usr, _off^_usr, _off^_usr, _off^_usr, _off^_usr, _off^_usr, _off^_usr, _off^_usr, _off^_usr
_off^_usr, _off^_usr, _off^_usr, _off^_usr, _off^_usr, _off^_usr, _off^_usr, _off^_usr, _off^_usr, _off^_usr, _off^_usr, _off^_usr, _off^_usr, _off^_usr, _off^_usr, _off^_usr, _off^_usr, _off^_usr, _off^_usr, _off^_usr, _off^_usr, _off^_usr, _off^_usr, _off^_usr, _off^_usr, _off^_usr, _off^_usr, _off^_usr, _off^_usr, _off^_usr, _off^_usr, _off^_usr, _off^_usr, _off^_usr, _off^_usr, _off^_usr, _off^_usr, _off^_usr, _off^_usr, _off^_usr, _off^_usr, _off^_usr, _off^_usr, _off^_usr, _off^_usr, _off^_usr, _off^_usr, _off^_usr, _off^_usr, _off^_usr, _off^_usr, _off^_usr, _off^_usr, _off^_usr
_off^_usr, _off^_usr, _off^_usr, _off^_usr, _off^_usr, _off^_usr, _off^_usr, _off^_usr, _off^_usr, _off^_usr, _off^_usr, _off^_usr, _off^_usr, _off^_usr, _off^_usr, _off^_usr, _off^_usr, _off^_usr, _off^_usr, _off^_usr, _off^_usr, _off^_usr, _off^_usr, _off^_usr, _off^_usr, _off^_usr, _off^_usr, _off^_usr, _off^_usr, _off^_usr, _off^_usr, _off^_usr, _off^_usr, _off^_usr, _off^_usr, _off^_usr, _off^_usr, _off^_usr, _off^_usr, _off^_usr, _off^_usr, _off^_usr, _off^_usr, _off^_usr, _off^_usr, _off^_usr, _off^_usr, _off^_usr, _off^_usr, _off^_usr, _off^_usr, _off^_usr, _off^_usr, _off^_usr
_off^_usr, _off^_usr, _off^_usr, _off^_usr, _off^_usr, _off^_usr, _off^_usr, _off^_usr, _off^_usr, _off^_usr, _off^_usr, _off^_usr, _off^_usr, _off^_usr, _off^_usr, _off^_usr, _off^_usr, _off^_usr, _off^_usr, _off^_usr, _off^_usr, _off^_usr, _off^_usr, _off^_usr, _off^_usr, _off^_usr, _off^_usr, _off^_usr, _off^_usr, _off^_usr, _off^_usr, _off^_usr, _off^_usr, _off^_usr, _off^_usr, _off^_usr, _off^_usr, _off^_usr, _off^_usr, _off^_usr, _off^_usr, _off^_usr, _off^_usr, _off^_usr, _off^_usr, _off^_usr, _off^_usr, _off^_usr, _off^_usr, _off^_usr, _off^_usr, _off^_usr, _off^_usr, _off^_usr
_off^_usr, _off^_usr, _off^_usr, _off^_usr, _off^_usr, _off^_usr, _off^_usr, _off^_usr, _off^_usr, _off^_usr, _off^_usr, _off^_usr, _off^_usr, _off^_usr, _off^_usr, _off^_usr, _off^_usr, _off^_usr, _off^_usr, _off^_usr, _off^_usr, _off^_usr, _off^_usr, _off^_usr, _off^_usr, _off^_usr, _off^_usr, _off^_usr, _off^_usr, _off^_usr, _off^_usr, _off^_usr, _off^_usr, _off^_usr, _off^_usr, _off^_usr, _off^_usr, _off^_usr, _off^_usr, _off^_usr, _off^_usr, _off^_usr, _off^_usr, _off^_usr, _off^_usr, _off^_usr, _off^_usr, _off^_usr, _off^_usr, _off^_usr, _off^_usr, _off^_usr, _off^_usr, _off^_usr
_off^_usr, _off^_usr, _off^_usr, _off^_usr, _off^_usr, _off^_usr, _off^_usr, _off^_usr, _off^_usr, _off^_usr, _off^_usr, _off^_usr, _off^_usr, _off^_usr, _off^_usr, _off^_usr, _off^_usr, _off^_usr, _off^_usr, _off^_usr, _off^_usr, _off^_usr, _off^_usr, _off^_usr, _off^_usr, _off^_usr, Mm, _off^_usr, _off^_usr, _off^_usr, _off^_usr, _off^_usr, _off^_usr, _off^_usr, _off^_usr, _off^_usr, _off^_usr, _off^_usr, _off^_usr, _off^_usr, _off^_usr, _off^_usr, _off^_usr, _off^_usr, _off^_usr, _off^_usr, _off^_usr, _off^_usr, _off^_usr, _off^_usr, _off^_usr, _off^_usr, _off^_usr, _off^_usr
_off^_usr, _off^_usr, _off^_usr, _off^_usr, _off^_usr, _off^_usr, _off^_usr, _off^_usr, _off^_usr, _off^_usr, _off^_usr, _off^_usr, _off^_usr, _off^_usr, _off^_usr, _off^_usr, _off^_usr, _off^_usr, _off^_usr, _off^_usr, _off^_usr, _off^_usr, _off^_usr, _off^_usr, Mm, Mm, Qxu, Mm, Mm, _off^_usr, _off^_usr, _off^_usr, _off^_usr, _off^_usr, _off^_usr, _off^_usr, _off^_usr, _off^_usr, _off^_usr, _off^_usr, _off^_usr, _off^_usr, _off^_usr, _off^_usr, _off^_usr, _off^_usr, _off^_usr, _off^_usr, _off^_usr, _off^_usr, _off^_usr, _off^_usr, _off^_usr, _off^_usr
_off^_usr, _off^_usr, _off^_usr, _off^_usr, _off^_usr, _off^_usr, _off^_usr, _off^_usr, _off^_usr, _off^_usr, _off^_usr, _off^_usr, _off^_usr, _off^_usr, _off^_usr, _off^_usr, _off^_usr, _off^_usr, _off^_usr, _off^_usr, _off^_usr, _off^_usr, Wwg, Hh, Gs, Gg^Fet, Hh, Gg^Fet, Gs, Hh, Wwg, _off^_usr, _off^_usr, _off^_usr, _off^_usr, _off^_usr, _off^_usr, _off^_usr, _off^_usr, _off^_usr, _off^_usr, _off^_usr, _off^_usr, _off^_usr, _off^_usr, _off^_usr, _off^_usr, _off^_usr, _off^_usr, _off^_usr, _off^_usr, _off^_usr, _off^_usr, _off^_usr
_off^_usr, _off^_usr, _off^_usr, _off^_usr, _off^_usr, _off^_usr, _off^_usr, _off^_usr, _off^_usr, _off^_usr, _off^_usr, _off^_usr, _off^_usr, _off^_usr, Wwg, _off^_usr, Wwg, _off^_usr, Wwg, _off^_usr, Wwg, Wwg, Wwg^Bw/, Wwg^Bw/, Wwf, Gs, Gs, Gs, Wwf, Wwg^Bw\, Wwg^Bw\, Wwg, Wwg, _off^_usr, Wwg, _off^_usr, Wwg, _off^_usr, Wwg, _off^_usr, _off^_usr, _off^_usr, _off^_usr, _off^_usr, _off^_usr, _off^_usr, _off^_usr, _off^_usr, _off^_usr, _off^_usr, _off^_usr, _off^_usr, _off^_usr, _off^_usr
_off^_usr, _off^_usr, _off^_usr, _off^_usr, _off^_usr, _off^_usr, _off^_usr, _off^_usr, _off^_usr, _off^_usr, _off^_usr, _off^_usr, _off^_usr, Wwg, Wwg, Wwg, Wwg, Wwg, Ch, Wwg, Gs, Wwg^Bw/, Wwf, Wwg, Wwg, Chw, Khw, Chw, Wwg, Wwg, Wwf, Wwg^Bw\, Gs, Wwg, Ch, Wwg, Wwg, Wwg, Wwg, Wwg, _off^_usr, _off^_usr, _off^_usr, _off^_usr, _off^_usr, _off^_usr, _off^_usr, _off^_usr, _off^_usr, _off^_usr, _off^_usr, _off^_usr, _off^_usr, _off^_usr
_off^_usr, _off^_usr, _off^_usr, _off^_usr, _off^_usr, _off^_usr, _off^_usr, _off^_usr, _off^_usr, _off^_usr, _off^_usr, _off^_usr, _off^_usr, Wwg, Wwg, Wwg, Gs, Ch, Ch, Kh, Ch, Gs, Wwf, Wwg, Wwg, Chw, Chw, Chw, Wwg, Wwg, Wwf, Gs, Ch, Kh, Ch, Ch, Gs, Wwg, Wwg, Wwg, _off^_usr, _off^_usr, _off^_usr, _off^_usr, _off^_usr, _off^_usr, _off^_usr, _off^_usr, _off^_usr, _off^_usr, _off^_usr, _off^_usr, _off^_usr, _off^_usr
_off^_usr, _off^_usr, _off^_usr, _off^_usr, _off^_usr, _off^_usr, _off^_usr, _off^_usr, _off^_usr, _off^_usr, _off^_usr, _off^_usr, _off^_usr, Wwg, Wwg, Gll, Wwg, Wwrg, Ch, Ch, Gg, Wwf, Wwf, Wwrg, Wwg, Wwg, Wwg, Wwg, Wwg, Wwrg, Wwf, Wwf, Gg, Ch, Ch, Wwrg, Wwg, Gll, Wwg, Wwg, _off^_usr, _off^_usr, _off^_usr, _off^_usr, _off^_usr, _off^_usr, _off^_usr, _off^_usr, _off^_usr, _off^_usr, _off^_usr, _off^_usr, _off^_usr, _off^_usr
_off^_usr, _off^_usr, _off^_usr, _off^_usr, _off^_usr, _off^_usr, _off^_usr, _off^_usr, _off^_usr, _off^_usr, _off^_usr, _off^_usr, Wwg, Wwg, Wwg, Wwg, Wwg, Wwg, Gs, Ch, Wwf, Gs, Gg, Wwf, Wwf, Wwg, Wwg, Wwg, Wwf, Wwf, Gg, Gs, Wwf, Ch, Gs, Wwg, Wwg, Wwg, Wwg, Wwg, Wwg, _off^_usr, _off^_usr, _off^_usr, _off^_usr, _off^_usr, _off^_usr, _off^_usr, _off^_usr, _off^_usr, _off^_usr, _off^_usr, _off^_usr, _off^_usr
_off^_usr, _off^_usr, _off^_usr, _off^_usr, _off^_usr, _off^_usr, _off^_usr, _off^_usr, _off^_usr, _off^_usr, Xu, Xu, Xu, Wwg, Xu, Wwg, Wwrg, Wwg, Gg, Wwf, Gg, Wwf, Gg, Wwf, Gg, Gg, Gg, Gg, Gg, Wwf, Gg, Wwf, Gg, Wwf, Gg, Wwg, Wwrg, Wwg, Xu, Wwg, Xu, Xu, Xu, _off^_usr, _off^_usr, _off^_usr, _off^_usr, _off^_usr, _off^_usr, _off^_usr, _off^_usr, _off^_usr, _off^_usr, _off^_usr
_off^_usr, _off^_usr, _off^_usr, _off^_usr, _off^_usr, _off^_usr, _off^_usr, _off^_usr, _off^_usr, Xu, Khw, Wwrg, Wwf, Xu, Uh, Xu, Gs, Gg, Gs, Gg, Ss, Gg, Gg, Gg, Gd^Fts, Gd, Gs, Gd, Gd^Fts, Gg, Gg, Gg, Ss, Gg, Gs, Gg, Gs, Xu, Uh, Xu, Wwf, Wwrg, Khw, Xu, _off^_usr, _off^_usr, _off^_usr, _off^_usr, _off^_usr, _off^_usr, _off^_usr, _off^_usr, _off^_usr, _off^_usr
_off^_usr, _off^_usr, _off^_usr, _off^_usr, _off^_usr, _off^_usr, _off^_usr, _off^_usr, _off^_usr, Xu, Chw, Chw, Wwf, Uh, Uh, Uu^Uf, Gs, Gg, Ss, Ss, Ss, Gs, Gs, Gd^Fts, Gd^Fts, Gd, Gs, Gd, Gd^Fts, Gd^Fts, Gs, Gs, Ss, Ss, Ss, Gg, Gs, Uu^Uf, Uh, Uh, Wwf, Chw, Chw, Xu, _off^_usr, _off^_usr, _off^_usr, _off^_usr, _off^_usr, _off^_usr, _off^_usr, _off^_usr, _off^_usr, _off^_usr
_off^_usr, _off^_usr, _off^_usr, _off^_usr, _off^_usr, _off^_usr, _off^_usr, _off^_usr, Xu, Xu, Wwg, Wwrg, Wwf, Wwf, Ur, Ur, Xu, Gs^Ftp, Gs^Ftp, Ss, Ss, Gs^Ftp, Gs, Gd, Gd, Gs, Gd, Gs, Gd, Gd, Gs, Gs^Ftp, Ss, Ss, Gs^Ftp, Gs^Ftp, Xu, Ur, Ur, Wwf, Wwf, Wwrg, Wwg, Xu, Xu, _off^_usr, _off^_usr, _off^_usr, _off^_usr, _off^_usr, _off^_usr, _off^_usr, _off^_usr, _off^_usr
_off^_usr, _off^_usr, _off^_usr, _off^_usr, _off^_usr, _off^_usr, _off^_usr, Xu, Wwg, Wwrg, Xu, Wwg, Ur, Ur, Uu, Xu, Gs^Ftp, Gs^Ftp, Ss, Ss, Gs^Ftp, Gs^Ftp, Gg, Gd, Gll^Fdf, Hhd, Hh, Hhd, Gll^Fdf, Gd, Gg, Gs^Ftp, Gs^Ftp, Ss, Ss, Gs^Ftp, Gs^Ftp, Xu, Uu, Ur, Ur, Wwg, Xu, Wwrg, Wwg, Xu, _off^_usr, _off^_usr, _off^_usr, _off^_usr, _off^_usr, _off^_usr, _off^_usr, _off^_usr
_off^_usr, _off^_usr, _off^_usr, _off^_usr, _off^_usr, _off^_usr, Xu, Xu, Wwg, Uu, Wwf, Wwf, Ur, Xu, Xu, Xu, Gs, Gs^Ftp, Gd, Gg, Gs, Gs, Gs, Hh, Hh, Mm, Hh, Mm, Hh, Hh, Gs, Gs, Gs, Gg, Gd, Gs^Ftp, Gs, Xu, Xu, Xu, Ur, Wwf, Wwf, Uu, Wwg, Xu, Xu, _off^_usr, _off^_usr, _off^_usr, _off^_usr, _off^_usr, _off^_usr, _off^_usr
_off^_usr, _off^_usr, _off^_usr, _off^_usr, _off^_usr, Xu, Wwrg, Wwg, Wwrg, Wwg, Ur, Ur, Uu^Uf, Uh, Xu, Xos, Xos, Gs, Xos, Gd, Gs, Gd, Gs, Gs, Urb, Xos, Xos, Xos, Urb, Gs, Gs, Gd, Gs, Gd, Xos, Gs, Xos, Xos, Xu, Uh, Uu^Uf, Ur, Ur, Wwg, Wwrg, Wwg, Wwrg, Xu, _off^_usr, _off^_usr, _off^_usr, _off^_usr, _off^_usr, _off^_usr
_off^_usr, _off^_usr, _off^_usr, _off^_usr, _off^_usr, Xu, Xu, Wwg, Xu, Uu^Ii, Wwf, Uu, Xu, Uh, Xu, Xos, Urb, Urb, Xos, Xos, Xos, Xos, Xos, Urb, Urb, Urb, Xos, Urb, Urb, Urb, Xos, Xos, Xos, Xos, Xos, Urb, Urb, Xos, Xu, Uh, Xu, Uu, Wwf, Uu^Ii, Xu, Wwg, Xu, Xu, _off^_usr, _off^_usr, _off^_usr, _off^_usr, _off^_usr, _off^_usr
_off^_usr, _off^_usr, _off^_usr, _off^_usr, _off^_usr, _off^_usr, Xu, Wwg, Wwf, Wwf, Xu, Xu, Xos, Xu, Xos, Xos, Urb, Xos, Xos, Xos, Urb, Urb, Urb, Xos, Urb^Xo, Urb, Xos, Urb, Urb^Xo, Xos, Urb, Urb, Urb, Xos, Xos, Xos, Urb, Xos, Xos, Xu, Xos, Xu, Xu, Wwf, Wwf, Wwg, Xu, _off^_usr, _off^_usr, _off^_usr, _off^_usr, _off^_usr, _off^_usr, _off^_usr
_off^_usr, _off^_usr, _off^_usr, _off^_usr, _off^_usr, _off^_usr, Xu, Wwrg, Wwf, Uu, Xos, Xos, Urb, Xos, Urb, Urb, Xos, Xos, Urb, Urb, Urb, Urb, Xos, Urb, Urb, Urb, Xos, Urb, Urb, Urb, Xos, Urb, Urb, Urb, Urb, Xos, Xos, Urb, Urb, Xos, Urb, Xos, Xos, Uu, Wwf, Wwrg, Xu, _off^_usr, _off^_usr, _off^_usr, _off^_usr, _off^_usr, _off^_usr, _off^_usr
_off^_usr, _off^_usr, _off^_usr, _off^_usr, _off^_usr, _off^_usr, Xu, Xu, Xu, Wwf, Xos, Urb, Urb, Xos, Urb, Xos, Urb, Urb, Urb, Xos, Urb, Urb, Xos, Urb, Urb, Urb, Xos, Urb, Urb, Urb, Xos, Urb, Urb, Xos, Urb, Urb, Urb, Xos, Urb, Xos, Urb, Urb, Xos, Wwf, Xu, Xu, Xu, _off^_usr, _off^_usr, _off^_usr, _off^_usr, _off^_usr, _off^_usr, _off^_usr
_off^_usr, _off^_usr, _off^_usr, _off^_usr, _off^_usr, _off^_usr, _off^_usr, Xos, Wwf, Wwf, Xos, Urb, Urb, Urb, Urb, Urb, Xos, Xos, Xos, Xos, Urb, Urb, Urb, Urb^Xo, Xos, Urb, Xos, Urb, Xos, Urb^Xo, Urb, Urb, Urb, Xos, Xos, Xos, Xos, Urb, Urb, Urb, Urb, Urb, Xos, Wwf, Wwf, Xos, _off^_usr, _off^_usr, _off^_usr, _off^_usr, _off^_usr, _off^_usr, _off^_usr, _off^_usr
_off^_usr, _off^_usr, _off^_usr, _off^_usr, _off^_usr, _off^_usr, _off^_usr, Xos, Urb, Wwf, Xos, Xos, Xos, Xos, Xos, Xos, Urb, Urb, Urb, Xos, Xos, Urb, Urb, Urb, Urb, Urb, Xos, Urb, Urb, Urb, Urb, Urb, Xos, Xos, Urb, Urb, Urb, Xos, Xos, Xos, Xos, Xos, Xos, Wwf, Urb, Xos, _off^_usr, _off^_usr, _off^_usr, _off^_usr, _off^_usr, _off^_usr, _off^_usr, _off^_usr
_off^_usr, _off^_usr, _off^_usr, _off^_usr, _off^_usr, _off^_usr, _off^_usr, Xos, Xos, Urb, Urb, Urb, Urb, Urb, Urb, Urb, Urb, Urb, Urb, Urb, Urb, Xos, Xos, Urb, Urb, Urb, Urb, Urb, Urb, Urb, Xos, Xos, Urb, Urb, Urb, Urb, Urb, Urb, Urb, Urb, Urb, Urb, Urb, Urb, Xos, Xos, _off^_usr, _off^_usr, _off^_usr, _off^_usr, _off^_usr, _off^_usr, _off^_usr, _off^_usr
_off^_usr, _off^_usr, _off^_usr, _off^_usr, _off^_usr, _off^_usr, _off^_usr, _off^_usr, _off^_usr, Xos, Xos, Urb, Xos, Urb, Xos, Urb, Urb, Xos, Xos, Urb, Urb, Urb, Urb, Urb^Xo, Kh, Urb, Urb, Urb, Kh, Urb^Xo, Urb, Urb, Urb, Urb, Xos, Xos, Urb, Urb, Xos, Urb, Xos, Urb, Xos, Xos, _off^_usr, _off^_usr, _off^_usr, _off^_usr, _off^_usr, _off^_usr, _off^_usr, _off^_usr, _off^_usr, _off^_usr
_off^_usr, _off^_usr, _off^_usr, _off^_usr, _off^_usr, _off^_usr, _off^_usr, _off^_usr, _off^_usr, _off^_usr, _off^_usr, Xos, _off^_usr, Xos, _off^_usr, Xos, Xos, Urb, Xos, Xos, Xos, Urb, Urb, Ch, Ch, Ch, Xos, Ch, Ch, Ch, Urb, Urb, Xos, Xos, Xos, Urb, Xos, Xos, _off^_usr, Xos, _off^_usr, Xos, _off^_usr, _off^_usr, _off^_usr, _off^_usr, _off^_usr, _off^_usr, _off^_usr, _off^_usr, _off^_usr, _off^_usr, _off^_usr, _off^_usr
_off^_usr, _off^_usr, _off^_usr, _off^_usr, _off^_usr, _off^_usr, _off^_usr, _off^_usr, _off^_usr, _off^_usr, _off^_usr, _off^_usr, _off^_usr, _off^_usr, _off^_usr, _off^_usr, _off^_usr, Xos, _off^_usr, _off^_usr, Xos, Urb, Urb, Urb, Urb, Xos, _off^_usr, Xos, Urb, Urb, Urb, Urb, Xos, _off^_usr, _off^_usr, Xos, _off^_usr, _off^_usr, _off^_usr, _off^_usr, _off^_usr, _off^_usr, _off^_usr, _off^_usr, _off^_usr, _off^_usr, _off^_usr, _off^_usr, _off^_usr, _off^_usr, _off^_usr, _off^_usr, _off^_usr, _off^_usr
_off^_usr, _off^_usr, _off^_usr, _off^_usr, _off^_usr, _off^_usr, _off^_usr, _off^_usr, _off^_usr, _off^_usr, _off^_usr, _off^_usr, _off^_usr, _off^_usr, _off^_usr, _off^_usr, _off^_usr, _off^_usr, _off^_usr, Xos, _off^_usr, Xos, Urb^Xo, Urb, Urb, Xos, Xos, Xos, Urb, Urb, Urb^Xo, Xos, _off^_usr, Xos, _off^_usr, _off^_usr, _off^_usr, _off^_usr, _off^_usr, _off^_usr, _off^_usr, _off^_usr, _off^_usr, _off^_usr, _off^_usr, _off^_usr, _off^_usr, _off^_usr, _off^_usr, _off^_usr, _off^_usr, _off^_usr, _off^_usr, _off^_usr
_off^_usr, _off^_usr, _off^_usr, _off^_usr, _off^_usr, _off^_usr, _off^_usr, _off^_usr, _off^_usr, _off^_usr, _off^_usr, _off^_usr, _off^_usr, _off^_usr, _off^_usr, _off^_usr, _off^_usr, _off^_usr, _off^_usr, Xos, Xos, Xos, Urb, Xos, Urb, Urb, Xos, Urb, Urb, Xos, Urb, Xos, Xos, Xos, _off^_usr, _off^_usr, _off^_usr, _off^_usr, _off^_usr, _off^_usr, _off^_usr, _off^_usr, _off^_usr, _off^_usr, _off^_usr, _off^_usr, _off^_usr, _off^_usr, _off^_usr, _off^_usr, _off^_usr, _off^_usr, _off^_usr, _off^_usr
_off^_usr, _off^_usr, _off^_usr, _off^_usr, _off^_usr, _off^_usr, _off^_usr, _off^_usr, _off^_usr, _off^_usr, _off^_usr, _off^_usr, _off^_usr, _off^_usr, _off^_usr, _off^_usr, _off^_usr, _off^_usr, _off^_usr, _off^_usr, Xos, Urb, Urb, Urb, Urb, Urb, Xos, Urb, Urb, Urb, Urb, Urb, Xos, _off^_usr, _off^_usr, _off^_usr, _off^_usr, _off^_usr, _off^_usr, _off^_usr, _off^_usr, _off^_usr, _off^_usr, _off^_usr, _off^_usr, _off^_usr, _off^_usr, _off^_usr, _off^_usr, _off^_usr, _off^_usr, _off^_usr, _off^_usr, _off^_usr
_off^_usr, _off^_usr, _off^_usr, _off^_usr, _off^_usr, _off^_usr, _off^_usr, _off^_usr, _off^_usr, _off^_usr, _off^_usr, _off^_usr, _off^_usr, _off^_usr, _off^_usr, _off^_usr, _off^_usr, _off^_usr, _off^_usr, _off^_usr, Xos, Urb, Urb, Xos, Urb^Xo, Urb, Xos, Urb, Urb^Xo, Xos, Urb, Urb, Xos, _off^_usr, _off^_usr, _off^_usr, _off^_usr, _off^_usr, _off^_usr, _off^_usr, _off^_usr, _off^_usr, _off^_usr, _off^_usr, _off^_usr, _off^_usr, _off^_usr, _off^_usr, _off^_usr, _off^_usr, _off^_usr, _off^_usr, _off^_usr, _off^_usr
_off^_usr, _off^_usr, _off^_usr, _off^_usr, _off^_usr, _off^_usr, _off^_usr, _off^_usr, Xos, _off^_usr, _off^_usr, _off^_usr, _off^_usr, _off^_usr, Xos, _off^_usr, _off^_usr, _off^_usr, _off^_usr, _off^_usr, Xos, Urb, Urb, Urb, Urb, Xos, _off^_usr, Xos, Urb, Urb, Urb, Urb, Xos, _off^_usr, _off^_usr, _off^_usr, _off^_usr, _off^_usr, Xos, _off^_usr, _off^_usr, _off^_usr, _off^_usr, _off^_usr, Xos, _off^_usr, _off^_usr, _off^_usr, _off^_usr, _off^_usr, _off^_usr, _off^_usr, _off^_usr, _off^_usr
_off^_usr, _off^_usr, _off^_usr, _off^_usr, _off^_usr, _off^_usr, Xos, Xos, Urb, Xos, Xos, _off^_usr, Xos, Xos, Urb, Xos, Xos, _off^_usr, _off^_usr, _off^_usr, Xos, Urb, Urb, Urb, Urb, Xos, Xos, Xos, Urb, Urb, Urb, Urb, Xos, _off^_usr, _off^_usr, _off^_usr, Xos, Xos, Urb, Xos, Xos, _off^_usr, Xos, Xos, Urb, Xos, Xos, _off^_usr, _off^_usr, _off^_usr, _off^_usr, _off^_usr, _off^_usr, _off^_usr
_off^_usr, _off^_usr, _off^_usr, _off^_usr, _off^_usr, _off^_usr, Xos, Urb, Urb, Urb, Xos, Xos, Urb, Urb^Xo, Xos, Urb^Xo, Urb, Xos, Xos, _off^_usr, Xos, Urb, Urb, Urb, Urb, Urb, Urb, Urb, Urb, Urb, Urb, Urb, Xos, _off^_usr, Xos, Xos, Urb, Urb^Xo, Xos, Urb^Xo, Urb, Xos, Xos, Urb, Urb, Urb, Xos, _off^_usr, _off^_usr, _off^_usr, _off^_usr, _off^_usr, _off^_usr, _off^_usr
_off^_usr, _off^_usr, _off^_usr, _off^_usr, _off^_usr, _off^_usr, _off^_usr, Xos, Urb, Xos, Urb, Urb, Urb, Urb, Xos, Urb, Urb, Urb, Urb, Xos, Urb^Xo, Urb, Urb, Urb, Urb, Urb, Urb, Urb, Urb, Urb, Urb, Urb, Urb^Xo, Xos, Urb, Urb, Urb, Urb, Xos, Urb, Urb, Urb, Urb, Xos, Urb, Xos, _off^_usr, _off^_usr, _off^_usr, _off^_usr, _off^_usr, _off^_usr, _off^_usr, _off^_usr
_off^_usr, _off^_usr, _off^_usr, _off^_usr, _off^_usr, _off^_usr, _off^_usr, Xos, Xos, Urb, Urb, Xos, Xos, Urb, Urb, Urb, Xos, Xos, Urb, Urb, Urb, Xos, Xos, Urb, Urb, Urb, Urb, Urb, Urb, Urb, Xos, Xos, Urb, Urb, Urb, Xos, Xos, Urb, Urb, Urb, Xos, Xos, Urb, Urb, Xos, Xos, _off^_usr, _off^_usr, _off^_usr, _off^_usr, _off^_usr, _off^_usr, _off^_usr, _off^_usr
_off^_usr, _off^_usr, _off^_usr, _off^_usr, _off^_usr, _off^_usr, _off^_usr, _off^_usr, _off^_usr, Xos, Xos, Urb, Urb, Xos, Urb, Xos, Urb, Urb, Urb, Xos, Urb, Urb, Urb, Urb, Urb, Urb, Xos, Urb, Urb, Urb, Urb, Urb, Urb, Xos, Urb, Urb, Urb, Xos, Urb, Xos, Urb, Urb, Xos, Xos, _off^_usr, _off^_usr, _off^_usr, _off^_usr, _off^_usr, _off^_usr, _off^_usr, _off^_usr, _off^_usr, _off^_usr
_off^_usr, _off^_usr, _off^_usr, _off^_usr, _off^_usr, _off^_usr, _off^_usr, _off^_usr, _off^_usr, _off^_usr, _off^_usr, Xos, Xos, Xos, Urb, Xos, Xos, Urb, Urb, Urb, Urb, Xos, Urb, Urb, Urb, Xos, _off^_usr, Xos, Urb, Urb, Urb, Xos, Urb, Urb, Urb, Urb, Xos, Xos, Urb, Xos, Xos, Xos, _off^_usr, _off^_usr, _off^_usr, _off^_usr, _off^_usr, _off^_usr, _off^_usr, _off^_usr, _off^_usr, _off^_usr, _off^_usr, _off^_usr
_off^_usr, _off^_usr, _off^_usr, _off^_usr, _off^_usr, _off^_usr, _off^_usr, _off^_usr, _off^_usr, _off^_usr, _off^_usr, Xos, Urb, Urb, Chr, Urb, Xos, Urb, Urb, Urb, Xos, Xos, Xos, Urb, Urb, Xos, Xos, Xos, Urb, Urb, Xos, Xos, Xos, Urb, Urb, Urb, Xos, Urb, Chr, Urb, Urb, Xos, _off^_usr, _off^_usr, _off^_usr, _off^_usr, _off^_usr, _off^_usr, _off^_usr, _off^_usr, _off^_usr, _off^_usr, _off^_usr, _off^_usr
_off^_usr, _off^_usr, _off^_usr, _off^_usr, _off^_usr, _off^_usr, _off^_usr, _off^_usr, _off^_usr, _off^_usr, _off^_usr, Xos, Urb, Khr, Chr, Urb, Xos, Urb, Urb, Xos, Urb, Urb, Urb, Xos, Xos, Urb, Xos, Urb, Xos, Xos, Urb, Urb, Urb, Xos, Urb, Urb, Xos, Urb, Chr, Khr, Urb, Xos, _off^_usr, _off^_usr, _off^_usr, _off^_usr, _off^_usr, _off^_usr, _off^_usr, _off^_usr, _off^_usr, _off^_usr, _off^_usr, _off^_usr
_off^_usr, _off^_usr, _off^_usr, _off^_usr, _off^_usr, _off^_usr, _off^_usr, _off^_usr, _off^_usr, _off^_usr, Xos, Xos, Xos, Urb, Urb, Urb, Urb, Xos, Urb, Urb, Urb, Urb, Urb, Urb, Urb, Urb^Xo, Xos, Urb^Xo, Urb, Urb, Urb, Urb, Urb, Urb, Urb, Xos, Urb, Urb, Urb, Urb, Xos, Xos, Xos, _off^_usr, _off^_usr, _off^_usr, _off^_usr, _off^_usr, _off^_usr, _off^_usr, _off^_usr, _off^_usr, _off^_usr, _off^_usr
_off^_usr, _off^_usr, _off^_usr, _off^_usr, _off^_usr, _off^_usr, _off^_usr, _off^_usr, _off^_usr, Xos, Urb, Urb, Urb, Xos, Xos, Urb, Xos, Urb, Urb, Urb, Urb, Urb, Xos, Urb, Urb, Urb, Urb, Urb, Urb, Urb, Xos, Urb, Urb, Urb, Urb, Urb, Xos, Urb, Xos, Xos, Urb, Urb, Urb, Xos, _off^_usr, _off^_usr, _off^_usr, _off^_usr, _off^_usr, _off^_usr, _off^_usr, _off^_usr, _off^_usr, _off^_usr
_off^_usr, _off^_usr, _off^_usr, _off^_usr, _off^_usr, _off^_usr, _off^_usr, _off^_usr, _off^_usr, Xos, Urb, Urb, Urb, Urb, Urb, Xos, Xos, Urb, Urb, Urb, Xos, Xos, Urb, Xos, Urb^Xo, Xos, Xos, Xos, Urb^Xo, Xos, Urb, Xos, Xos, Urb, Urb, Urb, Xos, Xos, Urb, Urb, Urb, Urb, Urb, Xos, _off^_usr, _off^_usr, _off^_usr, _off^_usr, _off^_usr, _off^_usr, _off^_usr, _off^_usr, _off^_usr, _off^_usr
_off^_usr, _off^_usr, _off^_usr, _off^_usr, _off^_usr, _off^_usr, _off^_usr, _off^_usr, _off^_usr, Xos, Xos, Urb, Urb, Urb, Xos, Urb, Urb, Urb, Xos, Xos, Urb, Urb, Urb, Urb, Urb, Xos, Urb, Xos, Urb, Urb, Urb, Urb, Urb, Xos, Xos, Urb, Urb, Urb, Xos, Urb, Urb, Urb, Xos, Xos, _off^_usr, _off^_usr, _off^_usr, _off^_usr, _off^_usr, _off^_usr, _off^_usr, _off^_usr, _off^_usr, _off^_usr
_off^_usr, _off^_usr, _off^_usr, _off^_usr, _off^_usr, _off^_usr, _off^_usr, _off^_usr, _off^_usr, _off^_usr, _off^_usr, Xos, Urb, Urb, Xos, Urb, Xos, Xos, Urb, Urb, Urb, Urb, Xos, Urb, Urb, Urb, Xos, Urb, Urb, Urb, Xos, Urb, Urb, Urb, Urb, Xos, Xos, Urb, Xos, Urb, Urb, Xos, _off^_usr, _off^_usr, _off^_usr, _off^_usr, _off^_usr, _off^_usr, _off^_usr, _off^_usr, _off^_usr, _off^_usr, _off^_usr, _off^_usr
_off^_usr, _off^_usr, _off^_usr, _off^_usr, _off^_usr, _off^_usr, _off^_usr, _off^_usr, _off^_usr, _off^_usr, _off^_usr, Xos, Urb, Urb, Urb, Xos, Urb, Urb, Urb, Urb, Urb, Urb, Urb, Xos, Xos, Xos, Xos, Xos, Xos, Xos, Urb, Urb, Urb, Urb, Urb, Urb, Urb, Xos, Urb, Urb, Urb, Xos, _off^_usr, _off^_usr, _off^_usr, _off^_usr, _off^_usr, _off^_usr, _off^_usr, _off^_usr, _off^_usr, _off^_usr, _off^_usr, _off^_usr
_off^_usr, _off^_usr, _off^_usr, _off^_usr, _off^_usr, _off^_usr, _off^_usr, _off^_usr, _off^_usr, _off^_usr, Xos, Xos, Urb, Urb, Urb, Urb, Urb, Urb, Urb, Urb, Xos, Xos, Urb, Urb, Xos, Xos, Xos, Xos, Xos, Urb, Urb, Xos, Xos, Urb, Urb, Urb, Urb, Urb, Urb, Urb, Urb, Xos, Xos, _off^_usr, _off^_usr, _off^_usr, _off^_usr, _off^_usr, _off^_usr, _off^_usr, _off^_usr, _off^_usr, _off^_usr, _off^_usr
_off^_usr, _off^_usr, _off^_usr, _off^_usr, _off^_usr, _off^_usr, _off^_usr, _off^_usr, Xos, Xos, Urb, Urb, Urb, Urb, Xos, Urb, Urb, Urb, Urb, Urb, Xos, Urb, Urb, Urb, Urb, Xos, Xos, Xos, Urb, Urb, Urb, Urb, Xos, Urb, Urb, Urb, Urb, Urb, Xos, Urb, Urb, Urb, Urb, Xos, Xos, _off^_usr, _off^_usr, _off^_usr, _off^_usr, _off^_usr, _off^_usr, _off^_usr, _off^_usr, _off^_usr
_off^_usr, _off^_usr, _off^_usr, _off^_usr, _off^_usr, _off^_usr, _off^_usr, Xos, Urb, Urb, Urb, Urb, Xos, Urb^Xo, Urb, Xos, Xos, Urb, Urb, Urb, Urb, Urb, Xos, Urb, Urb, Urb, Xos, Urb, Urb, Urb, Xos, Urb, Urb, Urb, Urb, Urb, Xos, Xos, Urb, Urb^Xo, Xos, Urb, Urb, Urb, Urb, Xos, _off^_usr, _off^_usr, _off^_usr, _off^_usr, _off^_usr, _off^_usr, _off^_usr, _off^_usr
_off^_usr, _off^_usr, _off^_usr, _off^_usr, _off^_usr, _off^_usr, _off^_usr, Xos, Urb, Urb, Xos, Xos, Urb, Urb, Urb, Urb, Urb, Xos, Urb^Xo, Urb, Xos, Xos, Urb, Urb, Urb, Urb, Urb, Urb, Urb, Urb, Urb, Xos, Xos, Urb, Urb^Xo, Xos, Urb, Urb, Urb, Urb, Urb, Xos, Xos, Urb, Urb, Xos, _off^_usr, _off^_usr, _off^_usr, _off^_usr, _off^_usr, _off^_usr, _off^_usr, _off^_usr
_off^_usr, _off^_usr, _off^_usr, _off^_usr, _off^_usr, _off^_usr, _off^_usr, Xos, Urb, Urb, Xos, Urb, Urb, Urb, Urb, Urb, Urb, Urb, Urb, Xos, Urb, Urb, Urb, Urb, Urb, Urb, Urb, Urb, Urb, Urb, Urb, Urb, Urb, Xos, Urb, Urb, Urb, Urb, Urb, Urb, Urb, Urb, Xos, Urb, Urb, Xos, _off^_usr, _off^_usr, _off^_usr, _off^_usr, _off^_usr, _off^_usr, _off^_usr, _off^_usr
_off^_usr, _off^_usr, _off^_usr, _off^_usr, _off^_usr, _off^_usr, _off^_usr, Xos, Urb, Urb, Urb, Urb, Urb, Urb, Urb, Urb, Urb, Urb, Urb, Xos, Urb, Urb, Urb, Ch, Kh, Urb, Ch, Urb, Kh, Ch, Urb, Urb, Urb, Xos, Urb, Urb, Urb, Urb, Urb, Urb, Urb, Urb, Urb, Urb, Urb, Xos, _off^_usr, _off^_usr, _off^_usr, _off^_usr, _off^_usr, _off^_usr, _off^_usr, _off^_usr
_off^_usr, _off^_usr, _off^_usr, _off^_usr, _off^_usr, _off^_usr, _off^_usr, Xos, Urb, Urb, Xos, Urb, Urb, Urb, Urb, Urb, Urb, Urb, Urb, Urb, Urb, Urb, Ch, Ch, Urb, Urb, Kh, Urb, Urb, Ch, Ch, Urb, Urb, Urb, Urb, Urb, Urb, Urb, Urb, Urb, Urb, Urb, Xos, Urb, Urb, Xos, _off^_usr, _off^_usr, _off^_usr, _off^_usr, _off^_usr, _off^_usr, _off^_usr, _off^_usr
_off^_usr, _off^_usr, _off^_usr, _off^_usr, _off^_usr, _off^_usr, _off^_usr, Xos, Urb, Urb, Urb, Xos, Urb, Urb, Urb, Urb, Urb, Urb, Urb, Urb, Urb, Urb, Urb, Urb, Urb, Ch, Xos, Ch, Urb, Urb, Urb, Urb, Urb, Urb, Urb, Urb, Urb, Urb, Urb, Urb, Urb, Xos, Urb, Urb, Urb, Xos, _off^_usr, _off^_usr, _off^_usr, _off^_usr, _off^_usr, _off^_usr, _off^_usr, _off^_usr
_off^_usr, _off^_usr, _off^_usr, _off^_usr, _off^_usr, _off^_usr, _off^_usr, Xos, Urb, Urb, Urb, Urb, Urb, Urb, Urb^Xo, Xos, Urb, Urb, Urb, Xos, Urb^Xo, Urb, Urb, Urb, Urb, Urb, Xos, Urb, Urb, Urb, Urb, Urb, Urb^Xo, Xos, Urb, Urb, Urb, Xos, Urb^Xo, Urb, Urb, Urb, Urb, Urb, Urb, Xos, _off^_usr, _off^_usr, _off^_usr, _off^_usr, _off^_usr, _off^_usr, _off^_usr, _off^_usr
_off^_usr, _off^_usr, _off^_usr, _off^_usr, _off^_usr, _off^_usr, _off^_usr, Xos, Xos, Xos, Xos, Xos, Xos, Xos, Qlf, Xos, Xos, Xos, Xos, Xos, Qlf, Xos, Xos, Xos, Xos, Xos, Xos, Xos, Xos, Xos, Xos, Xos, Qlf, Xos, Xos, Xos, Xos, Xos, Qlf, Xos, Xos, Xos, Xos, Xos, Xos, Xos, _off^_usr, _off^_usr, _off^_usr, _off^_usr, _off^_usr, _off^_usr, _off^_usr, _off^_usr
Qlf, Qlf, Qlf, Qlf, Qlf, Qlf, Qlf, Qlf, Qlf, Qlf, Qlf, Qlf, Qlf, Qlf, Qlf, Qlf, Qlf, Qlf, Qlf, Qlf, Qlf, Qlf, Qlf, Qlf, Qlf, Qlf, Xos, Qlf, Qlf, Qlf, Qlf, Qlf, Qlf, Qlf, Qlf, Qlf, Qlf, Qlf, Qlf, Qlf, Qlf, Qlf, Qlf, Qlf, Qlf, Qlf, Qlf, Qlf, Qlf, Qlf, Qlf, Qlf, Qlf, Qlf
Qlf, Qlf, Qlf, Qlf, Qlf, Qlf, Qlf, Qlf, Qlf, Qlf, Qlf, Qlf, Qlf, Qlf, Qlf, Qlf, Qlf, Qlf, Qlf, Qlf, Qlf, Qlf, Qlf, Qlf, Qlf, Qlf, Xos, Qlf, Qlf, Qlf, Qlf, Qlf, Qlf, Qlf, Qlf, Qlf, Qlf, Qlf, Qlf, Qlf, Qlf, Qlf, Qlf, Qlf, Qlf, Qlf, Qlf, Qlf, Qlf, Qlf, Qlf, Qlf, Qlf, Qlf
Qlf, Qlf, Qlf, Qlf, Qlf, Qlf, Qlf, Qlf, Qlf, Qlf, Qlf, Qlf, Qlf, Qlf, Qlf, Qlf, Qlf, Qlf, Qlf, Qlf, Qlf, Qlf, Qlf, Qlf, Qlf, Qlf, Xos, Qlf, Qlf, Qlf, Qlf, Qlf, Qlf, Qlf, Qlf, Qlf, Qlf, Qlf, Qlf, Qlf, Qlf, Qlf, Qlf, Qlf, Qlf, Qlf, Qlf, Qlf, Qlf, Qlf, Qlf, Qlf, Qlf, Qlf
