border_size=1
usage=map

_off^_usr   , _off^_usr   , _off^_usr   , Qlf^Xo      , Qlf^Xo      , Qlf^Xo      , Qlf^Xo      , Qlf^Xo      , Qlf^Xo      , Qlf^Xo      , Qlf^Xo      , Qlf^Xo      , Qlf^Xo      , Qlf^Xo      , Qlf^Xo      , Qlf^Xo      , Qlf^Xo      , Qlf^Xo      , Qlf^Xo      , Qlf^Xo      , Qlf^Xo      , Qlf^Xo      , Qlf^Xo      , Qlf^Xo      , Qlf^Xo      , Qlf^Xo      , Qlf^Xo      , Qlf^Xo      , Qlf^Xo      , Qlf^Xo      , Qlf^Xo      , Qlf^Xo      , Qlf^Xo      , Qlf^Xo      , Qlf^Xo      , Qlf^Xo      , Qlf^Xo      , Qlf^Xo      , Qlf^Xo      , Qlf^Xo      , Qlf^Xo      , Qlf^Xo      , Qlf^Xo      , Qlf^Xo      , Qlf^Xo      , Qlf^Xo      , Qlf^Xo      , Qlf^Xo      , Qlf^Xo      , Qlf^Xo      , _off^_usr   , _off^_usr   
_off^_usr   , _off^_usr   , _off^_usr   , Qlf^Xo      , Qlf^Xo      , Qlf^Xo      , Qlf^Xo      , Qlf^Xo      , Qlf^Xo      , Qlf^Xo      , Qlf^Xo      , Qlf^Xo      , Qlf^Xo      , Qlf^Xo      , Qlf^Xo      , Qlf^Xo      , Qlf^Xo      , Qlf^Xo      , Qlf^Xo      , Qlf^Xo      , Qlf^Xo      , Qlf^Xo      , Qlf^Xo      , Qlf^Xo      , Qlf^Xo      , Qlf^Xo      , Qlf^Xo      , Qlf^Xo      , Qlf^Xo      , Qlf^Xo      , Qlf^Xo      , Qlf^Xo      , Qlf^Xo      , Qlf^Xo      , Qlf^Xo      , Qlf^Xo      , Qlf^Xo      , Qlf^Xo      , Qlf^Xo      , Qlf^Xo      , Qlf^Xo      , Qlf^Xo      , Qlf^Xo      , Qlf^Xo      , Qlf^Xo      , Qlf^Xo      , Qlf^Xo      , Qlf^Xo      , Qlf^Xo      , Qlf^Xo      , _off^_usr   , _off^_usr   
_off^_usr   , _off^_usr   , _off^_usr   , Qlf^Xo      , Qlf^Xo      , Qlf^Xo      , Qlf^Xo      , Qlf^Xo      , Qlf^Xo      , Qlf^Xo      , Qlf^Xo      , Qlf^Xo      , Qlf^Xo      , Qlf^Xo      , Qlf^Xo      , Qlf^Xo      , Qlf^Xo      , Qlf^Xo      , Qlf^Xo      , Qlf^Xo      , Qlf^Xo      , Qlf^Xo      , Qlf^Xo      , Qlf^Xo      , Qlf^Xo      , Qlf^Xo      , Qlf^Xo      , Qlf^Xo      , Qlf^Xo      , Qlf^Xo      , Qlf^Xo      , Qlf^Xo      , Qlf^Xo      , Qlf^Xo      , Qlf^Xo      , Qlf^Xo      , Qlf^Xo      , Qlf^Xo      , Qlf^Xo      , Qlf^Xo      , Qlf^Xo      , Qlf^Xo      , Qlf^Xo      , Qlf^Xo      , Qlf^Xo      , Qlf^Xo      , Qlf^Xo      , Qlf^Xo      , Qlf^Xo      , Qlf^Xo      , _off^_usr   , _off^_usr   
_off^_usr   , _off^_usr   , _off^_usr   , Qlf^Xo      , Qlf^Xo      , Qlf^Xo      , Qlf^Xo      , Qlf^Xo      , Qlf^Xo      , Qlf^Xo      , Qlf^Xo      , Qlf^Xo      , Qlf^Xo      , Qlf^Xo      , Qlf^Xo      , Qlf^Xo      , Qlf^Xo      , Qlf^Xo      , Qlf^Xo      , Qlf^Xo      , Qlf^Xo      , Qlf^Xo      , Qlf^Xo      , Qlf^Xo      , Qlf^Xo      , Qlf^Xo      , Qlf^Xo      , Qlf^Xo      , Qlf^Xo      , Qlf^Xo      , Qlf^Xo      , Qlf^Xo      , Qlf^Xo      , Qlf^Xo      , Qlf^Xo      , Qlf^Xo      , Qlf^Xo      , Qlf^Xo      , Qlf^Xo      , Qlf^Xo      , Qlf^Xo      , Qlf^Xo      , Qlf^Xo      , Qlf^Xo      , Qlf^Xo      , Qlf^Xo      , Qlf^Xo      , Qlf^Xo      , Qlf^Xo      , Qlf^Xo      , _off^_usr   , _off^_usr   
_off^_usr   , _off^_usr   , _off^_usr   , Qlf^Xo      , Qlf^Xo      , Qlf^Xo      , Qlf^Xo      , Qlf^Xo      , Qlf^Xo      , Qlf^Xo      , Qlf^Xo      , Qlf^Xo      , Qlf^Xo      , Qlf^Xo      , Qlf^Xo      , Qlf^Xo      , Qlf^Xo      , Qlf^Xo      , Qlf^Xo      , Qlf^Xo      , Qlf^Xo      , Qlf^Xo      , Qlf^Xo      , Qlf^Xo      , Qlf^Xo      , Qlf^Xo      , Qlf^Xo      , Qlf^Xo      , Qlf^Xo      , Qlf^Xo      , Qlf^Xo      , Qlf^Xo      , Qlf^Xo      , Qlf^Xo      , Qlf^Xo      , Qlf^Xo      , Qlf^Xo      , Qlf^Xo      , Qlf^Xo      , Qlf^Xo      , Qlf^Xo      , Qlf^Xo      , Qlf^Xo      , Qlf^Xo      , Qlf^Xo      , Qlf^Xo      , Qlf^Xo      , Qlf^Xo      , Qlf^Xo      , Qlf^Xo      , _off^_usr   , _off^_usr   
_off^_usr   , _off^_usr   , _off^_usr   , Qlf^Xo      , Qlf^Xo      , Qlf^Xo      , Qlf^Xo      , Qlf^Xo      , Qlf^Xo      , Qlf^Xo      , Qlf^Xo      , Qlf^Xo      , Qlf^Xo      , Qlf^Xo      , Qlf^Xo      , Qlf^Xo      , Qlf^Xo      , Qlf^Xo      , Qlf^Xo      , Qlf^Xo      , Qlf^Xo      , Qlf^Xo      , Qlf^Xo      , Qlf^Xo      , Qlf^Xo      , Qlf^Xo      , Qlf^Xo      , Qlf^Xo      , Qlf^Xo      , Qlf^Xo      , Qlf^Xo      , Qlf^Xo      , Qlf^Xo      , Qlf^Xo      , Qlf^Xo      , Qlf^Xo      , Qlf^Xo      , Qlf^Xo      , Qlf^Xo      , Qlf^Xo      , Qlf^Xo      , Qlf^Xo      , Qlf^Xo      , Qlf^Xo      , Qlf^Xo      , Qlf^Xo      , Qlf^Xo      , Qlf^Xo      , Qlf^Xo      , Qlf^Xo      , _off^_usr   , _off^_usr   
_off^_usr   , _off^_usr   , _off^_usr   , Qlf^Xo      , Qlf^Xo      , Qlf^Xo      , Qlf^Xo      , Qlf^Xo      , Qlf^Xo      , Qlf^Xo      , Qlf^Xo      , Qlf^Xo      , Qlf^Xo      , Qlf^Xo      , Qlf^Xo      , Qlf^Xo      , Qlf^Xo      , Qlf^Xo      , Qlf^Xo      , Qlf^Xo      , Qlf^Xo      , Qlf^Xo      , Qlf^Xo      , Qlf^Xo      , Qlf^Xo      , Qlf^Xo      , Qlf^Xo      , Qlf^Xo      , Qlf^Xo      , Qlf^Xo      , Qlf^Xo      , Qlf^Xo      , Qlf^Xo      , Qlf^Xo      , Qlf^Xo      , Qlf^Xo      , Qlf^Xo      , Qlf^Xo      , Qlf^Xo      , Qlf^Xo      , Qlf^Xo      , Qlf^Xo      , Qlf^Xo      , Qlf^Xo      , Qlf^Xo      , Qlf^Xo      , Qlf^Xo      , Qlf^Xo      , Qlf^Xo      , Qlf^Xo      , _off^_usr   , _off^_usr   
_off^_usr   , _off^_usr   , _off^_usr   , Qlf^Xo      , Qlf^Xo      , Qlf^Xo      , Qlf^Xo      , Qlf^Xo      , Qlf^Xo      , Qlf^Xo      , Qlf^Xo      , Qlf^Xo      , Qlf^Xo      , Qlf^Xo      , Qlf^Xo      , Qlf^Xo      , Qlf^Xo      , Qlf^Xo      , Qlf^Xo      , Qlf^Xo      , Qlf^Xo      , Qlf^Xo      , Qlf^Xo      , Qlf^Xo      , Qlf^Xo      , Qlf^Xo      , Qlf^Xo      , Qlf^Xo      , Qlf^Xo      , Qlf^Xo      , Qlf^Xo      , Qlf^Xo      , Qlf^Xo      , Qlf^Xo      , Qlf^Xo      , Qlf^Xo      , Qlf^Xo      , Qlf^Xo      , Qlf^Xo      , Qlf^Xo      , Qlf^Xo      , Qlf^Xo      , Qlf^Xo      , Qlf^Xo      , Qlf^Xo      , Qlf^Xo      , Qlf^Xo      , Qlf^Xo      , Qlf^Xo      , Qlf^Xo      , _off^_usr   , _off^_usr   
_off^_usr   , _off^_usr   , _off^_usr   , Qlf^Xo      , Qlf^Xo      , Qlf^Xo      , Qlf^Xo      , Qlf^Xo      , Qlf^Xo      , Qlf^Xo      , Qlf^Xo      , Qlf^Xo      , Qlf^Xo      , Qlf^Xo      , Qlf^Xo      , Qlf^Xo      , Qlf^Xo      , Qlf^Xo      , Qlf^Xo      , Qlf^Xo      , Qlf^Xo      , Qlf^Xo      , Qlf^Xo      , Qlf^Xo      , Qlf^Xo      , Qlf^Xo      , Qlf^Xo      , Qlf^Xo      , Qlf^Xo      , Qlf^Xo      , Qlf^Xo      , Qlf^Xo      , Qlf^Xo      , Qlf^Xo      , Qlf^Xo      , Qlf^Xo      , Qlf^Xo      , Qlf^Xo      , Qlf^Xo      , Qlf^Xo      , Qlf^Xo      , Qlf^Xo      , Qlf^Xo      , Qlf^Xo      , Qlf^Xo      , Qlf^Xo      , Qlf^Xo      , Qlf^Xo      , Qlf^Xo      , Qlf^Xo      , _off^_usr   , _off^_usr   
_off^_usr   , _off^_usr   , _off^_usr   , Qlf^Xo      , Qlf^Xo      , Qlf^Xo      , Qlf^Xo      , Qlf^Xo      , Qlf^Xo      , Qlf^Xo      , Qlf^Xo      , Qlf^Xo      , Qlf^Xo      , Qlf^Xo      , Qlf^Xo      , Qlf^Xo      , Qlf^Xo      , Qlf^Xo      , Qlf^Xo      , Qlf^Xo      , Qlf^Xo      , Qlf^Xo      , Qlf^Xo      , Qlf^Xo      , Qlf^Xo      , Qlf^Xo      , Qlf^Xo      , Qlf^Xo      , Qlf^Xo      , Qlf^Xo      , Qlf^Xo      , Qlf^Xo      , Qlf^Xo      , Qlf^Xo      , Qlf^Xo      , Qlf^Xo      , Qlf^Xo      , Qlf^Xo      , Qlf^Xo      , Qlf^Xo      , Qlf^Xo      , Qlf^Xo      , Qlf^Xo      , Qlf^Xo      , Qlf^Xo      , Qlf^Xo      , Qlf^Xo      , Qlf^Xo      , Qlf^Xo      , Qlf^Xo      , _off^_usr   , _off^_usr   
_off^_usr   , _off^_usr   , _off^_usr   , Qlf^Xo      , Qlf^Xo      , Qlf^Xo      , Qlf^Xo      , Qlf^Xo      , Qlf^Xo      , Qlf^Xo      , Qlf^Xo      , Qlf^Xo      , Qlf^Xo      , Qlf^Xo      , Qlf^Xo      , Qlf^Xo      , Qlf^Xo      , Qlf^Xo      , Qlf^Xo      , Qlf^Xo      , Qlf^Xo      , Qlf^Xo      , Qlf^Xo      , Qlf^Xo      , Qlf^Xo      , Qlf^Xo      , Qlf^Xo      , Qlf^Xo      , Qlf^Xo      , Qlf^Xo      , Qlf^Xo      , Qlf^Xo      , Qlf^Xo      , Qlf^Xo      , Qlf^Xo      , Qlf^Xo      , Qlf^Xo      , Qlf^Xo      , Qlf^Xo      , Qlf^Xo      , Qlf^Xo      , Qlf^Xo      , Qlf^Xo      , Qlf^Xo      , Qlf^Xo      , Qlf^Xo      , Qlf^Xo      , Qlf^Xo      , Qlf^Xo      , Qlf^Xo      , _off^_usr   , _off^_usr   
_off^_usr   , _off^_usr   , _off^_usr   , Qlf^Xo      , Qlf^Xo      , Qlf^Xo      , Qlf^Xo      , Qlf^Xo      , Qlf^Xo      , Qlf^Xo      , Qlf^Xo      , Qlf^Xo      , Qlf^Xo      , Qlf^Xo      , Qlf^Xo      , Qlf^Xo      , Qlf^Xo      , Qlf^Xo      , Qlf^Xo      , Qlf^Xo      , Qlf^Xo      , Qlf^Xo      , Qlf^Xo      , Qlf^Xo      , Qlf^Xo      , Qlf^Xo      , Qlf^Xo      , Qlf^Xo      , Qlf^Xo      , Qlf^Xo      , Qlf^Xo      , Qlf^Xo      , Qlf^Xo      , Qlf^Xo      , Qlf^Xo      , Qlf^Xo      , Qlf^Xo      , Qlf^Xo      , Qlf^Xo      , Qlf^Xo      , Qlf^Xo      , Qlf^Xo      , Qlf^Xo      , Qlf^Xo      , Qlf^Xo      , Qlf^Xo      , Qlf^Xo      , Qlf^Xo      , Qlf^Xo      , Qlf^Xo      , _off^_usr   , _off^_usr   
_off^_usr   , _off^_usr   , _off^_usr   , Qlf^Xo      , Qlf^Xo      , Qlf^Xo      , Qlf^Xo      , Qlf^Xo      , Qlf^Xo      , Qlf^Xo      , Qlf^Xo      , Qlf^Xo      , Qlf^Xo      , Qlf^Xo      , Qlf^Xo      , Qlf^Xo      , Qlf^Xo      , Qlf^Xo      , Qlf^Xo      , Qlf^Xo      , Qlf^Xo      , Qlf^Xo      , Qlf^Xo      , Qlf^Xo      , Qlf^Xo      , Qlf^Xo      , Qlf^Xo      , Qlf^Xo      , Qlf^Xo      , Qlf^Xo      , Qlf^Xo      , Qlf^Xo      , Qlf^Xo      , Qlf^Xo      , Qlf^Xo      , Qlf^Xo      , Qlf^Xo      , Qlf^Xo      , Qlf^Xo      , Qlf^Xo      , Qlf^Xo      , Qlf^Xo      , Qlf^Xo      , Qlf^Xo      , Qlf^Xo      , Qlf^Xo      , Qlf^Xo      , Qlf^Xo      , Qlf^Xo      , Qlf^Xo      , _off^_usr   , _off^_usr   
_off^_usr   , _off^_usr   , _off^_usr   , Qlf^Xo      , Qlf^Xo      , Qlf^Xo      , Qlf^Xo      , Qlf^Xo      , Qlf^Xo      , Qlf^Xo      , Qlf^Xo      , Qlf^Xo      , Qlf^Xo      , Qlf^Xo      , Qlf^Xo      , Qlf^Xo      , Qlf^Xo      , Qlf^Xo      , Qlf^Xo      , Qlf^Xo      , Qlf^Xo      , Qlf^Xo      , Qlf^Xo      , Qlf^Xo      , Qlf^Xo      , Qlf^Xo      , Qlf^Xo      , Qlf^Xo      , Qlf^Xo      , Qlf^Xo      , Qlf^Xo      , Qlf^Xo      , Qlf^Xo      , Qlf^Xo      , Qlf^Xo      , Qlf^Xo      , Qlf^Xo      , Qlf^Xo      , Qlf^Xo      , Qlf^Xo      , Qlf^Xo      , Qlf^Xo      , Qlf^Xo      , Qlf^Xo      , Qlf^Xo      , Qlf^Xo      , Qlf^Xo      , Qlf^Xo      , Qlf^Xo      , Qlf^Xo      , _off^_usr   , _off^_usr   
_off^_usr   , _off^_usr   , _off^_usr   , Qlf^Xo      , Qlf^Xo      , Qlf^Xo      , Qlf^Xo      , Qlf^Xo      , Qlf^Xo      , Qlf^Xo      , Qlf^Xo      , Qlf^Xo      , Qlf^Xo      , Qlf^Xo      , Qlf^Xo      , Qlf^Xo      , Qlf^Xo      , Qlf^Xo      , Qlf^Xo      , Qlf^Xo      , Qlf^Xo      , Qlf^Xo      , Qlf^Xo      , Qlf^Xo      , Qlf^Xo      , Qlf^Xo      , Qlf^Xo      , Qlf^Xo      , Qlf^Xo      , Qlf^Xo      , Qlf^Xo      , Qlf^Xo      , Qlf^Xo      , Qlf^Xo      , Qlf^Xo      , Qlf^Xo      , Qlf^Xo      , Qlf^Xo      , Qlf^Xo      , Qlf^Xo      , Qlf^Xo      , Qlf^Xo      , Qlf^Xo      , Qlf^Xo      , Qlf^Xo      , Qlf^Xo      , Qlf^Xo      , Qlf^Xo      , Qlf^Xo      , Qlf^Xo      , _off^_usr   , _off^_usr   
_off^_usr   , _off^_usr   , _off^_usr   , Xu          , Xu          , Qlf^Xo      , Ql          , Qlf^Xo      , Uu          , Qlf^Xo      , Uu          , Qlf^Xo      , Uu          , Qlf^Xo      , Uu          , Qlf^Xo      , Uu          , Qlf^Xo      , Uu          , Qlf^Xo      , Ql          , Qlf^Xo      , Ur          , Qlf^Xo      , Uu          , Qlf^Xo      , Uu^Uf       , Qlf^Xo      , Uu          , Qlf^Xo      , Ur          , Qlf^Xo      , Ql          , Qlf^Xo      , Uu          , Qlf^Xo      , Uu          , Qlf^Xo      , Uu          , Qlf^Xo      , Uu          , Qlf^Xo      , Uu          , Qlf^Xo      , Uu          , Qlf^Xo      , Ql          , Qlf^Xo      , Xu          , Xu          , _off^_usr   , _off^_usr   
_off^_usr   , _off^_usr   , _off^_usr   , Xu          , Ql          , Uu^Uf       , Ql          , Uu          , Uu^Uf       , Uh          , Uu          , Ql          , Ql          , Ql          , Uu          , Uu^Uf       , Ur          , Uh          , Cud         , Uh          , Uu          , Ql          , Uh          , Uh          , Ur          , Kud         , Ql          , Kud         , Ur          , Uh          , Uh          , Ql          , Uu          , Uh          , Cud         , Uh          , Ur          , Uu^Uf       , Uu          , Ql          , Ql          , Ql          , Uu          , Uh          , Uu^Uf       , Uu          , Ql          , Uu^Uf       , Ql          , Xu          , _off^_usr   , _off^_usr   
_off^_usr   , _off^_usr   , _off^_usr   , Xu          , Ql          , Ql          , Uu          , Ql          , Ql          , Uu^Uf       , Ur          , Ql          , Uh          , Uh          , Ur          , Uh          , Ur          , Ur          , Ur          , Uu^Uf       , Ql          , Ql          , Ql          , Uu^Uf       , Ur          , Ur          , Gs^Fdw      , Ur          , Ur          , Uu^Uf       , Ql          , Ql          , Ql          , Uu^Uf       , Ur          , Ur          , Ur          , Uh          , Ur          , Uh          , Uh          , Ql          , Ur          , Uu^Uf       , Ql          , Ql          , Uu^Uf       , Ql          , Ql          , Xu          , _off^_usr   , _off^_usr   
_off^_usr   , _off^_usr   , _off^_usr   , Xu          , Xu          , Uu          , Uu          , Ql          , Uh          , Ql          , Ur          , Uu          , Ur          , Ur          , Uu^Vud      , Ur          , Ur          , Uu          , Uu^Uf       , Ur          , Ur          , Uu^Vud      , Gs^Fdw      , Uu          , Cud         , Ur          , Ur          , Ur          , Cud         , Uu          , Gs^Fdw      , Uu^Vud      , Ur          , Ur          , Uu^Uf       , Uu          , Ur          , Ur          , Uu^Vud      , Ur          , Ur          , Uu          , Ur          , Ql          , Uh          , Ql          , Uh          , Uu          , Xu          , Xu          , _off^_usr   , _off^_usr   
_off^_usr   , _off^_usr   , _off^_usr   , Xu          , Xu          , Xu          , Ql          , Ql          , Uu^Uf       , Uu          , Cud         , Cud         , Cud         , Uh          , Ql          , Uu^Uf       , Ur          , Cud         , Uh          , Gs^Fdw      , Ur          , Ur          , Ur          , Gs^Fdw      , Uu          , Uu^Uf       , Ur          , Uu^Uf       , Uu          , Gs^Fdw      , Ur          , Ur          , Ur          , Gs^Fdw      , Uh          , Cud         , Ur          , Uu^Uf       , Ql          , Uh          , Cud         , Cud         , Cud         , Uu          , Uu^Uf       , Ql          , Ql          , Xu          , Xu          , Xu          , _off^_usr   , _off^_usr   
_off^_usr   , _off^_usr   , _off^_usr   , _off^_usr   , Xu          , Xu          , Uu          , Uh          , Uu          , Uu          , Cud         , Kud         , Cud         , Ur          , Ur          , Ur          , Xu          , Ur          , Ur          , Ur          , Uu^Vud      , Uu^Uf       , Ur          , Ql          , Uh          , Ur          , Gs^Fdw      , Ur          , Uh          , Ql          , Ur          , Uu^Uf       , Uu^Vud      , Ur          , Ur          , Ur          , Xu          , Ur          , Ur          , Ur          , Cud         , Kud         , Cud         , Uu          , Uu          , Uh          , Uu          , Xu          , Xu          , _off^_usr   , _off^_usr   , _off^_usr   
_off^_usr   , _off^_usr   , _off^_usr   , _off^_usr   , Xu          , Xu          , Uu^Uf       , Uu          , Uh          , Uu          , Uh          , Cud         , Wwf         , Ur          , Ur          , Ur          , Uu^Vud      , Uh          , Uu^Uf       , Ur          , Ur          , Ur          , Ur          , Uu^Uf       , Gs^Fdw      , Wwf         , Ww^Vm       , Wwf         , Gs^Fdw      , Uu^Uf       , Ur          , Ur          , Ur          , Ur          , Uu^Uf       , Uh          , Uu^Vud      , Ur          , Ur          , Ur          , Wwf         , Cud         , Uh          , Uu          , Uh          , Uu          , Uu^Uf       , Xu          , Xu          , _off^_usr   , _off^_usr   , _off^_usr   
_off^_usr   , _off^_usr   , _off^_usr   , _off^_usr   , Ww          , Xu          , Xu          , Uh          , Ww          , Uu^Uf       , Ww          , Uu          , Wwf         , Wwf         , Wwf         , Wwf         , Wwf         , Wwf         , Wwf         , Wwf         , Wwf         , Wwf         , Wwf         , Cud         , Wwf         , Wwf         , Wwf         , Wwf         , Wwf         , Cud         , Wwf         , Wwf         , Wwf         , Wwf         , Wwf         , Wwf         , Wwf         , Wwf         , Wwf         , Wwf         , Wwf         , Uu          , Ww          , Uu^Uf       , Ww          , Uh          , Xu          , Xu          , Ww          , _off^_usr   , _off^_usr   , _off^_usr   
_off^_usr   , _off^_usr   , _off^_usr   , _off^_usr   , Wo          , Ww          , Ww          , Ww          , Ww          , Ww          , Ww          , Wwf         , Wwf         , Wwf         , Rd          , Wwf         , Xu          , Wwf         , Wwf         , Wwf         , Xu          , Xu          , Gs          , Wwf         , Gs          , Chw         , Ss          , Chw         , Gs          , Wwf         , Gs          , Xu          , Xu          , Wwf         , Wwf         , Wwf         , Xu          , Wwf         , Rd          , Wwf         , Wwf         , Wwf         , Ww          , Ww          , Ww          , Ww          , Ww          , Ww          , Wo          , _off^_usr   , _off^_usr   , _off^_usr   
_off^_usr   , _off^_usr   , _off^_usr   , _off^_usr   , Wo          , Wo          , Ww          , Xu          , Xu          , Xu          , Xu          , Xu          , Xu          , Rd          , Rd          , Xu          , Xu          , Ai          , Xu          , Xu          , Gs          , Gs^Fmw      , Gs^Fmw      , Rr          , Chr         , Chr         , Khr         , Chr         , Chr         , Rr          , Gs^Fmw      , Gs^Fmw      , Gs          , Xu          , Xu          , Ai          , Xu          , Xu          , Rd          , Rd          , Xu          , Xu          , Xu          , Xu          , Xu          , Xu          , Ww          , Wo          , Wo          , _off^_usr   , _off^_usr   , _off^_usr   
_off^_usr   , _off^_usr   , _off^_usr   , _off^_usr   , _off^_usr   , Ww          , _off^_usr   , _off^_usr   , _off^_usr   , Xu          , Ms          , Ms          , Aa^Fpa      , Ha          , Rd          , Aa          , Ms          , Ai          , Ms          , Aa          , Aa^Fpa      , Aa          , Rr          , Rr          , Chr         , Ss          , Chr         , Ss          , Chr         , Rr          , Rr          , Aa          , Aa^Fpa      , Aa          , Ms          , Ai          , Ms          , Aa          , Rd          , Ha          , Aa^Fpa      , Ms          , Ms          , Xu          , _off^_usr   , _off^_usr   , _off^_usr   , Ww          , _off^_usr   , _off^_usr   , _off^_usr   , _off^_usr   
_off^_usr   , _off^_usr   , _off^_usr   , _off^_usr   , _off^_usr   , _off^_usr   , _off^_usr   , _off^_usr   , _off^_usr   , Ms          , Ha          , Ha^Fpa      , Rd          , Rd          , Rd          , Aa          , Ms          , Ai          , Ai          , Ha^Fma      , Ha          , Rr          , Aa          , Rr          , Rr          , Chr         , Xu          , Chr         , Rr          , Rr          , Aa          , Rr          , Ha          , Ha^Fma      , Ai          , Ai          , Ms          , Aa          , Rd          , Rd          , Rd          , Ha^Fpa      , Ha          , Ms          , _off^_usr   , _off^_usr   , _off^_usr   , _off^_usr   , _off^_usr   , _off^_usr   , _off^_usr   , _off^_usr   
_off^_usr   , _off^_usr   , _off^_usr   , _off^_usr   , _off^_usr   , _off^_usr   , _off^_usr   , _off^_usr   , _off^_usr   , Rd          , Rd          , Rd          , Ms          , Aa          , Ha^Fpa      , Rd          , Rd          , Ha          , Ha^Fma      , Ai          , Ai          , Ai^Bw|      , Ai          , Ai          , Ai^Bw|      , Ai          , _off^_usr   , Ai          , Ai^Bw|      , Ai          , Ai          , Ai^Bw|      , Ai          , Ai          , Ha^Fma      , Ha          , Rd          , Rd          , Ha^Fpa      , Aa          , Ms          , Rd          , Rd          , Rd          , _off^_usr   , _off^_usr   , _off^_usr   , _off^_usr   , _off^_usr   , _off^_usr   , _off^_usr   , _off^_usr   
_off^_usr   , _off^_usr   , _off^_usr   , _off^_usr   , _off^_usr   , _off^_usr   , _off^_usr   , _off^_usr   , _off^_usr   , Aa          , Ha          , Ms          , Ms          , Ms          , Ha          , Aa          , Rd          , Rd          , Rd          , Aa          , Aa          , Rr          , Ha^Vhha     , Aa          , Rr          , Ha^Fpa      , _off^_usr   , Ha^Fpa      , Rr          , Aa          , Ha^Vhha     , Rr          , Aa          , Aa          , Rd          , Rd          , Rd          , Aa          , Ha          , Ms          , Ms          , Ms          , Ha          , Aa          , _off^_usr   , _off^_usr   , _off^_usr   , _off^_usr   , _off^_usr   , _off^_usr   , _off^_usr   , _off^_usr   
_off^_usr   , _off^_usr   , _off^_usr   , _off^_usr   , _off^_usr   , _off^_usr   , _off^_usr   , _off^_usr   , _off^_usr   , Aa^Fma      , Aa^Fpa      , Aa^Fpa      , Ha          , Ms          , Aa          , Rd          , Aa          , Aa          , Ha          , Chr         , Rr          , Rr          , Rr          , Aa^Fma      , Rr          , Ms          , _off^_usr   , Ms          , Rr          , Aa^Fma      , Rr          , Rr          , Rr          , Chr         , Ha          , Aa          , Aa          , Rd          , Aa          , Ms          , Ha          , Ha^Fpa      , Aa^Fpa      , Aa^Fma      , _off^_usr   , _off^_usr   , _off^_usr   , _off^_usr   , _off^_usr   , _off^_usr   , _off^_usr   , _off^_usr   
_off^_usr   , _off^_usr   , _off^_usr   , _off^_usr   , _off^_usr   , _off^_usr   , _off^_usr   , _off^_usr   , _off^_usr   , Gg          , Aa^Fpa      , Hh          , Hh          , Ha^Fpa      , Aa          , Rd          , Aa          , Ha^Fda      , Aa^Fda      , Aa          , Rr          , Aa^Fma      , Rr          , Aa          , Rr          , Rr          , _off^_usr   , Rr          , Rr          , Aa          , Rr          , Aa^Fma      , Rr          , Aa          , Aa^Fda      , Ha^Fda      , Aa          , Rd          , Aa          , Ha^Fpa      , Hh          , Hh          , Aa^Fpa      , Gg          , _off^_usr   , _off^_usr   , _off^_usr   , _off^_usr   , _off^_usr   , _off^_usr   , _off^_usr   , _off^_usr   
_off^_usr   , _off^_usr   , _off^_usr   , _off^_usr   , _off^_usr   , _off^_usr   , _off^_usr   , _off^_usr   , _off^_usr   , Gg          , Gg          , Gg          , Gs^Fp       , Aa          , Aa          , Rd          , Aa          , Aa^Fma      , Aa          , Ha          , Rr          , Aa          , Rr          , Chr         , Rr          , Gs^Fp       , _off^_usr   , Gs^Fp       , Rr          , Chr         , Rr          , Aa          , Rr          , Ha          , Aa          , Aa^Fma      , Aa          , Rd          , Aa          , Aa          , Gg          , Gs^Fp       , Gg          , Gg          , _off^_usr   , _off^_usr   , _off^_usr   , _off^_usr   , _off^_usr   , _off^_usr   , _off^_usr   , _off^_usr   
_off^_usr   , _off^_usr   , _off^_usr   , _off^_usr   , _off^_usr   , _off^_usr   , _off^_usr   , _off^_usr   , Re^Gvs      , Re^Gvs      , Re^Gvs      , Gg          , Gg          , Aa          , Rp          , Rp          , Gg          , Aa          , Aa          , Gg          , Gs^Fp       , Rr          , Aa          , Aa          , Rr          , Aa          , _off^_usr   , Aa          , Rr          , Aa          , Aa          , Rr          , Gs^Fp       , Gg          , Aa          , Aa          , Gg          , Rp          , Rp          , Aa          , Gg          , Gg          , Re^Gvs      , Re^Gvs      , Re^Gvs      , _off^_usr   , _off^_usr   , _off^_usr   , _off^_usr   , _off^_usr   , _off^_usr   , _off^_usr   
_off^_usr   , _off^_usr   , _off^_usr   , _off^_usr   , _off^_usr   , _off^_usr   , _off^_usr   , _off^_usr   , Re^Gvs      , Re^Gvs      , Re^Gvs      , Re^Gvs      , Gg          , Gg          , Rp          , Aa          , Gg          , Gg          , Gg          , Aa          , Gs^Fp       , Rr          , Rr          , Rr          , Gs^Fp       , Gs^Fp       , _off^_usr   , Gs^Fp       , Gs^Fp       , Rr          , Rr          , Rr          , Gs^Fp       , Aa          , Gg          , Gg          , Gg          , Aa          , Rp          , Gg          , Gg          , Re^Gvs      , Re^Gvs      , Re^Gvs      , Re^Gvs      , _off^_usr   , _off^_usr   , _off^_usr   , _off^_usr   , _off^_usr   , _off^_usr   , _off^_usr   
_off^_usr   , _off^_usr   , _off^_usr   , _off^_usr   , _off^_usr   , _off^_usr   , _off^_usr   , Re^Gvs      , Re^Gvs      , Re^Gvs      , Re^Gvs      , Re^Gvs      , Gg          , Ch          , Rr          , Gg          , Gg          , Ch          , Re^Gvs      , Gg          , Gg          , Gg          , Rr          , Gg          , Gg          , Gg          , _off^_usr   , Gg          , Gg          , Gg          , Rr          , Gg          , Gg          , Gg          , Re^Gvs      , Ch          , Gg          , Gg          , Rr          , Ch          , Gg          , Re^Gvs      , Re^Gvs      , Re^Gvs      , Re^Gvs      , Re^Gvs      , _off^_usr   , _off^_usr   , _off^_usr   , _off^_usr   , _off^_usr   , _off^_usr   
_off^_usr   , _off^_usr   , _off^_usr   , _off^_usr   , _off^_usr   , _off^_usr   , _off^_usr   , Gg          , Gg          , Re^Gvs      , Re^Gvs      , Re^Gvs      , Rr          , Rr          , Rr          , Rr          , Rr          , Gg          , Re^Gvs      , Re^Gvs      , Re^Gvs      , Gg          , Rr          , Gg          , Re^Gvs      , Re^Gvs      , _off^_usr   , Re^Gvs      , Re^Gvs      , Gg          , Rr          , Gg          , Re^Gvs      , Re^Gvs      , Re^Gvs      , Gg          , Rr          , Rr          , Rr          , Rr          , Rr          , Re^Gvs      , Re^Gvs      , Re^Gvs      , Gg          , Gg          , _off^_usr   , _off^_usr   , _off^_usr   , _off^_usr   , _off^_usr   , _off^_usr   
_off^_usr   , _off^_usr   , _off^_usr   , _off^_usr   , _off^_usr   , _off^_usr   , Ww          , Ds          , Gg          , Ch          , Gg          , Re^Gvs      , Gg          , Rr          , Rr          , Rr          , Gg          , Gg          , Re^Gvs      , Re^Gvs      , Re^Gvs      , Ch          , Rr          , Re^Gvs      , Gg^Wm       , Re^Gvs      , _off^_usr   , Re^Gvs      , Gg^Wm       , Re^Gvs      , Rr          , Ch          , Re^Gvs      , Re^Gvs      , Re^Gvs      , Gg          , Gg          , Rr          , Rr          , Rr          , Gg          , Re^Gvs      , Gg          , Ch          , Gg          , Ds          , Ww          , _off^_usr   , _off^_usr   , _off^_usr   , _off^_usr   , _off^_usr   
_off^_usr   , _off^_usr   , _off^_usr   , _off^_usr   , _off^_usr   , _off^_usr   , Wwr         , Ww          , Ww^Bw/      , Gg          , Gs^Fds      , Gs^Fds      , Gg          , Gg          , Ch          , Kh          , Ch          , Gg          , Rp          , Re^Gvs      , Re^Gvs      , Gg          , Rr          , Re^Gvs      , Re^Gvs      , Re^Gvs      , _off^_usr   , Re^Gvs      , Re^Gvs      , Re^Gvs      , Rr          , Gg          , Re^Gvs      , Re^Gvs      , Rp          , Gg          , Ch          , Kh          , Ch          , Gg          , Gg          , Gs^Fds      , Gs^Fds      , Gg          , Ww^Bw\      , Ww          , Wwr         , _off^_usr   , _off^_usr   , _off^_usr   , _off^_usr   , _off^_usr   
_off^_usr   , _off^_usr   , _off^_usr   , _off^_usr   , _off^_usr   , _off^_usr   , _off^_usr   , Ww          , Wwr         , Ww          , Ww          , Gg          , Ww^Bw/      , Ch          , Ch          , Ch          , Ch          , Ch          , Rp          , Rp          , Rp          , Rp          , Rr          , Gg^Vh       , Re^Gvs      , Gg^Vh       , _off^_usr   , Gg^Vh       , Re^Gvs      , Gg^Vh       , Rr          , Rp          , Rp          , Rp          , Rp          , Ch          , Ch          , Ch          , Ch          , Ch          , Ww^Bw\      , Gg          , Ww          , Ww          , Wwr         , Ww          , _off^_usr   , _off^_usr   , _off^_usr   , _off^_usr   , _off^_usr   , _off^_usr   
_off^_usr   , _off^_usr   , _off^_usr   , _off^_usr   , _off^_usr   , _off^_usr   , _off^_usr   , Wo          , Ww          , Wwr         , Ww          , Ww          , Ww          , Ww          , Ww^Bw/      , Ch          , Re^Gvs      , Re^Gvs      , Re^Gvs      , Gs^Fds      , Gs^Fds      , Gg          , Rr          , Re^Gvs      , Gg^Wm       , Re^Gvs      , _off^_usr   , Re^Gvs      , Gg^Wm       , Re^Gvs      , Rr          , Gg          , Gs^Fds      , Gs^Fds      , Re^Gvs      , Re^Gvs      , Re^Gvs      , Ch          , Ww^Bw\      , Ww          , Ww          , Ww          , Ww          , Wwr         , Ww          , Wo          , _off^_usr   , _off^_usr   , _off^_usr   , _off^_usr   , _off^_usr   , _off^_usr   
_off^_usr   , _off^_usr   , _off^_usr   , _off^_usr   , _off^_usr   , _off^_usr   , _off^_usr   , Wo          , Wwr         , Ch          , Gg          , Ww          , Gg          , Ww^Bw|      , Ww          , Ww          , Ww          , Re^Gvs      , Wwf         , Ww          , Ww          , Ch          , Rr          , Re^Gvs      , Re^Gvs      , Re^Gvs      , _off^_usr   , Re^Gvs      , Re^Gvs      , Re^Gvs      , Rr          , Ch          , Ww          , Ww          , Wwf         , Re^Gvs      , Ww          , Ww          , Ww          , Ww^Bw|      , Gg          , Ww          , Gg          , Ch          , Wwr         , Wo          , _off^_usr   , _off^_usr   , _off^_usr   , _off^_usr   , _off^_usr   , _off^_usr   
_off^_usr   , _off^_usr   , _off^_usr   , _off^_usr   , _off^_usr   , _off^_usr   , _off^_usr   , _off^_usr   , _off^_usr   , Gg          , Gg          , Gg          , Ch          , Rd          , Gg          , Ww          , Ww          , Ww          , Ch          , Gg          , Ss          , Ww          , Ww^Bw|      , Gs          , Wwf         , Wwf         , Xos         , Wwf         , Wwf         , Gs          , Ww^Bw|      , Ww          , Ss          , Gg          , Ch          , Ww          , Ww          , Ww          , Gg          , Rd          , Ch          , Gg          , Gg          , Gg          , _off^_usr   , _off^_usr   , _off^_usr   , _off^_usr   , _off^_usr   , _off^_usr   , _off^_usr   , _off^_usr   
_off^_usr   , _off^_usr   , _off^_usr   , _off^_usr   , _off^_usr   , _off^_usr   , _off^_usr   , _off^_usr   , _off^_usr   , Hh          , Hh^Fdw      , Gg          , Gs^Fmw      , Rd          , Rd          , Gg          , Gg          , Ww          , Gg          , Gg          , Ss          , Gg          , Rp          , Ww          , Gs^Fdw      , Gs^Fdw      , Xos         , Gs^Fdw      , Gs^Fdw      , Ww          , Rp          , Gg          , Ss          , Gg          , Gg          , Ww          , Gg          , Gg          , Rd          , Rd          , Gs^Fmw      , Gg          , Hh^Fdw      , Hh          , _off^_usr   , _off^_usr   , _off^_usr   , _off^_usr   , _off^_usr   , _off^_usr   , _off^_usr   , _off^_usr   
_off^_usr   , _off^_usr   , _off^_usr   , _off^_usr   , _off^_usr   , _off^_usr   , _off^_usr   , _off^_usr   , _off^_usr   , _off^_usr   , Ss          , Rd          , Gs^Fdw      , Rd          , Gs^Fdw      , Rd          , Rd          , Ss          , Gg          , Gg          , Gg          , Rd          , Rd          , Ww          , Ss          , Ss          , Xos         , Ss          , Ss          , Ww          , Rd          , Rd          , Gg          , Gg          , Gg          , Ss          , Rd          , Rd          , Gs^Fdw      , Rd          , Gs^Fdw      , Rd          , Ss          , _off^_usr   , _off^_usr   , _off^_usr   , _off^_usr   , _off^_usr   , _off^_usr   , _off^_usr   , _off^_usr   , _off^_usr   
_off^_usr   , _off^_usr   , _off^_usr   , _off^_usr   , _off^_usr   , _off^_usr   , _off^_usr   , _off^_usr   , _off^_usr   , _off^_usr   , Xu          , Ss          , Ss          , Rd          , Ss          , Ss          , Ss^Bw|      , Ss          , Ss          , Gs^Fmw      , Ss          , Rd          , Ss          , Ss^Bw\      , Chs         , Chs         , Xos         , Chs         , Chs         , Ss^Bw/      , Ss          , Rd          , Ss          , Gs^Fmw      , Ss          , Ss          , Ss^Bw|      , Ss          , Ss          , Rd          , Ss          , Ss          , Xu          , _off^_usr   , _off^_usr   , _off^_usr   , _off^_usr   , _off^_usr   , _off^_usr   , _off^_usr   , _off^_usr   , _off^_usr   
_off^_usr   , _off^_usr   , _off^_usr   , _off^_usr   , _off^_usr   , _off^_usr   , _off^_usr   , _off^_usr   , Xu          , Xu          , Ur          , Chr         , Khs         , Chs         , Ss^Bw|      , Rd          , Ss^Bw|      , Rd          , Chs         , Gs^Fdw      , Ss          , Rd          , Hh^Fdw      , Chs         , Chs         , Khs         , Xos         , Khs         , Chs         , Chs         , Hh^Fdw      , Rd          , Ss          , Gs^Fdw      , Chs         , Rd          , Ss^Bw|      , Rd          , Ss^Bw|      , Chs         , Khs         , Chr         , Ur          , Xu          , Xu          , _off^_usr   , _off^_usr   , _off^_usr   , _off^_usr   , _off^_usr   , _off^_usr   , _off^_usr   
_off^_usr   , _off^_usr   , _off^_usr   , _off^_usr   , _off^_usr   , _off^_usr   , Xu          , Xu          , Uu^Uf       , Uu          , Ur          , Chr         , Chs         , Chs         , Ss^Bw/      , Hh^Fmw      , Ss^Bw|      , Ss^Bw/      , Ss          , Ss          , Rd          , Ss^Bw|      , Gs^Fdw      , Ss          , Ss^Bw|      , Chs         , Xos         , Chs         , Ss^Bw|      , Ss          , Gs^Fdw      , Ss^Bw|      , Rd          , Ss          , Ss          , Ss^Bw\      , Ss^Bw|      , Hh^Fmw      , Ss^Bw\      , Chs         , Chs         , Chr         , Ur          , Uu          , Uu^Uf       , Xu          , Xu          , _off^_usr   , _off^_usr   , _off^_usr   , _off^_usr   , _off^_usr   
_off^_usr   , _off^_usr   , _off^_usr   , _off^_usr   , _off^_usr   , Xu          , Xu          , Uu^Uf       , Ur          , Ur          , Xu          , Xu          , _off^_usr   , Ss^Bw|      , Ss          , Ss^Bw\      , Ss^Bw|      , Ss          , Hh^Fdw      , Gs^Fdw      , Ss^Bw|      , Ss^Bw/      , Chs         , Ss          , Ss^Bw|      , Ss          , Xos         , Ss          , Ss^Bw|      , Ss          , Chs         , Ss^Bw\      , Ss^Bw|      , Gs^Fdw      , Hh^Fdw      , Ss          , Ss^Bw|      , Ss^Bw/      , Ss          , Ss^Bw|      , _off^_usr   , Xu          , Xu          , Ur          , Ur          , Uu^Uf       , Xu          , Xu          , _off^_usr   , _off^_usr   , _off^_usr   , _off^_usr   
_off^_usr   , _off^_usr   , _off^_usr   , _off^_usr   , _off^_usr   , Xu          , Uh          , Xu          , Ur          , Ur          , Xu          , _off^_usr   , _off^_usr   , Rd          , Chs         , Ss          , Ss^Bw|      , Rd          , Rd          , Ss          , Ss^Bw\      , Ss          , Rd          , Hh          , Ss^Bw/      , Ss^Bw/      , _off^_usr   , Ss^Bw\      , Ss^Bw\      , Hh          , Rd          , Ss          , Ss^Bw/      , Ss          , Rd          , Rd          , Ss^Bw|      , Ss          , Chs         , Rd          , _off^_usr   , _off^_usr   , Xu          , Ur          , Ur          , Xu          , Uh          , Xu          , _off^_usr   , _off^_usr   , _off^_usr   , _off^_usr   
_off^_usr   , _off^_usr   , _off^_usr   , _off^_usr   , Xos         , Xu          , Ur          , Ur          , Uh          , Xu          , _off^_usr   , _off^_usr   , _off^_usr   , _off^_usr   , Ss          , Gs^Fdw      , Ss^Bw|      , Ss          , Ss^Bw/      , Ss^Bw/      , Gs^Fdw      , Ss^Bw\      , Ss^Bw/      , Ss^Bw/      , Ss^Bw\      , Ss          , _off^_usr   , Ss          , Ss^Bw/      , Ss^Bw\      , Ss^Bw\      , Ss^Bw/      , Gs^Fdw      , Ss^Bw\      , Ss^Bw\      , Ss          , Ss^Bw/      , Gs^Fdw      , Ss          , _off^_usr   , _off^_usr   , _off^_usr   , _off^_usr   , Xu          , Uh          , Ur          , Ur          , Xu          , Xos         , _off^_usr   , _off^_usr   , _off^_usr   
_off^_usr   , _off^_usr   , _off^_usr   , Xos         , Ur          , Xu          , Ur          , Ur          , Uu          , Xu          , _off^_usr   , _off^_usr   , _off^_usr   , _off^_usr   , _off^_usr   , Ss          , Ss          , Ss^Bw\      , Ss          , Hh^Fdw      , Gs^Fdw      , Ss^Bw|      , Ss          , Ss          , Hh          , Gg          , _off^_usr   , Gg          , Hh          , Ss          , Ss          , Ss^Bw|      , Gs^Fdw      , Hh^Fdw      , Ss          , Ss^Bw/      , Ss          , Ss          , _off^_usr   , _off^_usr   , _off^_usr   , _off^_usr   , _off^_usr   , Xu          , Uu          , Ur          , Ur          , Xu          , Ur          , Xos         , _off^_usr   , _off^_usr   
_off^_usr   , _off^_usr   , _off^_usr   , Xos         , Cud         , Cud         , Ur          , Uu^Uf       , Ur          , Xu          , Xu          , _off^_usr   , _off^_usr   , _off^_usr   , _off^_usr   , _off^_usr   , Ss          , Ss^Bw|      , Ss^Bw\      , Ss^Vhs      , Ss^Bw/      , Ss^Bw\      , Gg          , Gs^Fdw      , Gs^Fp       , Gs^Fms      , _off^_usr   , Gs^Fms      , Gs^Fp       , Gs^Fdw      , Gg          , Ss^Bw/      , Ss^Bw\      , Ss^Vhs      , Ss^Bw/      , Ss^Bw|      , Ss          , _off^_usr   , _off^_usr   , _off^_usr   , _off^_usr   , _off^_usr   , Xu          , Xu          , Ur          , Uu^Uf       , Ur          , Cud         , Cud         , Xos         , _off^_usr   , _off^_usr   
_off^_usr   , _off^_usr   , _off^_usr   , Xos         , Kud         , Cud         , Ur          , Ur          , Xu          , Uh          , Uu^Uf       , Xu          , _off^_usr   , _off^_usr   , _off^_usr   , _off^_usr   , _off^_usr   , Ss          , Ss          , Ss^Bw\      , Ss^Bw|      , Ss          , Cv          , Hh          , Gs^Fdf      , Gg^Fet      , _off^_usr   , Gg^Fet      , Gs^Fdf      , Hh          , Cv          , Ss          , Ss^Bw|      , Ss^Bw/      , Ss          , Ss          , _off^_usr   , _off^_usr   , _off^_usr   , _off^_usr   , _off^_usr   , Xu          , Uu^Uf       , Uh          , Xu          , Ur          , Ur          , Cud         , Kud         , Xos         , _off^_usr   , _off^_usr   
_off^_usr   , _off^_usr   , _off^_usr   , Xos         , Xos         , Xu          , Xu          , Ur          , Ur          , Ur          , Xu          , Xu          , _off^_usr   , _off^_usr   , _off^_usr   , _off^_usr   , _off^_usr   , Gs^Fdw      , Ss          , Hh          , Rd          , Cv          , Kv          , Gs^Fmf      , Rd          , Gs^Fds      , _off^_usr   , Gs^Fds      , Rd          , Gs^Fmf      , Kv          , Cv          , Rd          , Hh          , Ss          , Gs^Fdw      , _off^_usr   , _off^_usr   , _off^_usr   , _off^_usr   , _off^_usr   , Xu          , Xu          , Ur          , Ur          , Ur          , Xu          , Xu          , Xos         , Xos         , _off^_usr   , _off^_usr   
_off^_usr   , _off^_usr   , _off^_usr   , _off^_usr   , _off^_usr   , Xu          , Xu          , Uh          , Ur          , Uu          , Uu^Uf       , Xu          , _off^_usr   , _off^_usr   , _off^_usr   , _off^_usr   , _off^_usr   , _off^_usr   , Gs^Fmw      , Gs^Fmw      , Gg          , Rd          , Rd          , Hh          , Rd          , Gs^Fms      , _off^_usr   , Gs^Fms      , Rd          , Hh          , Rd          , Rd          , Gg          , Gs^Fmw      , Gs^Fmw      , _off^_usr   , _off^_usr   , _off^_usr   , _off^_usr   , _off^_usr   , _off^_usr   , Xu          , Uu^Uf       , Uu          , Ur          , Uh          , Xu          , Xu          , _off^_usr   , _off^_usr   , _off^_usr   , _off^_usr   
_off^_usr   , _off^_usr   , _off^_usr   , _off^_usr   , _off^_usr   , _off^_usr   , _off^_usr   , Xu          , Rr          , Ur          , Rr          , Xu          , Xos         , _off^_usr   , _off^_usr   , _off^_usr   , _off^_usr   , _off^_usr   , _off^_usr   , Hh^Fmf      , Gs^Fms      , Gs          , Gs^Fds      , Rd          , Gs^Fms      , Gs          , _off^_usr   , Gs          , Gs^Fms      , Rd          , Gs^Fds      , Gs          , Gs^Fms      , Hh^Fmf      , _off^_usr   , _off^_usr   , _off^_usr   , _off^_usr   , _off^_usr   , _off^_usr   , Xos         , Xu          , Rr          , Ur          , Rr          , Xu          , _off^_usr   , _off^_usr   , _off^_usr   , _off^_usr   , _off^_usr   , _off^_usr   
_off^_usr   , _off^_usr   , _off^_usr   , _off^_usr   , _off^_usr   , _off^_usr   , _off^_usr   , Xos         , Xu          , Rr          , Ur          , Rr          , Xu          , _off^_usr   , _off^_usr   , _off^_usr   , _off^_usr   , _off^_usr   , _off^_usr   , Gs^Fmf      , Hh^Fds      , Gg          , Qxu         , Rd          , Gs^Fds      , Hh^Fmf      , Qxu^Xo      , Hh^Fmf      , Gs^Fds      , Rd          , Qxu         , Gg          , Hh^Fds      , Gs^Fmf      , _off^_usr   , _off^_usr   , _off^_usr   , _off^_usr   , _off^_usr   , _off^_usr   , Xu          , Rr          , Ur          , Rr          , Xu          , Xos         , _off^_usr   , _off^_usr   , _off^_usr   , _off^_usr   , _off^_usr   , _off^_usr   
_off^_usr   , _off^_usr   , _off^_usr   , _off^_usr   , _off^_usr   , _off^_usr   , Xos         , Xu          , Rr          , Rr          , Ur          , Uh          , Xos         , _off^_usr   , _off^_usr   , _off^_usr   , _off^_usr   , _off^_usr   , _off^_usr   , Gg          , Gg          , Gs          , Gs          , Qxu^Bw|     , Qxu         , Qxu         , _off^_usr   , Qxu         , Qxu         , Qxu^Bw|     , Gs          , Gs          , Gg          , Gg          , _off^_usr   , _off^_usr   , _off^_usr   , _off^_usr   , _off^_usr   , _off^_usr   , Xos         , Uh          , Ur          , Rr          , Rr          , Xu          , Xos         , _off^_usr   , _off^_usr   , _off^_usr   , _off^_usr   , _off^_usr   
_off^_usr   , _off^_usr   , _off^_usr   , _off^_usr   , _off^_usr   , Xos         , Rr          , Ur          , Rr          , Rr          , Xos         , Xos         , _off^_usr   , _off^_usr   , _off^_usr   , _off^_usr   , _off^_usr   , _off^_usr   , _off^_usr   , Gg          , Gs^Fms      , Hh^Fds      , Rd          , Rd          , Gs^Fmf      , Gs^Fms      , _off^_usr   , Gs^Fms      , Gs^Fmf      , Rd          , Rd          , Hh^Fds      , Gs^Fms      , Gg          , _off^_usr   , _off^_usr   , _off^_usr   , _off^_usr   , _off^_usr   , _off^_usr   , _off^_usr   , Xos         , Xos         , Rr          , Rr          , Ur          , Rr          , Xos         , _off^_usr   , _off^_usr   , _off^_usr   , _off^_usr   
_off^_usr   , _off^_usr   , _off^_usr   , _off^_usr   , _off^_usr   , Xos         , Rr          , Rr          , Rr          , Rr          , Xos         , Xos         , _off^_usr   , _off^_usr   , _off^_usr   , _off^_usr   , _off^_usr   , _off^_usr   , _off^_usr   , Gs^Fmf      , Gs          , Rd          , Gs          , Gs          , Gg          , Gg          , Xos         , Gg          , Gg          , Gs          , Gs          , Rd          , Gs          , Gs^Fmf      , _off^_usr   , _off^_usr   , _off^_usr   , _off^_usr   , _off^_usr   , _off^_usr   , _off^_usr   , Xos         , Xos         , Rr          , Rr          , Rr          , Rr          , Xos         , _off^_usr   , _off^_usr   , _off^_usr   , _off^_usr   
_off^_usr   , _off^_usr   , _off^_usr   , _off^_usr   , _off^_usr   , Xos         , Uu^Uf       , Rr          , Rr          , Xos         , Uu^Uf       , Xos         , Xos         , _off^_usr   , _off^_usr   , _off^_usr   , _off^_usr   , _off^_usr   , Xos         , Gg          , Hh          , Rd          , Rd          , Hh          , Ss          , Ch          , Xos         , Ch          , Ss          , Hh          , Rd          , Rd          , Hh          , Gg          , Xos         , _off^_usr   , _off^_usr   , _off^_usr   , _off^_usr   , _off^_usr   , Xos         , Xos         , Uu^Uf       , Xos         , Rr          , Rr          , Uu^Uf       , Xos         , _off^_usr   , _off^_usr   , _off^_usr   , _off^_usr   
_off^_usr   , _off^_usr   , _off^_usr   , _off^_usr   , _off^_usr   , Xos         , Xos         , Xos         , Rr          , Rr          , Rr          , Rr          , Rr          , Xos         , Xos         , _off^_usr   , Xos         , Ww          , Ww          , Ch          , Mm          , Hh          , Rd          , Hh          , Ww          , Ww^Bw|      , Xos         , Ww^Bw|      , Ww          , Hh          , Rd          , Hh          , Mm          , Ch          , Ww          , Ww          , Xos         , _off^_usr   , Xos         , Xos         , Rr          , Rr          , Rr          , Rr          , Rr          , Xos         , Xos         , Xos         , _off^_usr   , _off^_usr   , _off^_usr   , _off^_usr   
_off^_usr   , _off^_usr   , _off^_usr   , _off^_usr   , _off^_usr   , _off^_usr   , _off^_usr   , Xos         , Xos         , Rr          , Rr          , Rr          , Rr          , Xos         , Rr          , Xos         , Xos         , Xos         , Ch          , Ww^Bw|      , Ww          , Gs^Fms      , Rd          , Wwf         , Ch          , Ch          , Xos         , Ch          , Ch          , Wwf         , Rd          , Gs^Fms      , Ww          , Ww^Bw|      , Ch          , Xos         , Xos         , Xos         , Rr          , Xos         , Rr          , Rr          , Rr          , Rr          , Xos         , Xos         , _off^_usr   , _off^_usr   , _off^_usr   , _off^_usr   , _off^_usr   , _off^_usr   
_off^_usr   , _off^_usr   , _off^_usr   , _off^_usr   , _off^_usr   , _off^_usr   , _off^_usr   , _off^_usr   , _off^_usr   , Xos         , Xos         , Xos         , Rr          , Rr          , Rr          , Rr          , Rr          , Ce          , Kh          , Ch          , Ww          , Gs^Fms      , Rd          , Ww          , Ch          , Kh          , Xos         , Kh          , Ch          , Ww          , Rd          , Gs^Fms      , Ww          , Ch          , Kh          , Ce          , Rr          , Rr          , Rr          , Rr          , Rr          , Xos         , Xos         , Xos         , _off^_usr   , _off^_usr   , _off^_usr   , _off^_usr   , _off^_usr   , _off^_usr   , _off^_usr   , _off^_usr   
_off^_usr   , _off^_usr   , _off^_usr   , _off^_usr   , _off^_usr   , _off^_usr   , _off^_usr   , _off^_usr   , _off^_usr   , _off^_usr   , _off^_usr   , Xos         , Xos         , Rr          , Rr          , Rr          , Rr          , Ce          , Ch          , Ch          , Ww^Bw\      , Gs          , Rp          , Ww^Bw/      , Ww          , Ch          , Xos         , Ch          , Ww          , Ww^Bw\      , Rp          , Gs          , Ww^Bw/      , Ch          , Ch          , Ce          , Rr          , Rr          , Rr          , Rr          , Xos         , Xos         , _off^_usr   , _off^_usr   , _off^_usr   , _off^_usr   , _off^_usr   , _off^_usr   , _off^_usr   , _off^_usr   , _off^_usr   , _off^_usr   
_off^_usr   , _off^_usr   , _off^_usr   , _off^_usr   , _off^_usr   , _off^_usr   , _off^_usr   , _off^_usr   , _off^_usr   , _off^_usr   , _off^_usr   , _off^_usr   , _off^_usr   , Xos         , Xos         , Xos         , Xos         , Xos         , Xos         , Ww          , Hh          , Rp          , Rp          , Hh          , Mm          , Ww          , Xos         , Ww          , Mm          , Hh          , Rp          , Rp          , Hh          , Ww          , Xos         , Xos         , Xos         , Xos         , Xos         , Xos         , _off^_usr   , _off^_usr   , _off^_usr   , _off^_usr   , _off^_usr   , _off^_usr   , _off^_usr   , _off^_usr   , _off^_usr   , _off^_usr   , _off^_usr   , _off^_usr   
_off^_usr   , _off^_usr   , _off^_usr   , _off^_usr   , _off^_usr   , _off^_usr   , _off^_usr   , _off^_usr   , _off^_usr   , _off^_usr   , _off^_usr   , _off^_usr   , _off^_usr   , _off^_usr   , _off^_usr   , Xos         , Xos         , Xos         , _off^_usr   , Mm          , Hh          , Re          , Rp          , Hh          , Hh          , Mm          , Xos         , Mm          , Hh          , Hh          , Rp          , Re          , Hh          , Mm          , _off^_usr   , Xos         , Xos         , Xos         , _off^_usr   , _off^_usr   , _off^_usr   , _off^_usr   , _off^_usr   , _off^_usr   , _off^_usr   , _off^_usr   , _off^_usr   , _off^_usr   , _off^_usr   , _off^_usr   , _off^_usr   , _off^_usr   
_off^_usr   , _off^_usr   , _off^_usr   , _off^_usr   , _off^_usr   , _off^_usr   , _off^_usr   , _off^_usr   , _off^_usr   , _off^_usr   , _off^_usr   , _off^_usr   , _off^_usr   , _off^_usr   , _off^_usr   , _off^_usr   , _off^_usr   , _off^_usr   , _off^_usr   , Mm          , Mm          , Hh^Fms      , Re          , Rp          , Hh^Fms      , Hh          , _off^_usr   , Hh          , Hh^Fms      , Rp          , Re          , Hh^Fms      , Mm          , Mm          , _off^_usr   , _off^_usr   , _off^_usr   , _off^_usr   , _off^_usr   , _off^_usr   , _off^_usr   , _off^_usr   , _off^_usr   , _off^_usr   , _off^_usr   , _off^_usr   , _off^_usr   , _off^_usr   , _off^_usr   , _off^_usr   , _off^_usr   , _off^_usr   
_off^_usr   , _off^_usr   , _off^_usr   , _off^_usr   , _off^_usr   , _off^_usr   , _off^_usr   , _off^_usr   , _off^_usr   , _off^_usr   , _off^_usr   , _off^_usr   , _off^_usr   , _off^_usr   , _off^_usr   , _off^_usr   , _off^_usr   , _off^_usr   , _off^_usr   , Mm          , Hh          , Wwf         , Rp          , Re          , Gg          , Hh^Fds      , _off^_usr   , Hh^Fds      , Gg          , Re          , Rp          , Wwf         , Hh          , Mm          , _off^_usr   , _off^_usr   , _off^_usr   , _off^_usr   , _off^_usr   , _off^_usr   , _off^_usr   , _off^_usr   , _off^_usr   , _off^_usr   , _off^_usr   , _off^_usr   , _off^_usr   , _off^_usr   , _off^_usr   , _off^_usr   , _off^_usr   , _off^_usr   
_off^_usr   , _off^_usr   , _off^_usr   , _off^_usr   , _off^_usr   , _off^_usr   , _off^_usr   , _off^_usr   , _off^_usr   , _off^_usr   , _off^_usr   , _off^_usr   , _off^_usr   , _off^_usr   , _off^_usr   , _off^_usr   , _off^_usr   , _off^_usr   , _off^_usr   , Hh^Fmf      , Wwf         , Wwf         , Rp          , Re          , Gs^Fds      , Ww          , Wo^Xo       , Ww          , Gs^Fds      , Re          , Rp          , Wwf         , Wwf         , Hh^Fmf      , _off^_usr   , _off^_usr   , _off^_usr   , _off^_usr   , _off^_usr   , _off^_usr   , _off^_usr   , _off^_usr   , _off^_usr   , _off^_usr   , _off^_usr   , _off^_usr   , _off^_usr   , _off^_usr   , _off^_usr   , _off^_usr   , _off^_usr   , _off^_usr   
_off^_usr   , _off^_usr   , _off^_usr   , _off^_usr   , _off^_usr   , _off^_usr   , _off^_usr   , _off^_usr   , _off^_usr   , _off^_usr   , _off^_usr   , _off^_usr   , _off^_usr   , _off^_usr   , _off^_usr   , _off^_usr   , _off^_usr   , _off^_usr   , _off^_usr   , Hh^Fms      , Ww          , Re          , Re          , Rp          , Gs^Fms      , Ww          , _off^_usr   , Ww          , Gs^Fms      , Rp          , Re          , Re          , Ww          , Hh^Fms      , _off^_usr   , _off^_usr   , _off^_usr   , _off^_usr   , _off^_usr   , _off^_usr   , _off^_usr   , _off^_usr   , _off^_usr   , _off^_usr   , _off^_usr   , _off^_usr   , _off^_usr   , _off^_usr   , _off^_usr   , _off^_usr   , _off^_usr   , _off^_usr   
_off^_usr   , _off^_usr   , _off^_usr   , _off^_usr   , _off^_usr   , _off^_usr   , _off^_usr   , _off^_usr   , _off^_usr   , _off^_usr   , _off^_usr   , _off^_usr   , _off^_usr   , _off^_usr   , _off^_usr   , _off^_usr   , _off^_usr   , _off^_usr   , _off^_usr   , Ww          , Ww^Bw/      , Re          , Re          , Ch          , Hh^Fms      , Hh^Fms      , _off^_usr   , Hh^Fms      , Hh^Fms      , Ch          , Re          , Re          , Ww^Bw\      , Ww          , _off^_usr   , _off^_usr   , _off^_usr   , _off^_usr   , _off^_usr   , _off^_usr   , _off^_usr   , _off^_usr   , _off^_usr   , _off^_usr   , _off^_usr   , _off^_usr   , _off^_usr   , _off^_usr   , _off^_usr   , _off^_usr   , _off^_usr   , _off^_usr   
_off^_usr   , _off^_usr   , _off^_usr   , _off^_usr   , _off^_usr   , _off^_usr   , _off^_usr   , _off^_usr   , _off^_usr   , _off^_usr   , _off^_usr   , _off^_usr   , _off^_usr   , _off^_usr   , _off^_usr   , _off^_usr   , _off^_usr   , _off^_usr   , _off^_usr   , Ce          , Ww          , Re          , Re          , Gg          , Wwr         , Mm          , _off^_usr   , Mm          , Wwr         , Gg          , Re          , Re          , Ww          , Ce          , _off^_usr   , _off^_usr   , _off^_usr   , _off^_usr   , _off^_usr   , _off^_usr   , _off^_usr   , _off^_usr   , _off^_usr   , _off^_usr   , _off^_usr   , _off^_usr   , _off^_usr   , _off^_usr   , _off^_usr   , _off^_usr   , _off^_usr   , _off^_usr   
_off^_usr   , _off^_usr   , _off^_usr   , _off^_usr   , _off^_usr   , _off^_usr   , _off^_usr   , _off^_usr   , _off^_usr   , _off^_usr   , _off^_usr   , _off^_usr   , _off^_usr   , _off^_usr   , _off^_usr   , _off^_usr   , _off^_usr   , _off^_usr   , _off^_usr   , Ke          , Ce          , Wwf         , Wwf         , Ww          , Hh          , Mm^Vhh      , _off^_usr   , Mm^Vhh      , Hh          , Ww          , Wwf         , Wwf         , Ce          , Ke          , _off^_usr   , _off^_usr   , _off^_usr   , _off^_usr   , _off^_usr   , _off^_usr   , _off^_usr   , _off^_usr   , _off^_usr   , _off^_usr   , _off^_usr   , _off^_usr   , _off^_usr   , _off^_usr   , _off^_usr   , _off^_usr   , _off^_usr   , _off^_usr   
_off^_usr   , _off^_usr   , _off^_usr   , _off^_usr   , _off^_usr   , _off^_usr   , _off^_usr   , _off^_usr   , _off^_usr   , _off^_usr   , _off^_usr   , _off^_usr   , _off^_usr   , _off^_usr   , _off^_usr   , _off^_usr   , _off^_usr   , _off^_usr   , _off^_usr   , Dd^Do       , Dd^Do       , Hh          , Wwf         , Re          , Hd          , Hh^Fdw      , _off^_usr   , Hh^Fdw      , Hd          , Re          , Wwf         , Hh          , Dd^Do       , Dd^Do       , _off^_usr   , _off^_usr   , _off^_usr   , _off^_usr   , _off^_usr   , _off^_usr   , _off^_usr   , _off^_usr   , _off^_usr   , _off^_usr   , _off^_usr   , _off^_usr   , _off^_usr   , _off^_usr   , _off^_usr   , _off^_usr   , _off^_usr   , _off^_usr   
_off^_usr   , _off^_usr   , _off^_usr   , _off^_usr   , _off^_usr   , _off^_usr   , _off^_usr   , _off^_usr   , _off^_usr   , _off^_usr   , _off^_usr   , _off^_usr   , _off^_usr   , _off^_usr   , _off^_usr   , _off^_usr   , _off^_usr   , _off^_usr   , _off^_usr   , Dd^Do       , Wwf         , Wwf         , Re          , Re          , Dd          , Dd          , _off^_usr   , Dd          , Dd          , Re          , Re          , Wwf         , Wwf         , Dd^Do       , _off^_usr   , _off^_usr   , _off^_usr   , _off^_usr   , _off^_usr   , _off^_usr   , _off^_usr   , _off^_usr   , _off^_usr   , _off^_usr   , _off^_usr   , _off^_usr   , _off^_usr   , _off^_usr   , _off^_usr   , _off^_usr   , _off^_usr   , _off^_usr   
_off^_usr   , _off^_usr   , _off^_usr   , _off^_usr   , _off^_usr   , _off^_usr   , _off^_usr   , _off^_usr   , _off^_usr   , _off^_usr   , _off^_usr   , _off^_usr   , _off^_usr   , _off^_usr   , _off^_usr   , _off^_usr   , _off^_usr   , _off^_usr   , _off^_usr   , Wwf         , Gs^Ft       , Hd          , Re          , Re          , Dd          , Dd          , _off^_usr   , Dd          , Dd          , Re          , Re          , Hd          , Gs^Ft       , Wwf         , _off^_usr   , _off^_usr   , _off^_usr   , _off^_usr   , _off^_usr   , _off^_usr   , _off^_usr   , _off^_usr   , _off^_usr   , _off^_usr   , _off^_usr   , _off^_usr   , _off^_usr   , _off^_usr   , _off^_usr   , _off^_usr   , _off^_usr   , _off^_usr   
_off^_usr   , _off^_usr   , _off^_usr   , _off^_usr   , _off^_usr   , _off^_usr   , _off^_usr   , _off^_usr   , _off^_usr   , _off^_usr   , _off^_usr   , _off^_usr   , _off^_usr   , _off^_usr   , _off^_usr   , _off^_usr   , _off^_usr   , _off^_usr   , _off^_usr   , Gs^Ft       , Dd          , Dd          , Re          , Dd          , Dd          , Dd          , _off^_usr   , Dd          , Dd          , Dd          , Re          , Dd          , Dd          , Gs^Ft       , _off^_usr   , _off^_usr   , _off^_usr   , _off^_usr   , _off^_usr   , _off^_usr   , _off^_usr   , _off^_usr   , _off^_usr   , _off^_usr   , _off^_usr   , _off^_usr   , _off^_usr   , _off^_usr   , _off^_usr   , _off^_usr   , _off^_usr   , _off^_usr   
_off^_usr   , _off^_usr   , _off^_usr   , _off^_usr   , _off^_usr   , _off^_usr   , _off^_usr   , _off^_usr   , _off^_usr   , _off^_usr   , _off^_usr   , _off^_usr   , _off^_usr   , _off^_usr   , _off^_usr   , _off^_usr   , _off^_usr   , _off^_usr   , _off^_usr   , Dd          , Hd          , Hd          , Re          , Dd          , Hd          , Dd^Vdt      , _off^_usr   , Dd^Vdt      , Hd          , Dd          , Re          , Hd          , Hd          , Dd          , _off^_usr   , _off^_usr   , _off^_usr   , _off^_usr   , _off^_usr   , _off^_usr   , _off^_usr   , _off^_usr   , _off^_usr   , _off^_usr   , _off^_usr   , _off^_usr   , _off^_usr   , _off^_usr   , _off^_usr   , _off^_usr   , _off^_usr   , _off^_usr   
_off^_usr   , _off^_usr   , _off^_usr   , _off^_usr   , _off^_usr   , _off^_usr   , _off^_usr   , _off^_usr   , _off^_usr   , _off^_usr   , _off^_usr   , _off^_usr   , _off^_usr   , _off^_usr   , _off^_usr   , _off^_usr   , _off^_usr   , _off^_usr   , _off^_usr   , Md          , Hd          , Dd          , Re          , Dd          , Dd          , Dd^Do       , _off^_usr   , Dd^Do       , Dd          , Dd          , Re          , Dd          , Hd          , Md          , _off^_usr   , _off^_usr   , _off^_usr   , _off^_usr   , _off^_usr   , _off^_usr   , _off^_usr   , _off^_usr   , _off^_usr   , _off^_usr   , _off^_usr   , _off^_usr   , _off^_usr   , _off^_usr   , _off^_usr   , _off^_usr   , _off^_usr   , _off^_usr   
_off^_usr   , _off^_usr   , _off^_usr   , _off^_usr   , _off^_usr   , _off^_usr   , _off^_usr   , _off^_usr   , _off^_usr   , _off^_usr   , _off^_usr   , _off^_usr   , _off^_usr   , _off^_usr   , Xu          , Xu          , Xu          , Xu          , Xu          , Dd          , Hd          , Hd          , Re          , Ce          , Hd          , Dd          , _off^_usr   , Dd          , Hd          , Ce          , Re          , Hd          , Hd          , Dd          , Xu          , Xu          , Xu          , Xu          , Xu          , _off^_usr   , _off^_usr   , _off^_usr   , _off^_usr   , _off^_usr   , _off^_usr   , _off^_usr   , _off^_usr   , _off^_usr   , _off^_usr   , _off^_usr   , _off^_usr   , _off^_usr   
_off^_usr   , _off^_usr   , _off^_usr   , _off^_usr   , _off^_usr   , _off^_usr   , _off^_usr   , _off^_usr   , _off^_usr   , _off^_usr   , _off^_usr   , _off^_usr   , _off^_usr   , Xu          , Xu          , Xu          , Xu          , Xu          , Uh          , Xu          , Xu          , Re          , Re          , Re          , Re          , Dd          , Xu          , Dd          , Re          , Re          , Re          , Re          , Xu          , Xu          , Uh          , Xu          , Xu          , Xu          , Xu          , Xu          , _off^_usr   , _off^_usr   , _off^_usr   , _off^_usr   , _off^_usr   , _off^_usr   , _off^_usr   , _off^_usr   , _off^_usr   , _off^_usr   , _off^_usr   , _off^_usr   
_off^_usr   , _off^_usr   , _off^_usr   , _off^_usr   , _off^_usr   , _off^_usr   , _off^_usr   , _off^_usr   , _off^_usr   , _off^_usr   , _off^_usr   , _off^_usr   , Xu          , Xu          , Xu          , Uu^Uf       , Uu          , Xu          , Uu          , Uu^Uf       , Uh          , Uu          , Ur          , Re          , Xu          , Xu          , Xu          , Xu          , Xu          , Re          , Ur          , Uu          , Uh          , Uu^Uf       , Uu          , Xu          , Uu          , Uu^Uf       , Xu          , Xu          , Xu          , _off^_usr   , _off^_usr   , _off^_usr   , _off^_usr   , _off^_usr   , _off^_usr   , _off^_usr   , _off^_usr   , _off^_usr   , _off^_usr   , _off^_usr   
_off^_usr   , _off^_usr   , _off^_usr   , _off^_usr   , _off^_usr   , _off^_usr   , _off^_usr   , _off^_usr   , _off^_usr   , _off^_usr   , Xu          , Xu          , Xu          , Xu          , Ql          , Ql          , Ql^Bs/      , Ur          , Ur          , Uh          , Ur          , Ur          , Uu          , Uu          , Uu^Uf       , Xu          , Xu          , Xu          , Uu^Uf       , Uu          , Uu          , Ur          , Ur          , Uh          , Ur          , Ur          , Ql^Bs\      , Ql          , Ql          , Xu          , Xu          , Xu          , Xu          , _off^_usr   , _off^_usr   , _off^_usr   , _off^_usr   , _off^_usr   , _off^_usr   , _off^_usr   , _off^_usr   , _off^_usr   
_off^_usr   , _off^_usr   , _off^_usr   , _off^_usr   , _off^_usr   , _off^_usr   , _off^_usr   , _off^_usr   , _off^_usr   , _off^_usr   , Xu          , Xu          , Xu          , Uu^Uf       , Cud         , Ur          , Cud         , Ql          , Cud         , Ur          , Uh          , Ur          , Uu^Uf       , Uh          , Uh          , Xu          , Xu          , Xu          , Uh          , Uh          , Uu^Uf       , Ur          , Uh          , Ur          , Cud         , Ql          , Cud         , Ur          , Cud         , Uu^Uf       , Xu          , Xu          , Xu          , _off^_usr   , _off^_usr   , _off^_usr   , _off^_usr   , _off^_usr   , _off^_usr   , _off^_usr   , _off^_usr   , _off^_usr   
_off^_usr   , _off^_usr   , _off^_usr   , _off^_usr   , _off^_usr   , _off^_usr   , _off^_usr   , _off^_usr   , Xu          , Xu          , Xu          , Xu          , Xu          , Cud         , Ql          , Cud         , Kud         , Cud         , Ur          , Ql          , Ql^Bs/      , Ur          , Uu          , Uu^Uf       , Ql          , Uu          , Xu          , Uu          , Ql          , Uu^Uf       , Uu          , Ur          , Ql^Bs\      , Ql          , Ur          , Cud         , Kud         , Cud         , Ql          , Cud         , Xu          , Xu          , Xu          , Xu          , Xu          , _off^_usr   , _off^_usr   , _off^_usr   , _off^_usr   , _off^_usr   , _off^_usr   , _off^_usr   
_off^_usr   , _off^_usr   , _off^_usr   , _off^_usr   , _off^_usr   , _off^_usr   , Xu          , Xu          , Xu          , Xu          , Xu          , Xu          , Ql          , Ql          , Uu          , Cud         , Uu          , Cud         , Uu          , Cud         , Ql          , Uu          , Uh          , Uu          , Uh          , Ql          , Xu          , Ql          , Uh          , Uu          , Uh          , Uu          , Ql          , Cud         , Uu          , Cud         , Uu          , Cud         , Uu          , Ql          , Ql          , Xu          , Xu          , Xu          , Xu          , Xu          , Xu          , _off^_usr   , _off^_usr   , _off^_usr   , _off^_usr   , _off^_usr   
_off^_usr   , _off^_usr   , _off^_usr   , _off^_usr   , Xu          , Xu          , Xu          , Xu          , Ql          , Ql          , Uh          , Uu^Uf       , Ql          , Ql          , Ql          , Uu          , Uu^Uf       , Uh          , Ql          , Uu          , Ql^Bs\      , Ql          , Uu^Uf       , Ql          , Ql          , Ql          , Xu          , Ql          , Ql          , Ql          , Uu^Uf       , Ql          , Ql^Bs/      , Uu          , Ql          , Uh          , Uu^Uf       , Uu          , Ql          , Ql          , Ql          , Uu^Uf       , Uh          , Ql          , Ql          , Xu          , Xu          , Xu          , Xu          , _off^_usr   , _off^_usr   , _off^_usr   
_off^_usr   , _off^_usr   , _off^_usr   , _off^_usr   , Xu          , Xu          , Xu          , Uh          , Ql          , Xu          , Xu          , Uu          , Ql          , Uu^Uf       , Uh          , Ql          , Uu          , Ql          , Uu          , Ql          , Ql          , Uu          , Uh          , Uu          , Ql          , Uh          , Xu          , Uh          , Ql          , Uu          , Uh          , Uu          , Ql          , Ql          , Uu          , Ql          , Uu          , Ql          , Uh          , Uu^Uf       , Ql          , Uu          , Xu          , Xu          , Ql          , Uh          , Xu          , Xu          , Xu          , _off^_usr   , _off^_usr   , _off^_usr   
_off^_usr   , _off^_usr   , Xu          , Xu          , Xu          , Qlf         , Xu          , Xu          , Ql          , Ql          , Uu          , Uh          , Uu          , Ql          , Uu          , Ql          , Uh          , Ql          , Uh          , Uu^Uf       , Ql          , Uu          , Uu          , Uu          , Uu          , Ql          , Xu          , Ql          , Uu          , Uu          , Uu          , Uu          , Ql          , Uu^Uf       , Uh          , Ql          , Uh          , Ql          , Uu          , Ql          , Uu          , Uh          , Uu          , Ql          , Ql          , Xu          , Xu          , Qlf         , Xu          , Xu          , Xu          , _off^_usr   
_off^_usr   , Xu          , Xu          , Xu          , Qlf         , Qlf         , Qlf         , Qlf         , Qlf         , Qlf         , Qlf         , Qlf         , Qlf         , Qlf         , Qlf         , Qlf         , Qlf         , Qlf         , Qlf         , Qlf         , Qlf         , Qlf         , Qlf         , Qlf         , Qlf         , Qlf         , Xu          , Qlf         , Qlf         , Qlf         , Qlf         , Qlf         , Qlf         , Qlf         , Qlf         , Qlf         , Qlf         , Qlf         , Qlf         , Qlf         , Qlf         , Qlf         , Qlf         , Qlf         , Qlf         , Qlf         , Qlf         , Qlf         , Qlf         , Xu          , Xu          , _off^_usr   
Xu          , Xu          , Qlf         , Qlf         , Qlf         , Qlf         , Qlf         , Qlf         , Qlf         , Qlf         , Qlf         , Qlf         , Qlf         , Qlf         , Qlf         , Qlf         , Qlf         , Qlf         , Qlf         , Qlf         , Qlf         , Qlf         , Qlf         , Qlf         , Qlf         , Qlf         , Xu          , Qlf         , Qlf         , Qlf         , Qlf         , Qlf         , Qlf         , Qlf         , Qlf         , Qlf         , Qlf         , Qlf         , Qlf         , Qlf         , Qlf         , Qlf         , Qlf         , Qlf         , Qlf         , Qlf         , Qlf         , Qlf         , Qlf         , Qlf         , Qlf         , Xu          
